
 Start         Length     Name                   Class
 0001:00401000 0004939CH .text                   CODE
 0002:0044B000 00000610H .itext                  ICODE
 0003:0044C000 00000ADCH .data                   DATA
 0004:0044D000 000004E0H .bss                    BSS
 0005:00000000 00000000H .tls                    TLS


Detailed map of segments

 0001:00000000 00000306 C=CODE     S=.text    G=(none)   M=System   ACBP=A9
 0001:00000308 0000015E C=CODE     S=.text    G=(none)   M=SysUtils ACBP=A9
 0001:00000468 000002EC C=CODE     S=.text    G=(none)   M=Windows  ACBP=A9
 0001:00000754 00000006 C=CODE     S=.text    G=(none)   M=Types    ACBP=A9
 0001:0000075C 0000001E C=CODE     S=.text    G=(none)   M=TypInfo  ACBP=A9
 0001:0000077C 00000006 C=CODE     S=.text    G=(none)   M=Variants ACBP=A9
 0001:00000784 00000006 C=CODE     S=.text    G=(none)   M=VarUtils ACBP=A9
 0001:0000078C 0000041E C=CODE     S=.text    G=(none)   M=Classes  ACBP=A9
 0001:00000BAC 0000040E C=CODE     S=.text    G=(none)   M=Controls ACBP=A9
 0001:00000FBC 00000006 C=CODE     S=.text    G=(none)   M=ActnList ACBP=A9
 0001:00000FC4 00000076 C=CODE     S=.text    G=(none)   M=Math     ACBP=A9
 0001:0000103C 0000023E C=CODE     S=.text    G=(none)   M=Graphics ACBP=A9
 0001:0000127C 00000046 C=CODE     S=.text    G=(none)   M=Registry ACBP=A9
 0001:000012C4 00000006 C=CODE     S=.text    G=(none)   M=IniFiles ACBP=A9
 0001:000012CC 00000006 C=CODE     S=.text    G=(none)   M=Themes   ACBP=A9
 0001:000012D4 0000001E C=CODE     S=.text    G=(none)   M=Menus    ACBP=A9
 0001:000012F4 00000006 C=CODE     S=.text    G=(none)   M=UxTheme  ACBP=A9
 0001:000012FC 00000006 C=CODE     S=.text    G=(none)   M=MultiMon ACBP=A9
 0001:00001304 00000006 C=CODE     S=.text    G=(none)   M=DwmApi   ACBP=A9
 0001:0000130C 0000019E C=CODE     S=.text    G=(none)   M=Forms    ACBP=A9
 0001:000014AC 00000006 C=CODE     S=.text    G=(none)   M=HelpIntfs ACBP=A9
 0001:000014B4 00000016 C=CODE     S=.text    G=(none)   M=Dialogs  ACBP=A9
 0001:000014CC 000001F6 C=CODE     S=.text    G=(none)   M=StdCtrls ACBP=A9
 0001:000016C4 0000005E C=CODE     S=.text    G=(none)   M=Printers ACBP=A9
 0001:00001724 00000076 C=CODE     S=.text    G=(none)   M=ExtCtrls ACBP=A9
 0001:0000179C 00000006 C=CODE     S=.text    G=(none)   M=GraphUtil ACBP=A9
 0001:000017A4 00000016 C=CODE     S=.text    G=(none)   M=Clipbrd  ACBP=A9
 0001:000017BC 00000006 C=CODE     S=.text    G=(none)   M=FlatSB   ACBP=A9
 0001:000017C4 00000006 C=CODE     S=.text    G=(none)   M=CheckLst ACBP=A9
 0001:000017CC 00000056 C=CODE     S=.text    G=(none)   M=Grids    ACBP=A9
 0001:00001824 0000004E C=CODE     S=.text    G=(none)   M=Mask     ACBP=A9
 0001:00001874 00000036 C=CODE     S=.text    G=(none)   M=Buttons  ACBP=A9
 0001:000018AC 0000008E C=CODE     S=.text    G=(none)   M=ComCtrls ACBP=A9
 0001:0000193C 00000006 C=CODE     S=.text    G=(none)   M=ExtActns ACBP=A9
 0001:00001944 00000006 C=CODE     S=.text    G=(none)   M=ExtDlgs  ACBP=A9
 0001:0000194C 00000006 C=CODE     S=.text    G=(none)   M=Mapi     ACBP=A9
 0001:00001954 00000006 C=CODE     S=.text    G=(none)   M=ComObj   ACBP=A9
 0001:0000195C 000001C3 C=CODE     S=.text    G=(none)   M=SysInit  ACBP=A9
 0001:00001B20 00000056 C=CODE     S=.text    G=(none)   M=Calendar ACBP=A9
 0001:00001B78 000003B6 C=CODE     S=.text    G=(none)   M=ORDtTmCal ACBP=A9
 0001:00001F30 0000006E C=CODE     S=.text    G=(none)   M=ORCtrls  ACBP=A9
 0001:00001FA0 00000016 C=CODE     S=.text    G=(none)   M=VAUtils  ACBP=A9
 0001:00001FB8 00000226 C=CODE     S=.text    G=(none)   M=OR2006Compatibility ACBP=A9
 0001:000021E0 0000000E C=CODE     S=.text    G=(none)   M=Rpcconf1 ACBP=A9
 0001:000021F0 00000006 C=CODE     S=.text    G=(none)   M=MFunStr  ACBP=A9
 0001:000021F8 00000006 C=CODE     S=.text    G=(none)   M=RpcNet   ACBP=A9
 0001:00002200 00000016 C=CODE     S=.text    G=(none)   M=WinSock  ACBP=A9
 0001:00002218 00000046 C=CODE     S=.text    G=(none)   M=Trpcb    ACBP=A9
 0001:00002260 00000006 C=CODE     S=.text    G=(none)   M=OleCtrls ACBP=A9
 0001:00002268 00000006 C=CODE     S=.text    G=(none)   M=AxCtrls  ACBP=A9
 0001:00002270 00000006 C=CODE     S=.text    G=(none)   M=OleServer ACBP=A9
 0001:00002278 00000006 C=CODE     S=.text    G=(none)   M=Hash     ACBP=A9
 0001:00002280 00000006 C=CODE     S=.text    G=(none)   M=CCOWRPCBroker ACBP=A9
 0001:00002288 00000006 C=CODE     S=.text    G=(none)   M=SelDiv   ACBP=A9
 0001:00002290 00000006 C=CODE     S=.text    G=(none)   M=XWBRich20 ACBP=A9
 0001:00002298 00000006 C=CODE     S=.text    G=(none)   M=Sgnoncnf ACBP=A9
 0001:000022A0 000035E6 C=CODE     S=.text    G=(none)   M=TeeConst ACBP=A9
 0001:00005888 000023A0 C=CODE     S=.text    G=(none)   M=TeeHtml  ACBP=A9
 0001:00007C28 0000CC97 C=CODE     S=.text    G=(none)   M=TeCanvas ACBP=A9
 0001:000148C0 000067A5 C=CODE     S=.text    G=(none)   M=TeeProcs ACBP=A9
 0001:0001B068 00016568 C=CODE     S=.text    G=(none)   M=TeEngine ACBP=A9
 0001:000315D0 0000A3EA C=CODE     S=.text    G=(none)   M=Chart    ACBP=A9
 0001:0003B9BC 00006790 C=CODE     S=.text    G=(none)   M=ORFn     ACBP=A9
 0001:0004214C 00001441 C=CODE     S=.text    G=(none)   M=ORNet    ACBP=A9
 0001:00043590 00004E46 C=CODE     S=.text    G=(none)   M=ORDtTm   ACBP=A9
 0001:000483D8 00000BFA C=CODE     S=.text    G=(none)   M=ORDtTmRng ACBP=A9
 0001:00048FD4 000003C7 C=CODE     S=.text    G=(none)   M=.ORDateLib2006 ACBP=A9
 0002:00000000 00000006 C=ICODE    S=.itext   G=(none)   M=System   ACBP=A9
 0002:00000008 00000006 C=ICODE    S=.itext   G=(none)   M=SysUtils ACBP=A9
 0002:00000010 00000011 C=ICODE    S=.itext   G=(none)   M=Windows  ACBP=A9
 0002:00000024 00000006 C=ICODE    S=.itext   G=(none)   M=TypInfo  ACBP=A9
 0002:0000002C 00000006 C=ICODE    S=.itext   G=(none)   M=Variants ACBP=A9
 0002:00000034 00000006 C=ICODE    S=.itext   G=(none)   M=VarUtils ACBP=A9
 0002:0000003C 00000006 C=ICODE    S=.itext   G=(none)   M=Classes  ACBP=A9
 0002:00000044 00000006 C=ICODE    S=.itext   G=(none)   M=Controls ACBP=A9
 0002:0000004C 00000006 C=ICODE    S=.itext   G=(none)   M=ActnList ACBP=A9
 0002:00000054 00000006 C=ICODE    S=.itext   G=(none)   M=Graphics ACBP=A9
 0002:0000005C 00000006 C=ICODE    S=.itext   G=(none)   M=Registry ACBP=A9
 0002:00000064 00000006 C=ICODE    S=.itext   G=(none)   M=IniFiles ACBP=A9
 0002:0000006C 00000006 C=ICODE    S=.itext   G=(none)   M=Themes   ACBP=A9
 0002:00000074 00000006 C=ICODE    S=.itext   G=(none)   M=Menus    ACBP=A9
 0002:0000007C 00000006 C=ICODE    S=.itext   G=(none)   M=UxTheme  ACBP=A9
 0002:00000084 00000006 C=ICODE    S=.itext   G=(none)   M=MultiMon ACBP=A9
 0002:0000008C 00000006 C=ICODE    S=.itext   G=(none)   M=DwmApi   ACBP=A9
 0002:00000094 00000006 C=ICODE    S=.itext   G=(none)   M=Forms    ACBP=A9
 0002:0000009C 00000006 C=ICODE    S=.itext   G=(none)   M=HelpIntfs ACBP=A9
 0002:000000A4 00000006 C=ICODE    S=.itext   G=(none)   M=Dialogs  ACBP=A9
 0002:000000AC 00000006 C=ICODE    S=.itext   G=(none)   M=Printers ACBP=A9
 0002:000000B4 00000006 C=ICODE    S=.itext   G=(none)   M=ExtCtrls ACBP=A9
 0002:000000BC 00000006 C=ICODE    S=.itext   G=(none)   M=GraphUtil ACBP=A9
 0002:000000C4 00000006 C=ICODE    S=.itext   G=(none)   M=Clipbrd  ACBP=A9
 0002:000000CC 00000006 C=ICODE    S=.itext   G=(none)   M=FlatSB   ACBP=A9
 0002:000000D4 00000006 C=ICODE    S=.itext   G=(none)   M=CheckLst ACBP=A9
 0002:000000DC 00000006 C=ICODE    S=.itext   G=(none)   M=Buttons  ACBP=A9
 0002:000000E4 00000006 C=ICODE    S=.itext   G=(none)   M=ComCtrls ACBP=A9
 0002:000000EC 00000006 C=ICODE    S=.itext   G=(none)   M=ExtActns ACBP=A9
 0002:000000F4 00000006 C=ICODE    S=.itext   G=(none)   M=ExtDlgs  ACBP=A9
 0002:000000FC 00000006 C=ICODE    S=.itext   G=(none)   M=Mapi     ACBP=A9
 0002:00000104 00000006 C=ICODE    S=.itext   G=(none)   M=ComObj   ACBP=A9
 0002:0000010C 00000008 C=ICODE    S=.itext   G=(none)   M=ORDtTmCal ACBP=A9
 0002:00000114 00000006 C=ICODE    S=.itext   G=(none)   M=ORCtrls  ACBP=A9
 0002:0000011C 00000006 C=ICODE    S=.itext   G=(none)   M=VAUtils  ACBP=A9
 0002:00000124 00000008 C=ICODE    S=.itext   G=(none)   M=OR2006Compatibility ACBP=A9
 0002:0000012C 00000006 C=ICODE    S=.itext   G=(none)   M=Rpcconf1 ACBP=A9
 0002:00000134 00000006 C=ICODE    S=.itext   G=(none)   M=MFunStr  ACBP=A9
 0002:0000013C 00000006 C=ICODE    S=.itext   G=(none)   M=RpcNet   ACBP=A9
 0002:00000144 00000006 C=ICODE    S=.itext   G=(none)   M=Trpcb    ACBP=A9
 0002:0000014C 00000006 C=ICODE    S=.itext   G=(none)   M=OleCtrls ACBP=A9
 0002:00000154 00000006 C=ICODE    S=.itext   G=(none)   M=AxCtrls  ACBP=A9
 0002:0000015C 00000006 C=ICODE    S=.itext   G=(none)   M=OleServer ACBP=A9
 0002:00000164 00000006 C=ICODE    S=.itext   G=(none)   M=Hash     ACBP=A9
 0002:0000016C 00000006 C=ICODE    S=.itext   G=(none)   M=CCOWRPCBroker ACBP=A9
 0002:00000174 00000006 C=ICODE    S=.itext   G=(none)   M=SelDiv   ACBP=A9
 0002:0000017C 00000006 C=ICODE    S=.itext   G=(none)   M=XWBRich20 ACBP=A9
 0002:00000184 00000006 C=ICODE    S=.itext   G=(none)   M=Sgnoncnf ACBP=A9
 0002:0000018C 00000036 C=ICODE    S=.itext   G=(none)   M=TeeConst ACBP=A9
 0002:000001C4 0000002C C=ICODE    S=.itext   G=(none)   M=TeeHtml  ACBP=A9
 0002:000001F0 0000004F C=ICODE    S=.itext   G=(none)   M=TeCanvas ACBP=A9
 0002:00000240 00000084 C=ICODE    S=.itext   G=(none)   M=TeeProcs ACBP=A9
 0002:000002C4 000000A8 C=ICODE    S=.itext   G=(none)   M=TeEngine ACBP=A9
 0002:0000036C 00000168 C=ICODE    S=.itext   G=(none)   M=Chart    ACBP=A9
 0002:000004D4 00000090 C=ICODE    S=.itext   G=(none)   M=ORFn     ACBP=A9
 0002:00000564 00000084 C=ICODE    S=.itext   G=(none)   M=ORNet    ACBP=A9
 0002:000005E8 00000018 C=ICODE    S=.itext   G=(none)   M=ORDtTm   ACBP=A9
 0002:00000600 00000008 C=ICODE    S=.itext   G=(none)   M=ORDtTmRng ACBP=A9
 0002:00000608 00000005 C=ICODE    S=.itext   G=(none)   M=.ORDateLib2006 ACBP=A9
 0003:00000000 00000030 C=DATA     S=.data    G=DGROUP   M=SysInit  ACBP=A9
 0003:00000030 00000011 C=DATA     S=.data    G=DGROUP   M=TeeConst ACBP=A9
 0003:00000044 00000098 C=DATA     S=.data    G=DGROUP   M=TeCanvas ACBP=A9
 0003:000000DC 00000158 C=DATA     S=.data    G=DGROUP   M=TeeProcs ACBP=A9
 0003:00000234 0000004C C=DATA     S=.data    G=DGROUP   M=TeEngine ACBP=A9
 0003:00000280 0000022C C=DATA     S=.data    G=DGROUP   M=Chart    ACBP=A9
 0003:000004AC 00000510 C=DATA     S=.data    G=DGROUP   M=ORFn     ACBP=A9
 0003:000009BC 0000000E C=DATA     S=.data    G=DGROUP   M=ORNet    ACBP=A9
 0003:000009CC 00000030 C=DATA     S=.data    G=DGROUP   M=ORDtTm   ACBP=A9
 0004:00000000 00000008 C=BSS      S=.bss     G=DGROUP   M=Windows  ACBP=A9
 0004:00000008 0000000C C=BSS      S=.bss     G=DGROUP   M=SysInit  ACBP=A9
 0004:00000014 00000004 C=BSS      S=.bss     G=DGROUP   M=ORDtTmCal ACBP=A9
 0004:00000018 00000008 C=BSS      S=.bss     G=DGROUP   M=OR2006Compatibility ACBP=A9
 0004:00000020 00000454 C=BSS      S=.bss     G=DGROUP   M=TeeConst ACBP=A9
 0004:00000474 00000014 C=BSS      S=.bss     G=DGROUP   M=TeeHtml  ACBP=A9
 0004:00000488 0000000C C=BSS      S=.bss     G=DGROUP   M=TeCanvas ACBP=A9
 0004:00000494 00000008 C=BSS      S=.bss     G=DGROUP   M=TeeProcs ACBP=A9
 0004:0000049C 00000008 C=BSS      S=.bss     G=DGROUP   M=TeEngine ACBP=A9
 0004:000004A4 00000004 C=BSS      S=.bss     G=DGROUP   M=Chart    ACBP=A9
 0004:000004A8 00000010 C=BSS      S=.bss     G=DGROUP   M=ORFn     ACBP=A9
 0004:000004B8 00000015 C=BSS      S=.bss     G=DGROUP   M=ORNet    ACBP=A9
 0004:000004D0 0000000C C=BSS      S=.bss     G=DGROUP   M=ORDtTm   ACBP=A9
 0004:000004DC 00000004 C=BSS      S=.bss     G=DGROUP   M=ORDtTmRng ACBP=A9


  Address             Publics by Name

 0002:00000608       .ORDateLib2006..ORDateLib2006
 0001:0004937C       .ORDateLib2006.@GetPackageInfoTable
 0001:00049384       .ORDateLib2006.@PackageLoad
 0001:00049390       .ORDateLib2006.@PackageUnload
 0004:000004A4       Chart..42
 0001:000319F0       Chart..LegendException
 0001:000333F0       Chart..TChart
 0001:00032F3C       Chart..TChartBackWall
 0001:00032B5C       Chart..TChartFootTitle
 0001:00032270       Chart..TChartLegend
 0001:00031850       Chart..TChartLegendGradient
 0001:00033018       Chart..TChartRightWall
 0001:000349B4       Chart..TChartTheme
 0001:0003283C       Chart..TChartTitle
 0001:0003166C       Chart..TChartWall
 0001:000330F4       Chart..TChartWalls
 0001:00034898       Chart..TColorPalettes
 0001:000331F0       Chart..TCustomChart
 0001:000321C8       Chart..TCustomChartLegend
 0001:000315D0       Chart..TCustomChartWall
 0001:00031FD4       Chart..TLegendItem
 0001:000320EC       Chart..TLegendItems
 0001:00031C08       Chart..TLegendSymbol
 0001:00031ED4       Chart..TLegendTitle
 0001:00031DF0       Chart..TTeeCustomShapePosition
 0001:000347F0       Chart..TTeeDragObject
 0001:000346C8       Chart..TTeeSeriesTypes
 0001:0003475C       Chart..TTeeToolTypes
 0003:00000280       Chart.AnimatedZoomFactor
 0001:0003A9E8       Chart.AssignSeries
 0001:00036DC4       Chart.CalcAxisScale
 0001:000366B0       Chart.CalcBottomWallPoints
 0001:00039B58       Chart.CalcColumnsWidth
 0001:00039994       Chart.CalcHorizontalPositions
 0001:00039ED0       Chart.CalcMargin
 0001:000395B0       Chart.CalcMaxLegendValues
 0001:00039940       Chart.CalcSymbolTextPos
 0001:00039664       Chart.CalcTotalItems
 0001:00034E68       Chart.CalculateYPos
 0001:00039D64       Chart.CalcVerticalPositions
 0001:00039CB0       Chart.CalcWidths
 0001:0003AE20       Chart.ChangeAllSeriesType
 0001:0003ADDC       Chart.ChangeSeriesType
 0002:0000036C       Chart.Chart
 0001:0003750C       Chart.CheckBackground
 0001:00037578       Chart.CheckTitle
 0001:000373C8       Chart.CheckZoomPanning
 0003:00000388       Chart.ClassicPalette
 0001:00036F8C       Chart.ClickedAxis
 0001:00036FC0       Chart.ClickedLegend
 0001:0003A5E0       Chart.ClickedRow
 0001:0003AD88       Chart.CloneChartSeries
 0001:0003AD7C       Chart.CloneChartSeries
 0001:0003AD94       Chart.CloneChartSeries
 0003:00000294       Chart.ColorPalettes
 0001:00036410       Chart.CreateBlender
 0001:0003ACC4       Chart.CreateNewSeries
 0001:0003AC44       Chart.CreateNewTeeFunction
 0001:000382A4       Chart.DoColorPaletteIndex
 0001:00035E74       Chart.DoDrawTitle
 0001:00036BBC       Chart.DoZoomAnimated
 0001:00035DFC       Chart.DrawAxisAfter
 0001:00035E34       Chart.DrawAxisGridAfter
 0001:00036294       Chart.DrawBackWallGradient
 0001:000367AC       Chart.DrawBottomWall
 0001:0003971C       Chart.DrawItems
 0001:0003902C       Chart.DrawLegendItem
 0001:00038EEC       Chart.DrawSymbol
 0001:00035E8C       Chart.DrawTitleFoot
 0001:00034E98       Chart.DrawTitleLine
 0001:0003B2F8       Chart.DrawTitleLine
 0003:000002AC       Chart.ExcelPalette
 0001:0003B96C       Chart.Finalization
 0001:0003B178       Chart.GetGallerySeriesName
 0001:000398A8       Chart.GetItems
 0001:0003A658       Chart.GetLegendBounds
 0001:00039B08       Chart.GetLegendRectangle
 0001:0003A9C0       Chart.GetNewSeriesName
 0001:0003AFE4       Chart.InternalUnRegister
 0001:00036FFC       Chart.LegendOnTop
 0001:00039608       Chart.MaxLegendValues
 0003:000003DC       Chart.ModernPalette
 0001:0003A8AC       Chart.PaintSeriesLegend
 0001:000379A8       Chart.PanAxis
 0003:00000330       Chart.PastelsPalette
 0001:00037914       Chart.ProcessPanning
 0003:00000414       Chart.RainbowPalette
 0001:0003AFD4       Chart.RegisterTeeBasicFunction
 0001:0003AFBC       Chart.RegisterTeeFunction
 0001:0003AF94       Chart.RegisterTeeSeries
 0001:0003AFAC       Chart.RegisterTeeSeries
 0001:0003AEFC       Chart.RegisterTeeSeriesFunction
 0001:0003B0DC       Chart.RegisterTeeTools
 0001:0003A020       Chart.ResizeChartRect
 0001:00034FAC       Chart.ResizeChartRect
 0001:00039EE8       Chart.ResizeChartRect
 0001:00039E20       Chart.ResizeVertical
 0001:000397AC       Chart.SetItem
 0001:00038FAC       Chart.SetRightAlign
 0003:00000368       Chart.SolidPalette
 0001:00034CE8       Chart.TChartBackWall.Create
 0001:000353F0       Chart.TChartFootTitle.Create
 0001:000383F0       Chart.TChartLegendGradient.Create
 0001:0003B944       Chart.TChartTheme.Apply
 0001:0003B908       Chart.TChartTheme.Create
 0001:0003B948       Chart.TChartTheme.Description
 0001:00034E00       Chart.TChartTitle.Assign
 0001:000353E8       Chart.TChartTitle.Clear
 0001:00034E40       Chart.TChartTitle.Clicked
 0001:00034D38       Chart.TChartTitle.Create
 0001:00034DD0       Chart.TChartTitle.Destroy
 0001:0003500C       Chart.TChartTitle.DrawTitle
 0001:0003539C       Chart.TChartTitle.GetCaption
 0001:00035344       Chart.TChartTitle.GetShapeBounds
 0001:00035354       Chart.TChartTitle.SetAdjustFrame
 0001:00035364       Chart.TChartTitle.SetAlignment
 0001:000353C8       Chart.TChartTitle.SetCaption
 0001:00035380       Chart.TChartTitle.SetText
 0001:0003552C       Chart.TChartWalls.Assign
 0001:00035468       Chart.TChartWalls.Create
 0001:00035580       Chart.TChartWalls.Destroy
 0001:000355F8       Chart.TChartWalls.GetVisible
 0001:000355C8       Chart.TChartWalls.SetBack
 0001:000355D4       Chart.TChartWalls.SetBottom
 0001:000355E0       Chart.TChartWalls.SetLeft
 0001:000355EC       Chart.TChartWalls.SetRight
 0001:00035610       Chart.TChartWalls.SetSize
 0001:00035604       Chart.TChartWalls.SetVisible
 0001:0003B890       Chart.TColorPalettes.ApplyPalette
 0001:0003B79C       Chart.TColorPalettes.ApplyPalette
 0001:00036108       Chart.TCustomChart.ActiveSeriesUseAxis
 0001:00038054       Chart.TCustomChart.Assign
 0001:00037294       Chart.TCustomChart.AxisTitleOrName
 0001:00037350       Chart.TCustomChart.BroadcastMouseEvent
 0001:00036F58       Chart.TCustomChart.CalcClickedPart
 0001:00037014       Chart.TCustomChart.CalcNeedClickedPart
 0001:000360A4       Chart.TCustomChart.CalcWallSize
 0001:00037F84       Chart.TCustomChart.CalcWallsRect
 0001:00037DAC       Chart.TCustomChart.CalcZoomPoints
 0001:00035644       Chart.TCustomChart.Create
 0001:000382E0       Chart.TCustomChart.DefineProperties
 0001:000357A4       Chart.TCustomChart.Destroy
 0001:00037CD8       Chart.TCustomChart.DoMouseWheel
 0001:00037D00       Chart.TCustomChart.DoMouseWheelDown
 0001:00037D40       Chart.TCustomChart.DoMouseWheelUp
 0001:00036C6C       Chart.TCustomChart.DoZoom
 0001:00036474       Chart.TCustomChart.DrawBackWall
 0001:000361A4       Chart.TCustomChart.DrawLeftWall
 0001:00035DF0       Chart.TCustomChart.DrawLeftWallFirst
 0001:000383AC       Chart.TCustomChart.DrawLegendShape
 0001:00035BC8       Chart.TCustomChart.DrawRightWall
 0001:00035DDC       Chart.TCustomChart.DrawRightWallAfter
 0001:00035EE4       Chart.TCustomChart.DrawTitlesAndLegend
 0001:00035D04       Chart.TCustomChart.DrawWallFirst
 0001:00036970       Chart.TCustomChart.DrawWalls
 0001:00038134       Chart.TCustomChart.FillSeriesSourceItems
 0001:0003813C       Chart.TCustomChart.FillValueSourceItems
 0001:000358A8       Chart.TCustomChart.FormattedLegend
 0001:00035824       Chart.TCustomChart.FormattedValueLegend
 0001:000381A8       Chart.TCustomChart.GetASeries
 0001:00035A98       Chart.TCustomChart.GetBackColor
 0001:00035A34       Chart.TCustomChart.GetBackWall
 0001:00035A40       Chart.TCustomChart.GetBottomWall
 0001:000380E4       Chart.TCustomChart.GetChildren
 0001:00035A64       Chart.TCustomChart.GetFrame
 0001:00035A4C       Chart.TCustomChart.GetLeftWall
 0001:00035A58       Chart.TCustomChart.GetRightWall
 0001:00035864       Chart.TCustomChart.InternalFormattedLegend
 0001:00035AF0       Chart.TCustomChart.IsFreeSeriesColor
 0001:000375FC       Chart.TCustomChart.MouseDown
 0001:00037A5C       Chart.TCustomChart.MouseMove
 0001:00037E70       Chart.TCustomChart.MouseUp
 0001:00036B14       Chart.TCustomChart.NextPage
 0001:00036150       Chart.TCustomChart.PrepareWallCanvas
 0001:00036B48       Chart.TCustomChart.PreviousPage
 0001:00038220       Chart.TCustomChart.ReadBackColor
 0001:00038374       Chart.TCustomChart.ReadColorPalette
 0001:00036B68       Chart.TCustomChart.RemoveAllSeries
 0001:00035980       Chart.TCustomChart.RestoreScales
 0001:000358D4       Chart.TCustomChart.SaveScales
 0001:00037C54       Chart.TCustomChart.ScrollVerticalAxes
 0001:00036AE8       Chart.TCustomChart.SeriesDown
 0001:00036AC8       Chart.TCustomChart.SeriesUp
 0001:00035ABC       Chart.TCustomChart.SetBackColor
 0001:00035A28       Chart.TCustomChart.SetBackWall
 0001:00035BB0       Chart.TCustomChart.SetBottomWall
 0001:000381FC       Chart.TCustomChart.SetFoot
 0001:00035A7C       Chart.TCustomChart.SetFrame
 0001:00035BA4       Chart.TCustomChart.SetLeftWall
 0001:000358C8       Chart.TCustomChart.SetLegend
 0001:00035BBC       Chart.TCustomChart.SetRightWall
 0001:000383A4       Chart.TCustomChart.SetScrollMouseButton
 0001:00038214       Chart.TCustomChart.SetSubFoot
 0001:00038208       Chart.TCustomChart.SetSubTitle
 0001:000381E4       Chart.TCustomChart.SetTitle
 0001:000381F0       Chart.TCustomChart.SetWalls
 0001:00037D80       Chart.TCustomChart.UndoZoom
 0001:00038294       Chart.TCustomChart.WriteColorPalette
 0001:00036EAC       Chart.TCustomChart.ZoomPercent
 0001:00036D94       Chart.TCustomChart.ZoomRect
 0001:000389E4       Chart.TCustomChartLegend.Assign
 0001:00038E44       Chart.TCustomChartLegend.CalcItemHeight
 0001:00038CB0       Chart.TCustomChartLegend.CalcLegendStyle
 0001:0003A6AC       Chart.TCustomChartLegend.Clicked
 0001:0003889C       Chart.TCustomChartLegend.Create
 0001:0003899C       Chart.TCustomChartLegend.Destroy
 0001:0003A82C       Chart.TCustomChartLegend.DoMouseDown
 0001:0003A04C       Chart.TCustomChartLegend.DrawLegend
 0001:00038EAC       Chart.TCustomChartLegend.FirstItemTop
 0001:00038CE8       Chart.TCustomChartLegend.FormattedLegend
 0001:0003A544       Chart.TCustomChartLegend.FormattedValue
 0001:0003A80C       Chart.TCustomChartLegend.GetGradientClass
 0001:00038DA0       Chart.TCustomChartLegend.GetItem
 0001:00038DC4       Chart.TCustomChartLegend.GetLegendSeries
 0001:00038DAC       Chart.TCustomChartLegend.GetRectLegend
 0001:00038DBC       Chart.TCustomChartLegend.GetSymbolWidth
 0001:00038D8C       Chart.TCustomChartLegend.GetVertical
 0001:0003A814       Chart.TCustomChartLegend.HasCheckBoxes
 0001:00038E20       Chart.TCustomChartLegend.PrepareSymbolPen
 0001:00038AC0       Chart.TCustomChartLegend.SetAlignment
 0001:00038BB8       Chart.TCustomChartLegend.SetCheckBoxes
 0001:00038BC8       Chart.TCustomChartLegend.SetCheckBoxesStyle
 0001:00038B28       Chart.TCustomChartLegend.SetCurrentPage
 0001:00038D70       Chart.TCustomChartLegend.SetDividingLines
 0001:00038ADC       Chart.TCustomChartLegend.SetFirstValue
 0001:00038B38       Chart.TCustomChartLegend.SetFontSeriesColor
 0001:00038B08       Chart.TCustomChartLegend.SetHorizMargin
 0001:00038B18       Chart.TCustomChartLegend.SetInverted
 0001:00038B48       Chart.TCustomChartLegend.SetLeftPercent
 0001:00038B58       Chart.TCustomChartLegend.SetLegendStyle
 0001:00038B7C       Chart.TCustomChartLegend.SetMaxNumRows
 0001:00038B8C       Chart.TCustomChartLegend.SetPosUnits
 0001:00038BA8       Chart.TCustomChartLegend.SetResizeChart
 0001:0003A5C8       Chart.TCustomChartLegend.SetSeries
 0001:00038D7C       Chart.TCustomChartLegend.SetSymbol
 0001:00038CA4       Chart.TCustomChartLegend.SetSymbolWidth
 0001:00038C38       Chart.TCustomChartLegend.SetTextStyle
 0001:0003AE84       Chart.TCustomChartLegend.SetTitle
 0001:00038C54       Chart.TCustomChartLegend.SetTopLeftPos
 0001:00038C68       Chart.TCustomChartLegend.SetTopPercent
 0001:00038C7C       Chart.TCustomChartLegend.SetVertMargin
 0001:00038C90       Chart.TCustomChartLegend.SetVertSpacing
 0001:0003AE5C       Chart.TCustomChartLegend.ShouldDraw
 0001:00034ADC       Chart.TCustomChartWall.ApplyDark3D
 0001:00034AA0       Chart.TCustomChartWall.Assign
 0001:00034A48       Chart.TCustomChartWall.Create
 0001:00034B08       Chart.TCustomChartWall.GetPen
 0001:00034B4C       Chart.TCustomChartWall.HasGradient
 0001:00034B34       Chart.TCustomChartWall.InitColor
 0001:00034A94       Chart.TCustomChartWall.IsColorStored
 0001:00034CB8       Chart.TCustomChartWall.SetAutoHide
 0001:00034B24       Chart.TCustomChartWall.SetDark3D
 0001:00034B0C       Chart.TCustomChartWall.SetPen
 0001:00034B14       Chart.TCustomChartWall.SetSize
 0001:00034CC8       Chart.TCustomChartWall.ShouldDraw
 0001:00034B60       Chart.TCustomChartWall.TryDrawWall
 0003:000002A8       Chart.TeeNewChartHook
 0003:000002A0       Chart.TeePageNumToolClass
 0003:00000288       Chart.TeeScrollKeyShift
 0003:00000298       Chart.TeeSeriesTypes
 0003:000002A4       Chart.TeeThemeSelectorHook
 0003:0000028C       Chart.TeeTitleFootDistance
 0003:0000029C       Chart.TeeToolTypes
 0003:00000290       Chart.TeeUseMouseWheel
 0001:000387D0       Chart.TLegendItem.SetText
 0001:0003885C       Chart.TLegendItems.Clear
 0001:0003880C       Chart.TLegendItems.Get
 0001:000385DC       Chart.TLegendSymbol.Assign
 0001:00038638       Chart.TLegendSymbol.CalcWidth
 0001:000385D4       Chart.TLegendSymbol.CanvasChanged
 0001:00038524       Chart.TLegendSymbol.Create
 0001:0003859C       Chart.TLegendSymbol.Destroy
 0001:00038740       Chart.TLegendSymbol.Draw
 0001:00038690       Chart.TLegendSymbol.Repaint
 0001:000386E4       Chart.TLegendSymbol.SetBooleanProperty
 0001:000386F0       Chart.TLegendSymbol.SetContinuous
 0001:00038708       Chart.TLegendSymbol.SetDefaultPen
 0001:00038730       Chart.TLegendSymbol.SetGradient
 0001:00038718       Chart.TLegendSymbol.SetPen
 0001:000386D4       Chart.TLegendSymbol.SetPosition
 0001:00038724       Chart.TLegendSymbol.SetSquared
 0001:000386FC       Chart.TLegendSymbol.SetVisible
 0001:000386A4       Chart.TLegendSymbol.SetWidth
 0001:000386C4       Chart.TLegendSymbol.SetWidthUnits
 0001:0003B1C8       Chart.TLegendTitle.Assign
 0001:0003B644       Chart.TLegendTitle.CalcHeight
 0001:0003B6D4       Chart.TLegendTitle.CalcShapeBounds
 0001:0003B200       Chart.TLegendTitle.Create
 0001:0003B2B4       Chart.TLegendTitle.Destroy
 0001:0003B40C       Chart.TLegendTitle.DrawText
 0001:0003B750       Chart.TLegendTitle.GetCaption
 0001:0003B77C       Chart.TLegendTitle.SetCaption
 0001:0003B528       Chart.TLegendTitle.SetText
 0001:0003B544       Chart.TLegendTitle.SetTextAlign
 0001:0003B2E4       Chart.TLegendTitle.TextChanged
 0001:0003B560       Chart.TLegendTitle.TotalWidth
 0001:000384BC       Chart.TTeeCustomShapePosition.Assign
 0001:00038510       Chart.TTeeCustomShapePosition.GetLeft
 0001:00038514       Chart.TTeeCustomShapePosition.GetTop
 0001:00038518       Chart.TTeeCustomShapePosition.IsCustomStored
 0001:00038454       Chart.TTeeCustomShapePosition.SetCustomPosition
 0001:00038474       Chart.TTeeCustomShapePosition.SetLeft
 0001:00038498       Chart.TTeeCustomShapePosition.SetTop
 0001:0003B07C       Chart.TTeeDragObject.Create
 0001:0003B0C8       Chart.TTeeDragObject.Finished
 0001:0003B0B0       Chart.TTeeDragObject.GetDragCursor
 0001:0003AE90       Chart.TTeeSeriesTypes.Clear
 0001:0003AEC8       Chart.TTeeSeriesTypes.Find
 0001:0003AEC0       Chart.TTeeSeriesTypes.Get
 0001:0003B0D4       Chart.TTeeToolTypes.Get
 0001:0003B05C       Chart.UnRegisterTeeFunctions
 0001:0003B03C       Chart.UnRegisterTeeSeries
 0001:0003B12C       Chart.UnRegisterTeeTools
 0003:00000304       Chart.VictorianPalette
 0003:000003B8       Chart.WebPalette
 0003:00000478       Chart.WindowsXPPalette
 0001:00036B84       Chart.ZoomAxis
 0004:0000001C       OR2006Compatibility..2
 0001:00001FB8       OR2006Compatibility..Tfrm2006Compatibility
 0001:000021B0       OR2006Compatibility.Finalization
 0004:00000018       OR2006Compatibility.frm2006Compatibility
 0002:00000124       OR2006Compatibility.OR2006Compatibility
 0001:0000215C       OR2006Compatibility.Tfrm2006Compatibility.CreateNew
 0004:000004D0       ORDtTm..01
 0001:00043E84       ORDtTm..TORDateBox
 0001:00043AD0       ORDtTm..TORDateButton
 0001:0004457C       ORDtTm..TORDateCombo
 0001:00043C38       ORDtTm..TORDateEdit
 0001:00043998       ORDtTm..TORDateTimeDlg
 0001:000440DC       ORDtTm..TORDayCombo
 0001:00043590       ORDtTm..TORfrmDtTm
 0001:00044230       ORDtTm..TORMonthCombo
 0001:0004438C       ORDtTm..TORYearEdit
 0001:0004491C       ORDtTm.ActiveBroker
 0003:000009CC       ORDtTm.DaysInMonth
 0001:00046654       ORDtTm.DaysPerMonth
 0001:000483A8       ORDtTm.Finalization
 0001:00046608       ORDtTm.IsLeapYear
 0001:00044CA0       ORDtTm.LoadEllipsis
 0002:000005E8       ORDtTm.ORDtTm
 0001:0004832C       ORDtTm.Register
 0001:00044B1C       ORDtTm.RelativeDateTime
 0001:00044948       ORDtTm.ServerFMNow
 0001:000449EC       ORDtTm.ServerNow
 0001:00044A74       ORDtTm.ServerParseFMDate
 0001:00044A24       ORDtTm.ServerToday
 0001:00045B6C       ORDtTm.TORDateBox.ButtonClick
 0001:00045D1C       ORDtTm.TORDateBox.Change
 0001:000458E0       ORDtTm.TORDateBox.Create
 0001:000465B4       ORDtTm.TORDateBox.GetCaption
 0001:000465D8       ORDtTm.TORDateBox.GetDynamicProperty
 0001:00045D80       ORDtTm.TORDateBox.GetFMDateTime
 0001:00045E2C       ORDtTm.TORDateBox.GetRelativeTime
 0001:000463E8       ORDtTm.TORDateBox.IsValid
 0001:00045D38       ORDtTm.TORDateBox.KeyDown
 0001:00046498       ORDtTm.TORDateBox.SetBlackColorMode
 0001:000464E0       ORDtTm.TORDateBox.SetCaption
 0001:00045F74       ORDtTm.TORDateBox.SetDateOnly
 0001:000460DC       ORDtTm.TORDateBox.SetEditRect
 0001:00046588       ORDtTm.TORDateBox.SetEnabled
 0001:00046024       ORDtTm.TORDateBox.SetFMDateTime
 0001:00046050       ORDtTm.TORDateBox.SetRequireTime
 0001:00045A8C       ORDtTm.TORDateBox.SetTemplateField
 0001:00045B50       ORDtTm.TORDateBox.SupportsDynamicProperty
 0001:00046144       ORDtTm.TORDateBox.UpdateText
 0001:0004625C       ORDtTm.TORDateBox.Validate
 0001:00045A00       ORDtTm.TORDateBox.WMSize
 0001:000479C4       ORDtTm.TORDateCombo.BtnClicked
 0001:00047888       ORDtTm.TORDateCombo.CheckDays
 0001:00048128       ORDtTm.TORDateCombo.CMFontChanged
 0001:000466F0       ORDtTm.TORDateCombo.Create
 0001:00047F94       ORDtTm.TORDateCombo.DateText
 0001:00047694       ORDtTm.TORDateCombo.DayChanged
 0001:0004679C       ORDtTm.TORDateCombo.Destroy
 0001:000480E0       ORDtTm.TORDateCombo.DoChange
 0001:00047E1C       ORDtTm.TORDateCombo.GetFMDate
 0001:00046818       ORDtTm.TORDateCombo.GetYearSize
 0001:00046854       ORDtTm.TORDateCombo.InitDays
 0001:000469E4       ORDtTm.TORDateCombo.InitMonths
 0001:0004796C       ORDtTm.TORDateCombo.Loaded
 0001:000476E4       ORDtTm.TORDateCombo.MonthChanged
 0001:00047998       ORDtTm.TORDateCombo.Paint
 0001:00046B44       ORDtTm.TORDateCombo.Rebuild
 0001:0004810C       ORDtTm.TORDateCombo.Resized
 0001:00047228       ORDtTm.TORDateCombo.SetBlackColorMode
 0001:0004727C       ORDtTm.TORDateCombo.SetDay
 0001:00047E78       ORDtTm.TORDateCombo.SetFMDate
 0001:00047338       ORDtTm.TORDateCombo.SetIncludeBtn
 0001:00047370       ORDtTm.TORDateCombo.SetIncludeDay
 0001:000473CC       ORDtTm.TORDateCombo.SetIncludeMonth
 0001:000474B0       ORDtTm.TORDateCombo.SetLongMonths
 0001:00047428       ORDtTm.TORDateCombo.SetMonth
 0001:00048370       ORDtTm.TORDateCombo.SetTemplateField
 0001:000474E8       ORDtTm.TORDateCombo.SetYear
 0001:00048150       ORDtTm.TORDateCombo.Text
 0001:0004773C       ORDtTm.TORDateCombo.YearChanged
 0001:00047D2C       ORDtTm.TORDateCombo.YearKeyPress
 0001:00047B80       ORDtTm.TORDateCombo.YearUDChange
 0001:000458B0       ORDtTm.TORDateEdit.CreateParams
 0001:00045480       ORDtTm.TORDateTimeDlg.Create
 0001:000454EC       ORDtTm.TORDateTimeDlg.Execute
 0001:000457E8       ORDtTm.TORDateTimeDlg.GetFMDateTime
 0001:0004580C       ORDtTm.TORDateTimeDlg.SetDateOnly
 0001:00045850       ORDtTm.TORDateTimeDlg.SetFMDateTime
 0001:00045884       ORDtTm.TORDateTimeDlg.SetRequireTime
 0001:00044D88       ORDtTm.TORfrmDtTm.calSelectChange
 0001:00045444       ORDtTm.TORfrmDtTm.cmdCancelClick
 0001:00045208       ORDtTm.TORfrmDtTm.cmdMidnightClick
 0001:00045164       ORDtTm.TORfrmDtTm.cmdNowClick
 0001:0004523C       ORDtTm.TORfrmDtTm.cmdOKClick
 0001:00044F00       ORDtTm.TORfrmDtTm.cmdTodayClick
 0001:00044D48       ORDtTm.TORfrmDtTm.FormCreate
 0001:00044E90       ORDtTm.TORfrmDtTm.imgNextMonthClick
 0001:00044E48       ORDtTm.TORfrmDtTm.imgNextMonthMouseDown
 0001:00044ED8       ORDtTm.TORfrmDtTm.imgNextMonthMouseUp
 0001:00044E70       ORDtTm.TORfrmDtTm.imgPrevMonthClick
 0001:00044E20       ORDtTm.TORfrmDtTm.imgPrevMonthMouseDown
 0001:00044EB0       ORDtTm.TORfrmDtTm.imgPrevMonthMouseUp
 0001:00045464       ORDtTm.TORfrmDtTm.Loaded
 0001:00044FB4       ORDtTm.TORfrmDtTm.lstHourClick
 0001:00045068       ORDtTm.TORfrmDtTm.lstMinuteClick
 0001:00044F64       ORDtTm.TORfrmDtTm.txtTimeChange
 0001:000466A8       ORDtTm.TORYearEdit.SetTemplateField
 0004:000004D4       ORDtTm.uServerToday
 0004:00000014       ORDtTmCal..2
 0001:00001B78       ORDtTmCal..TORCalendar
 0001:00001F00       ORDtTmCal.Finalization
 0002:0000010C       ORDtTmCal.ORDtTmCal
 0001:00001ED4       ORDtTmCal.Register
 0001:00001D08       ORDtTmCal.TORCalendar.DrawCell
 0001:00001E64       ORDtTmCal.TORCalendar.KeyDown
 0004:000004DC       ORDtTmRng..3
 0001:0004860C       ORDtTmRng..TORDateRangeDlg
 0001:000483D8       ORDtTmRng..TORfrmDateRange
 0001:00048FA4       ORDtTmRng.Finalization
 0002:00000600       ORDtTmRng.ORDtTmRng
 0001:00048E98       ORDtTmRng.Register
 0001:00048880       ORDtTmRng.TORDateRangeDlg.Create
 0001:0004894C       ORDtTmRng.TORDateRangeDlg.Execute
 0001:00048BCC       ORDtTmRng.TORDateRangeDlg.SetDateOnly
 0001:00048CC0       ORDtTmRng.TORDateRangeDlg.SetFMDateStart
 0001:00048D24       ORDtTmRng.TORDateRangeDlg.SetFMDateStop
 0001:00048C60       ORDtTmRng.TORDateRangeDlg.SetRequireTime
 0001:00048D88       ORDtTmRng.TORDateRangeDlg.SetTextOfStart
 0001:00048DA4       ORDtTmRng.TORDateRangeDlg.SetTextOfStop
 0001:00048E8C       ORDtTmRng.TORfrmDateRange.cmdCancelClick
 0001:00048DC0       ORDtTmRng.TORfrmDateRange.cmdOKClick
 0001:00048EC4       ORDtTmRng.TORfrmDateRange.FormCreate
 0001:00048F70       ORDtTmRng.TORfrmDateRange.FormDestroy
 0001:00048F8C       ORDtTmRng.TORfrmDateRange.Loaded
 0004:000004A8       ORFn..1
 0001:0003BAB4       ORFn..EFMDateTimeError
 0001:0003E770       ORFn..QuickAddError
 0001:0003E298       ORFn..QuickCopyError
 0001:000419A8       ORFn..TIdleCaller
 0001:000405E8       ORFn.AdjustForWindowsXPStyleTitleBar
 0004:000004B0       ORFn.AlignList
 0004:000004B4       ORFn.AnchorList
 0001:0003FFB4       ORFn.AnchorsToStr
 0001:0003F1F8       ORFn.BaseFont
 0001:000410A0       ORFn.BlackColorScheme
 0001:00041178       ORFn.BlackColorSchemeUpdate
 0003:000004AC       ORFn.BOOLCHAR
 0001:00041D04       ORFn.CallWhenIdle
 0001:00041D74       ORFn.CallWhenIdleNotifyWhenDone
 0001:0003C87C       ORFn.CharAt
 0001:00040F64       ORFn.CheckColorScheme
 0001:0003DB90       ORFn.ComparePieces
 0001:00041308       ORFn.ComponentUpdateColorsFor508Compliance
 0001:0003C8C0       ORFn.ContainsAlpha
 0001:0003C978       ORFn.ContainsUpCarretChar
 0001:0003C920       ORFn.ContainsVisibleChar
 0001:0003C9D0       ORFn.ConvertSpecialStrings
 0001:000417B4       ORFn.CPRSInstances
 0003:0000059C       ORFn.CRC32_TABLE
 0001:0003CAF4       ORFn.CRCForFile
 0001:0003CBA4       ORFn.CRCForStrings
 0001:0003BB14       ORFn.DateTimeToFMDateTime
 0001:0003E1C8       ORFn.DelimCount
 0001:00041F48       ORFn.EnterIsPressed
 0001:0003CEBC       ORFn.ExpandTabsFilter
 0001:0003D30C       ORFn.ExtractDefault
 0001:0003D204       ORFn.ExtractFloat
 0001:0003D108       ORFn.ExtractInteger
 0001:0003D4B4       ORFn.ExtractItems
 0001:0003D650       ORFn.ExtractText
 0001:0003ED34       ORFn.FastAddStrings
 0001:0003EBFC       ORFn.FastAssign
 0004:000004AC       ORFn.FBaseFont
 0001:0003CCA8       ORFn.FilteredString
 0001:000420C8       ORFn.Finalization
 0001:0003BE80       ORFn.FMDateTimeOffsetBy
 0001:0003BBF0       ORFn.FMDateTimeToDateTime
 0001:0003F2D0       ORFn.FontWidthPixel
 0001:0003F258       ORFn.FontWidthSubPixel
 0001:0003FE98       ORFn.ForceInsideWorkArea
 0001:0003BF24       ORFn.FormatFMDateTime
 0001:0003C524       ORFn.FormatFMDateTimeStr
 0001:000410E0       ORFn.Get508CompliantColor
 0001:0003E7CC       ORFn.GetStrings
 0001:0003E2F4       ORFn.GetStrings
 0001:0003C7A4       ORFn.HigherOf
 0003:000009B8       ORFn.IdleCaller
 0001:0003F03C       ORFn.InfoBox
 0001:0003D7EC       ORFn.InvertStringList
 0001:0003C56C       ORFn.IsFMDateTime
 0001:000418B4       ORFn.KillObj
 0001:0003F080       ORFn.LimitEditWidth
 0001:0003EE78       ORFn.LimitStringLength
 0001:000414F8       ORFn.ListGridDrawCell
 0001:000415E8       ORFn.ListGridDrawLines
 0001:00041730       ORFn.ListGridRowHeight
 0001:0003C7CC       ORFn.LowerOf
 0001:0003F20C       ORFn.MainFont
 0001:0003F320       ORFn.MainFontHeight
 0001:0003F240       ORFn.MainFontSize
 0001:0003F308       ORFn.MainFontWidth
 0001:0003C654       ORFn.MakeFMDateTime
 0001:00041DE8       ORFn.menuHideAllBut
 0001:0003D854       ORFn.MixedCase
 0001:0003DA70       ORFn.MixedCaseByPiece
 0001:0003D9D8       ORFn.MixedCaseList
 0003:000004E4       ORFn.MONTH_NAMES_LONG
 0003:000004B4       ORFn.MONTH_NAMES_SHORT
 0001:000410C0       ORFn.NormalColorScheme
 0001:00040B78       ORFn.NumCharsFitInWidth
 0002:000004D4       ORFn.ORFn
 0001:0003DB3C       ORFn.Piece
 0001:0003DB64       ORFn.Pieces
 0001:0003DD10       ORFn.PiecesToList
 0001:00040CCC       ORFn.PopupComponent
 0003:000009B0       ORFn.PURE_BLACK
 0001:0003EB2C       ORFn.QuickAdd
 0001:0003E658       ORFn.QuickCopy
 0001:0003C830       ORFn.RectContains
 0001:0003F360       ORFn.RedrawActivate
 0001:0003F344       ORFn.RedrawSuspend
 0001:00040D20       ORFn.ReformatMemoParagraph
 0003:0000057C       ORFn.ReplaceChars
 0001:0003F388       ORFn.ResetSelectedForList
 0001:00040464       ORFn.ResizeAnchoredFormToFont
 0001:0003FAFC       ORFn.ResizeChartFonts
 0001:0003F6AC       ORFn.ResizeCheckListBox
 0001:0003F640       ORFn.ResizeComboBox
 0001:0003F6E0       ORFn.ResizeDescendants
 0001:0003FD08       ORFn.ResizeFontsInDescendants
 0001:000402C4       ORFn.ResizeFormToFont
 0001:0003F528       ORFn.ResizeHeaderControl
 0001:0003F428       ORFn.ResizeHeight
 0001:0003F678       ORFn.ResizeListBox
 0001:0003F5A4       ORFn.ResizeListView
 0001:0003F4A8       ORFn.ResizeToFont
 0001:0003F3D4       ORFn.ResizeWidth
 0001:000401D8       ORFn.RestoreAlign
 0001:0003DDBC       ORFn.ReverseStr
 0001:000413A4       ORFn.ScanAllComponents
 0003:000004B0       ORFn.ScrollBarHeight
 0001:00042008       ORFn.ScrollControl
 0003:0000055C       ORFn.SearchChars
 0001:00041F60       ORFn.SendMoveMessage
 0001:000406F4       ORFn.SetEqualTabStops
 0001:0003C694       ORFn.SetListFMDateTime
 0001:0003DE4C       ORFn.SetPiece
 0001:0003DF88       ORFn.SetPieces
 0001:00041EF8       ORFn.ShiftTabIsPressed
 0001:00040850       ORFn.ShowMsgOn
 0001:0003E05C       ORFn.SortByPiece
 0001:00040800       ORFn.StatusText
 0001:00040028       ORFn.StrToAnchors
 0001:0003C7F4       ORFn.StrToFloatDef
 0001:000400F0       ORFn.SuspendAlign
 0001:00041EA8       ORFn.TabIsPressed
 0001:00040930       ORFn.TextHeightByFont
 0001:00040880       ORFn.TextWidthByFont
 0001:00041BC8       ORFn.TIdleCaller.Add
 0001:00041B6C       ORFn.TIdleCaller.AppIdle
 0001:00041A00       ORFn.TIdleCaller.Create
 0001:00041AE8       ORFn.TIdleCaller.Destroy
 0001:00041C34       ORFn.TIdleCaller.TimerDone
 0001:0003BEB8       ORFn.TrimFormatCount
 0003:000009A0       ORFn.uBlackColorScheme
 0003:000009B4       ORFn.uBorderlessWindowColorWhenBlack
 0003:000009AC       ORFn.uCheckColorScheme
 0003:000009A8       ORFn.uMaroonColorWhenBlack
 0003:0000099C       ORFn.uNormalColorScheme
 0001:0004146C       ORFn.UpdateColorsFor508Compliance
 0001:0003CA6C       ORFn.UpdateCrc32
 0001:0004149C       ORFn.UpdateReadOnlyColorScheme
 0003:000009A4       ORFn.uWhiteColorScheme
 0001:0003EDF4       ORFn.ValidFileName
 0001:000409F0       ORFn.WrappedTextHeightByFont
 0004:000004C0       ORNet..1
 0003:000009BC       ORNet.AppStartedCursorForm
 0001:00042EB8       ORNet.AuthorizedOption
 0003:000009C8       ORNet.BoolChar
 0001:00042E48       ORNet.CallBroker
 0001:00042870       ORNet.CallBrokerInContext
 0001:000434B0       ORNet.CallRPCWhenIdle
 0001:00043250       ORNet.CallV
 0001:00042EFC       ORNet.ConnectToServer
 0001:00043410       ORNet.DottedIPStr
 0001:0004214C       ORNet.EnsureBroker
 0001:00043510       ORNet.Finalization
 0001:000431F4       ORNet.GetRPCCursor
 0001:000433DC       ORNet.GetRPCMax
 0001:0004284C       ORNet.IsBaseContext
 0001:000433E4       ORNet.LoadRPCData
 0001:00043198       ORNet.MRef
 0002:00000564       ORNet.ORNet
 0001:000433C4       ORNet.RetainedRPCCount
 0004:000004B8       ORNet.RPCBrokerV
 0001:0004347C       ORNet.RPCIdleCallDone
 0004:000004BC       ORNet.RPCLastCall
 0001:0004329C       ORNet.sCallV
 0001:00042E58       ORNet.SetBrokerServer
 0001:000421B4       ORNet.SetList
 0001:0004225C       ORNet.SetParams
 0001:000433D0       ORNet.SetRetainedRPCMax
 0001:00043500       ORNet.ShowRPCList
 0001:00043328       ORNet.tCallV
 0003:000009C0       ORNet.uBaseContext
 0004:000004C4       ORNet.uCallList
 0003:000009C4       ORNet.uCurrentContext
 0004:000004C8       ORNet.uMaxCalls
 0001:00042794       ORNet.UpdateContext
 0004:000004CC       ORNet.uShowRPCs
 0001:00001AA4       SysInit.@InitPkg
 0001:00001B08       SysInit.@PackageLoad
 0001:00001B14       SysInit.@PackageUnload
 0001:00001994       SysInit.AllocTlsBuffer
 0001:00001A50       SysInit.ExitProcessTLS
 0001:00001A18       SysInit.ExitThreadTLS
 0001:0000195C       SysInit.FreeLibrary
 0001:000019A0       SysInit.GetTlsSize
 0004:0000000C       SysInit.HInstance
 0001:00001A74       SysInit.InitializeModule
 0001:000019EC       SysInit.InitProcessTLS
 0001:000019A8       SysInit.InitThreadTLS
 0001:00001964       SysInit.LocalAlloc
 0001:0000196C       SysInit.LocalFree
 0003:00000008       SysInit.Module
 0004:00000008       SysInit.ModuleIsLib
 0004:00000009       SysInit.ModuleIsPackage
 0003:00000004       SysInit.PtrToNil
 0001:00001974       SysInit.TlsAlloc
 0004:00000010       SysInit.tlsBuffer
 0001:0000197C       SysInit.TlsFree
 0001:00001984       SysInit.TlsGetValue
 0003:00000000       SysInit.TlsIndex
 0005:00000000       SysInit.TlsLast
 0003:00000020       SysInit.TlsProc
 0001:0000198C       SysInit.TlsSetValue
 0001:00001A80       SysInit.UninitializeModule
 0004:00000490       TeCanvas..02
 0001:00009358       TeCanvas..TButtonColor
 0001:00008D88       TeCanvas..TCanvas3D
 0001:00008060       TeCanvas..TChartBrush
 0001:00007D80       TeCanvas..TChartHiddenPen
 0001:00007C68       TeCanvas..TChartPen
 0001:000094CC       TeCanvas..TComboFlat
 0001:0000865C       TeCanvas..TCustomTeeGradient
 0001:00007F08       TeCanvas..TDarkGrayPen
 0001:00007E34       TeCanvas..TDottedGrayPen
 0001:000083CC       TeCanvas..TTeeBlend
 0001:0000919C       TeCanvas..TTeeButton
 0001:00008B6C       TeCanvas..TTeeCanvas
 0001:00008F74       TeCanvas..TTeeCanvas3D
 0001:00008968       TeCanvas..TTeeFont
 0001:000088A8       TeCanvas..TTeeFontGradient
 0001:000086FC       TeCanvas..TTeeGradient
 0001:00008448       TeCanvas..TTeeShadow
 0001:00008194       TeCanvas..TView3DOptions
 0001:00007FB8       TeCanvas..TWhitePen
 0003:000000D0       TeCanvas.AlphaBlendProc
 0001:0000D8D8       TeCanvas.ApplyBright
 0001:0000D884       TeCanvas.ApplyDark
 0001:00010B18       TeCanvas.BottomCover
 0001:0001117C       TeCanvas.CalcArrowPoint
 0001:0000D040       TeCanvas.CalcBrushColor
 0001:0000F090       TeCanvas.CalcCenter
 0001:0000CF0C       TeCanvas.CalcColor
 0001:000116E8       TeCanvas.CalcDelta
 0001:000139C0       TeCanvas.CalcHorizSubSampling
 0001:00013B70       TeCanvas.CalcHorizSuperSampling
 0001:0000EAE8       TeCanvas.CalcPoint
 0001:0000EB4C       TeCanvas.CalcPoint2
 0001:0000FA1C       TeCanvas.CalcPointH
 0001:0000F9AC       TeCanvas.CalcPointV
 0001:0000F924       TeCanvas.CalcPointZ
 0001:00013E30       TeCanvas.CalcVerticalSubSampling
 0001:00013FE0       TeCanvas.CalcVerticalSuperSampling
 0003:000000CC       TeCanvas.CanUseWinAlphaBlend
 0001:0000CFF4       TeCanvas.CheckFastBrush
 0001:0001470C       TeCanvas.CheckWinAlphaBlend
 0001:0000BFC4       TeCanvas.ClipCanvas
 0001:0000C060       TeCanvas.ClipEllipse
 0001:0000C160       TeCanvas.ClipPolygon
 0001:0000C0E8       TeCanvas.ClipRoundRectangle
 0001:0000FA90       TeCanvas.CoverAtLeft
 0001:00014824       TeCanvas.CreateEmptyRegion
 0001:0000B2B0       TeCanvas.CreateFontPath
 0001:0000D94C       TeCanvas.Culling
 0003:00000068       TeCanvas.DarkColorQuantity
 0003:00000064       TeCanvas.DarkerColorQuantity
 0001:00014838       TeCanvas.DeleteEmptyRegion
 0001:0000D4DC       TeCanvas.DiagonalGradient
 0003:000000C0       TeCanvas.Divisor
 0001:0000D458       TeCanvas.DoDrawRadial
 0001:00012524       TeCanvas.DoHoriz
 0001:00013CDC       TeCanvas.DoLoop
 0001:0001414C       TeCanvas.DoLoop
 0001:00011DCC       TeCanvas.DoRadialGradient
 0001:0001248C       TeCanvas.DoVert
 0001:0000EF40       TeCanvas.Draw3DPie
 0001:0000FB5C       TeCanvas.DrawCover
 0001:0000F1D0       TeCanvas.DrawPieTop
 0001:00013450       TeCanvas.EditColor
 0001:000134F8       TeCanvas.EditColorDialog
 0001:00013DBC       TeCanvas.FilterHorizontally
 0001:00014234       TeCanvas.FilterVertically
 0001:00014850       TeCanvas.Finalization
 0001:0000F178       TeCanvas.FinishSide
 0001:0000D300       TeCanvas.FromCenter
 0001:0000D1DC       TeCanvas.FromCorner
 0003:00000074       TeCanvas.GetDefaultFontName
 0003:00000070       TeCanvas.GetDefaultFontSize
 0003:0000006C       TeCanvas.IsWindowsNT
 0001:000145B8       TeCanvas.Lanczos3Filter
 0003:00000088       TeCanvas.OldRegion
 0001:00009828       TeCanvas.OrientRectangle
 0003:000000A0       TeCanvas.PenModes
 0003:0000008C       TeCanvas.PenStyles
 0001:00009860       TeCanvas.Point3D
 0001:000138B4       TeCanvas.PointAtDistance
 0001:000097EC       TeCanvas.PointInRect
 0001:000097D0       TeCanvas.PointInRect
 0001:000098A8       TeCanvas.PolygonBounds
 0001:0000EE88       TeCanvas.PolygonGradient
 0001:00010870       TeCanvas.PyramidFrontWall
 0001:00010994       TeCanvas.PyramidSideWall
 0001:0000C21C       TeCanvas.QuickSortAngle
 0001:00009888       TeCanvas.RectCenter
 0001:0000C18C       TeCanvas.RectFromPolygon
 0001:0000C200       TeCanvas.RectFromTriangle
 0001:0000D0B8       TeCanvas.RectGradient
 0001:00009874       TeCanvas.RectSize
 0001:0000B1E0       TeCanvas.RectText
 0001:0000A200       TeCanvas.RGBValue
 0001:0000BF94       TeCanvas.SetCanvasRegion
 0001:000142DC       TeCanvas.SmoothStretch
 0001:000146D4       TeCanvas.SmoothStretch
 0001:000146DC       TeCanvas.SmoothStretch
 0001:00012B50       TeCanvas.SwapDouble
 0001:00012B78       TeCanvas.SwapInteger
 0001:00013514       TeCanvas.TButtonColor.Click
 0001:000135BC       TeCanvas.TButtonColor.DrawSymbol
 0001:00013550       TeCanvas.TButtonColor.GetSymbolColor
 0001:00013594       TeCanvas.TButtonColor.SetSymbolColor
 0001:0000A80C       TeCanvas.TCanvas3D.Arrow
 0001:0000A840       TeCanvas.TCanvas3D.Assign
 0001:0000ED64       TeCanvas.TCanvas3D.CalcPieAngles
 0001:0000A85C       TeCanvas.TCanvas3D.CalcRect3D
 0001:0000A8D4       TeCanvas.TCanvas3D.Calculate3DPosition
 0001:0000A8B0       TeCanvas.TCanvas3D.Calculate3DPosition
 0001:0000A908       TeCanvas.TCanvas3D.Cube
 0001:0000A93C       TeCanvas.TCanvas3D.DisableRotation
 0001:0000A940       TeCanvas.TCanvas3D.EnableRotation
 0001:0000A944       TeCanvas.TCanvas3D.FourPointsFromRect
 0001:0000A9E8       TeCanvas.TCanvas3D.FrontPlaneBegin
 0001:0000AA00       TeCanvas.TCanvas3D.FrontPlaneEnd
 0001:0000AA5C       TeCanvas.TCanvas3D.LineTo3D
 0001:0000AA14       TeCanvas.TCanvas3D.LineWithZ
 0001:0000AA40       TeCanvas.TCanvas3D.MoveTo3D
 0001:0000AA78       TeCanvas.TCanvas3D.PlaneWithZ
 0001:0000AAA0       TeCanvas.TCanvas3D.Rectangle
 0001:0000AAC0       TeCanvas.TCanvas3D.Rectangle
 0001:0000AAF4       TeCanvas.TCanvas3D.RectFromRectZ
 0001:0000AB24       TeCanvas.TCanvas3D.RotatedEllipse
 0001:0000AD78       TeCanvas.TCanvas3D.StretchDraw
 0001:00009B9C       TeCanvas.TChartBrush.Assign
 0001:00009BCC       TeCanvas.TChartBrush.Clear
 0001:00009B18       TeCanvas.TChartBrush.Create
 0001:00009B6C       TeCanvas.TChartBrush.Destroy
 0001:00009C14       TeCanvas.TChartBrush.GetImage
 0001:00009BE4       TeCanvas.TChartBrush.SetImage
 0001:00009A24       TeCanvas.TChartHiddenPen.Create
 0001:0000996C       TeCanvas.TChartPen.Assign
 0001:00009918       TeCanvas.TChartPen.Create
 0001:000099AC       TeCanvas.TChartPen.Hide
 0001:000099BC       TeCanvas.TChartPen.IsEndStored
 0001:000099C8       TeCanvas.TChartPen.IsVisibleStored
 0001:000099D4       TeCanvas.TChartPen.SetEndStyle
 0001:000099E8       TeCanvas.TChartPen.SetSmallDots
 0001:000099FC       TeCanvas.TChartPen.SetSmallSpace
 0001:00009A10       TeCanvas.TChartPen.SetVisible
 0001:000099B4       TeCanvas.TChartPen.Show
 0001:0001382C       TeCanvas.TComboFlat.CMFocusChanged
 0001:000137EC       TeCanvas.TComboFlat.CMMouseEnter
 0001:0001380C       TeCanvas.TComboFlat.CMMouseLeave
 0001:00013624       TeCanvas.TComboFlat.Create
 0001:00013680       TeCanvas.TComboFlat.GetDropWidth
 0001:0001369C       TeCanvas.TComboFlat.IsDropWidthStored
 0001:000136B0       TeCanvas.TComboFlat.SetDropWidth
 0001:000136D0       TeCanvas.TComboFlat.WMPaint
 0001:00011D68       TeCanvas.TCustomTeeGradient.Assign
 0001:00011C34       TeCanvas.TCustomTeeGradient.Create
 0001:00011CBC       TeCanvas.TCustomTeeGradient.DoChanged
 0001:00012624       TeCanvas.TCustomTeeGradient.Draw
 0001:00012804       TeCanvas.TCustomTeeGradient.Draw
 0001:000127AC       TeCanvas.TCustomTeeGradient.Draw
 0001:000122E4       TeCanvas.TCustomTeeGradient.Draw
 0001:0001229C       TeCanvas.TCustomTeeGradient.DrawRadial
 0001:00011CAC       TeCanvas.TCustomTeeGradient.GetMidColor
 0001:00011CE0       TeCanvas.TCustomTeeGradient.SetBalance
 0001:00011D08       TeCanvas.TCustomTeeGradient.SetColorProperty
 0001:00011CEC       TeCanvas.TCustomTeeGradient.SetDirection
 0001:00011D20       TeCanvas.TCustomTeeGradient.SetEndColor
 0001:00011CFC       TeCanvas.TCustomTeeGradient.SetIntegerProperty
 0001:00011D2C       TeCanvas.TCustomTeeGradient.SetMidColor
 0001:00012794       TeCanvas.TCustomTeeGradient.SetRadialX
 0001:000127A0       TeCanvas.TCustomTeeGradient.SetRadialY
 0001:00011D14       TeCanvas.TCustomTeeGradient.SetStartColor
 0001:00011CD0       TeCanvas.TCustomTeeGradient.SetVisible
 0001:00011C9C       TeCanvas.TCustomTeeGradient.UseMiddleColor
 0001:00009AC8       TeCanvas.TDarkGrayPen.Create
 0001:00009A70       TeCanvas.TDottedGrayPen.Create
 0002:000001F0       TeCanvas.TeCanvas
 0001:00012DD0       TeCanvas.TeeBlendBitmaps
 0003:0000004C       TeCanvas.TeeCheckPenWidth
 0001:0000A214       TeCanvas.TeeCreatePenSmallDots
 0001:000097BC       TeCanvas.TeeCull
 0001:00009798       TeCanvas.TeeCull
 0003:00000078       TeCanvas.TeeCustomEditColors
 0003:00000060       TeCanvas.TeeDefaultConePercent
 0001:00012D34       TeCanvas.TeeDefaultFont
 0001:00013960       TeCanvas.TeeDistance
 0003:0000007C       TeCanvas.TeeFontAntiAlias
 0001:00014804       TeCanvas.TeeFreeLibrary
 0003:000000D8       TeCanvas.TeeGDI32
 0003:000000C8       TeCanvas.TeeGradientPrecision
 0001:00013318       TeCanvas.TeeGrayScale
 0001:000147F8       TeCanvas.TeeLoadLibrary
 0003:000000D4       TeCanvas.TeeMSIMG32
 0003:00000080       TeCanvas.TeeNumCylinderSides
 0003:00000044       TeCanvas.TeePiStep
 0001:000097C8       TeCanvas.TeePoint
 0001:0000980C       TeCanvas.TeeRect
 0004:00000488       TeCanvas.TeeSetDCBrushColor
 0004:0000048C       TeCanvas.TeeSetDCPenColor
 0001:0000A270       TeCanvas.TeeSetTeePen
 0001:0000CEB4       TeCanvas.TeeSigmoid
 0003:00000050       TeCanvas.TeeZeroRect
 0001:00010B58       TeCanvas.TopCover
 0001:00014684       TeCanvas.TriangleFilter
 0001:000125B8       TeCanvas.TryGrayColor
 0001:00014770       TeCanvas.TryLoadSetDC
 0001:00012FF8       TeCanvas.TTeeBlend.Create
 0001:00013044       TeCanvas.TTeeBlend.Destroy
 0001:000131CC       TeCanvas.TTeeBlend.DoBlend
 0001:00013074       TeCanvas.TTeeBlend.SetRectangle
 0001:00012CD4       TeCanvas.TTeeButton.CMEnabledChanged
 0001:00012C0C       TeCanvas.TTeeButton.CMTextChanged
 0001:00012B84       TeCanvas.TTeeButton.DrawSymbol
 0001:00012CEC       TeCanvas.TTeeButton.LinkProperty
 0001:00012C24       TeCanvas.TTeeButton.PaintWindow
 0001:00012B88       TeCanvas.TTeeButton.SymbolRectangle
 0001:00012BD4       TeCanvas.TTeeButton.WMPaint
 0001:0000A050       TeCanvas.TTeeCanvas.AssignBrush
 0001:0000A070       TeCanvas.TTeeCanvas.AssignBrushColor
 0001:0000A48C       TeCanvas.TTeeCanvas.AssignFont
 0001:0000A1AC       TeCanvas.TTeeCanvas.AssignVisiblePen
 0001:0000A398       TeCanvas.TTeeCanvas.AssignVisiblePenColor
 0001:0000A7DC       TeCanvas.TTeeCanvas.BeginBlending
 0001:0000C07C       TeCanvas.TTeeCanvas.ClipEllipse
 0001:0000C02C       TeCanvas.TTeeCanvas.ClipPolygon
 0001:0000C108       TeCanvas.TTeeCanvas.ClipRectangle
 0001:0000C320       TeCanvas.TTeeCanvas.ConvexHull
 0001:0000A1E4       TeCanvas.TTeeCanvas.DoRectangle
 0001:0000A64C       TeCanvas.TTeeCanvas.Ellipse
 0001:0000A7F4       TeCanvas.TTeeCanvas.EndBlending
 0001:0000A668       TeCanvas.TTeeCanvas.Frame3D
 0001:00009F54       TeCanvas.TTeeCanvas.GetFontHeight
 0001:00009F20       TeCanvas.TTeeCanvas.InternalDark
 0001:0000A7C0       TeCanvas.TTeeCanvas.Line
 0001:0000A1C8       TeCanvas.TTeeCanvas.Rectangle
 0001:00009FA4       TeCanvas.TTeeCanvas.ResetState
 0001:0000A760       TeCanvas.TTeeCanvas.RoundRect
 0001:00009F6C       TeCanvas.TTeeCanvas.SetCanvas
 0001:0000A5A4       TeCanvas.TTeeCanvas.TextExtent
 0001:0000A568       TeCanvas.TTeeCanvas.TextHeight
 0001:0000A610       TeCanvas.TTeeCanvas.TextHeight
 0001:0000A78C       TeCanvas.TTeeCanvas.TextOut
 0001:0000A52C       TeCanvas.TTeeCanvas.TextWidth
 0001:0000A5D8       TeCanvas.TTeeCanvas.TextWidth
 0001:0000EAAC       TeCanvas.TTeeCanvas3D.Arc
 0001:000111E4       TeCanvas.TTeeCanvas3D.Arrow
 0001:0000B798       TeCanvas.TTeeCanvas3D.Calc3DPoint
 0001:0000B91C       TeCanvas.TTeeCanvas3D.Calc3DPoint
 0001:0000E4C8       TeCanvas.TTeeCanvas3D.Calc3DPoints
 0001:0000BA88       TeCanvas.TTeeCanvas3D.Calc3DPos
 0001:0000B744       TeCanvas.TTeeCanvas3D.Calc3DTPoint
 0001:0000B750       TeCanvas.TTeeCanvas3D.Calc3DTPoint3D
 0001:0000C950       TeCanvas.TTeeCanvas3D.CalcPerspective
 0001:0000C9A8       TeCanvas.TTeeCanvas3D.CalcTrigValues
 0001:0000B7C4       TeCanvas.TTeeCanvas3D.Calculate2DPosition
 0001:0000B764       TeCanvas.TTeeCanvas3D.Calculate3DPosition
 0001:0000C60C       TeCanvas.TTeeCanvas3D.ClipCube
 0001:0000C020       TeCanvas.TTeeCanvas3D.ClipRectangle
 0001:0000BC48       TeCanvas.TTeeCanvas3D.Cone
 0001:0000B0A4       TeCanvas.TTeeCanvas3D.Create
 0001:0000D9C8       TeCanvas.TTeeCanvas3D.Cube
 0001:000100B0       TeCanvas.TTeeCanvas3D.Cylinder
 0001:0000B104       TeCanvas.TTeeCanvas3D.DeleteBitmap
 0001:0000B110       TeCanvas.TTeeCanvas3D.Destroy
 0001:0000E25C       TeCanvas.TTeeCanvas3D.DisableRotation
 0001:0000BF2C       TeCanvas.TTeeCanvas3D.DoHorizLine
 0001:0000EBAC       TeCanvas.TTeeCanvas3D.Donut
 0001:0000BF64       TeCanvas.TTeeCanvas3D.DoVertLine
 0001:0000CE7C       TeCanvas.TTeeCanvas3D.Draw
 0001:0000E77C       TeCanvas.TTeeCanvas3D.Ellipse
 0001:0000E898       TeCanvas.TTeeCanvas3D.EllipseWithZ
 0001:0000E274       TeCanvas.TTeeCanvas3D.EnableRotation
 0001:0000D858       TeCanvas.TTeeCanvas3D.EraseBackground
 0001:0000D860       TeCanvas.TTeeCanvas3D.FillRect
 0001:0000B190       TeCanvas.TTeeCanvas3D.GetBackColor
 0001:0000B140       TeCanvas.TTeeCanvas3D.GetBackMode
 0001:0000E7A8       TeCanvas.TTeeCanvas3D.GetCirclePoints
 0001:0000BC3C       TeCanvas.TTeeCanvas3D.GetHandle
 0001:00010E90       TeCanvas.TTeeCanvas3D.GetMonochrome
 0001:0000EA74       TeCanvas.TTeeCanvas3D.GetPixel
 0001:00010D60       TeCanvas.TTeeCanvas3D.GetPixel3D
 0001:00010E04       TeCanvas.TTeeCanvas3D.GetSupports3DText
 0001:00010E08       TeCanvas.TTeeCanvas3D.GetSupportsFullRotation
 0001:00010E0C       TeCanvas.TTeeCanvas3D.GetTextAlign
 0001:00010E20       TeCanvas.TTeeCanvas3D.GetUseBuffer
 0001:0000D6F4       TeCanvas.TTeeCanvas3D.GradientFill
 0001:00010EBC       TeCanvas.TTeeCanvas3D.HorizLine3D
 0001:0000CB98       TeCanvas.TTeeCanvas3D.InitWindow
 0001:0000FD10       TeCanvas.TTeeCanvas3D.InternalCylinder
 0001:0000E284       TeCanvas.TTeeCanvas3D.Invalidate
 0001:0000E3F4       TeCanvas.TTeeCanvas3D.Line
 0001:0000B650       TeCanvas.TTeeCanvas3D.LineTo
 0001:0000BE08       TeCanvas.TTeeCanvas3D.LineTo3D
 0001:0000E428       TeCanvas.TTeeCanvas3D.LineWithZ
 0001:0000B630       TeCanvas.TTeeCanvas3D.MoveTo
 0001:0000BDC8       TeCanvas.TTeeCanvas3D.MoveTo3D
 0001:0000ED28       TeCanvas.TTeeCanvas3D.Pie
 0001:0000F214       TeCanvas.TTeeCanvas3D.Pie3D
 0001:0000F830       TeCanvas.TTeeCanvas3D.Plane3D
 0001:00010C94       TeCanvas.TTeeCanvas3D.PlaneFour3D
 0001:0000B68C       TeCanvas.TTeeCanvas3D.PlaneWithZ
 0001:0000E4A8       TeCanvas.TTeeCanvas3D.Polygon
 0001:0000E534       TeCanvas.TTeeCanvas3D.Polygon3D
 0001:0000B670       TeCanvas.TTeeCanvas3D.PolygonFour
 0001:0000E634       TeCanvas.TTeeCanvas3D.PolygonWithZ
 0001:0000E6D8       TeCanvas.TTeeCanvas3D.Polyline
 0001:0000E488       TeCanvas.TTeeCanvas3D.Polyline
 0001:0000C8C0       TeCanvas.TTeeCanvas3D.Projection
 0001:000100DC       TeCanvas.TTeeCanvas3D.Pyramid
 0001:00010BB4       TeCanvas.TTeeCanvas3D.PyramidTrunc
 0001:0000B5B8       TeCanvas.TTeeCanvas3D.Rectangle
 0001:0000BE48       TeCanvas.TTeeCanvas3D.RectangleWithZ
 0001:0000E18C       TeCanvas.TTeeCanvas3D.RectangleY
 0001:0000E0BC       TeCanvas.TTeeCanvas3D.RectangleZ
 0001:0000CDF4       TeCanvas.TTeeCanvas3D.ReDrawBitmap
 0001:0000E2D0       TeCanvas.TTeeCanvas3D.RotateLabel
 0001:0000E28C       TeCanvas.TTeeCanvas3D.RotateLabel3D
 0001:0000B5E4       TeCanvas.TTeeCanvas3D.RoundRect
 0001:0000B170       TeCanvas.TTeeCanvas3D.SetBackColor
 0001:0000B154       TeCanvas.TTeeCanvas3D.SetBackMode
 0001:00010E98       TeCanvas.TTeeCanvas3D.SetMonochrome
 0001:0000EA80       TeCanvas.TTeeCanvas3D.SetPixel
 0001:00010D94       TeCanvas.TTeeCanvas3D.SetPixel3D
 0001:0000B618       TeCanvas.TTeeCanvas3D.SetTextAlign
 0001:00010E28       TeCanvas.TTeeCanvas3D.SetUseBuffer
 0001:0000CE20       TeCanvas.TTeeCanvas3D.ShowImage
 0001:0000BC74       TeCanvas.TTeeCanvas3D.Sphere
 0001:0000CE6C       TeCanvas.TTeeCanvas3D.StretchDraw
 0001:0000BCB0       TeCanvas.TTeeCanvas3D.Surface3D
 0001:0000B300       TeCanvas.TTeeCanvas3D.TextOut
 0001:0000B1A4       TeCanvas.TTeeCanvas3D.TextOut
 0001:0000BCB8       TeCanvas.TTeeCanvas3D.TextOut3D
 0001:0000CD9C       TeCanvas.TTeeCanvas3D.TransferBitmap
 0001:00011010       TeCanvas.TTeeCanvas3D.Triangle3D
 0001:000110C4       TeCanvas.TTeeCanvas3D.TriangleWithZ
 0001:0000C8B4       TeCanvas.TTeeCanvas3D.UnClipRectangle
 0001:00010F2C       TeCanvas.TTeeCanvas3D.VertLine3D
 0001:00010F98       TeCanvas.TTeeCanvas3D.ZLine3D
 0001:00012970       TeCanvas.TTeeFont.Assign
 0001:0001289C       TeCanvas.TTeeFont.Create
 0001:00012930       TeCanvas.TTeeFont.Destroy
 0001:00012B04       TeCanvas.TTeeFont.GetGradient
 0001:000129D8       TeCanvas.TTeeFont.GetOutLine
 0001:00012A24       TeCanvas.TTeeFont.GetShadow
 0001:00012AF8       TeCanvas.TTeeFont.IsColorStored
 0001:00012A70       TeCanvas.TTeeFont.IsHeightStored
 0001:00012A88       TeCanvas.TTeeFont.IsNameStored
 0001:00012AE0       TeCanvas.TTeeFont.IsStyleStored
 0001:00012B28       TeCanvas.TTeeFont.SetGradient
 0001:000129BC       TeCanvas.TTeeFont.SetInterCharSize
 0001:000129FC       TeCanvas.TTeeFont.SetOutLine
 0001:00012A48       TeCanvas.TTeeFont.SetShadow
 0001:00013858       TeCanvas.TTeeFontGradient.SetBooleanProperty
 0001:0001384C       TeCanvas.TTeeFontGradient.SetOutline
 0001:00011548       TeCanvas.TTeeShadow.Assign
 0001:00011590       TeCanvas.TTeeShadow.Changed
 0001:000114F0       TeCanvas.TTeeShadow.Create
 0001:000116E0       TeCanvas.TTeeShadow.Draw
 0001:0001173C       TeCanvas.TTeeShadow.Draw
 0001:00011AB8       TeCanvas.TTeeShadow.DrawEllipse
 0001:000116D0       TeCanvas.TTeeShadow.FinishBlending
 0001:000115D8       TeCanvas.TTeeShadow.GetSize
 0001:00011C10       TeCanvas.TTeeShadow.IsColorStored
 0001:00011C1C       TeCanvas.TTeeShadow.IsHorizStored
 0001:00011C28       TeCanvas.TTeeShadow.IsVertStored
 0001:00011620       TeCanvas.TTeeShadow.PrepareCanvas
 0001:000115B0       TeCanvas.TTeeShadow.SetColor
 0001:000115C0       TeCanvas.TTeeShadow.SetHorizSize
 0001:000115A4       TeCanvas.TTeeShadow.SetIntegerProperty
 0001:000115E4       TeCanvas.TTeeShadow.SetSize
 0001:00011600       TeCanvas.TTeeShadow.SetSmooth
 0001:00011610       TeCanvas.TTeeShadow.SetTransparency
 0001:000115CC       TeCanvas.TTeeShadow.SetVertSize
 0001:00009E38       TeCanvas.TView3DOptions.Assign
 0001:00009EA4       TeCanvas.TView3DOptions.CalcOrthoRatio
 0001:00009C44       TeCanvas.TView3DOptions.Create
 0001:00009CE0       TeCanvas.TView3DOptions.GetElevation
 0001:00009D48       TeCanvas.TView3DOptions.GetRotation
 0001:00009CBC       TeCanvas.TView3DOptions.Repaint
 0001:00009CD4       TeCanvas.TView3DOptions.SetBooleanProperty
 0001:00009D08       TeCanvas.TView3DOptions.SetElevation
 0001:00009CF0       TeCanvas.TView3DOptions.SetElevationInteger
 0001:00009D30       TeCanvas.TView3DOptions.SetFontZoom
 0001:00009DA4       TeCanvas.TView3DOptions.SetHorizOffset
 0001:00009CC8       TeCanvas.TView3DOptions.SetIntegerProperty
 0001:00009DEC       TeCanvas.TView3DOptions.SetOrthoAngle
 0001:00009DF8       TeCanvas.TView3DOptions.SetOrthogonal
 0001:00009D3C       TeCanvas.TView3DOptions.SetPerspective
 0001:00009D70       TeCanvas.TView3DOptions.SetRotation
 0001:00009D58       TeCanvas.TView3DOptions.SetRotationInteger
 0001:00009D98       TeCanvas.TView3DOptions.SetTilt
 0001:00009DC8       TeCanvas.TView3DOptions.SetVertOffset
 0001:00009E04       TeCanvas.TView3DOptions.SetZoom
 0001:00009E2C       TeCanvas.TView3DOptions.SetZoomText
 0001:00013864       TeCanvas.TWhitePen.Create
 0001:0000C878       TeCanvas.UnClipCanvas
 0003:00000084       TeCanvas.WasOldRegion
 0004:00000470       TeeConst..1
 0001:00004D80       TeeConst.Finalization
 0004:000001D0       TeeConst.tcAdditional
 0004:000001D4       TeeConst.tcDControls
 0004:000001D8       TeeConst.tcQReport
 0002:0000018C       TeeConst.TeeConst
 0001:00004D3C       TeeConst.TeeDefaultFilterExtension
 0003:00000034       TeeConst.TeeEnglishLanguage
 0003:00000038       TeeConst.TeeLanguage
 0003:00000040       TeeConst.TeeLanguageCanUpper
 0003:0000003C       TeeConst.TeeLanguageHotKeyAtEnd
 0004:0000005C       TeeConst.TeeMsg_3dPercent
 0004:000001CC       TeeConst.TeeMsg_About
 0004:00000408       TeeConst.TeeMsg_AddNewGroup
 0004:00000400       TeeConst.TeeMsg_ADOConnection
 0004:000002C8       TeeConst.TeeMsg_All
 0004:00000404       TeeConst.TeeMsg_Apply
 0004:000002D4       TeeConst.TeeMsg_AsBMP
 0004:000002DC       TeeConst.TeeMsg_AsEMF
 0004:00000394       TeeConst.TeeMsg_AsGIF
 0004:0000038C       TeeConst.TeeMsg_AsJPEG
 0004:000001E0       TeeConst.TeeMsg_AskDataSet
 0004:000001E8       TeeConst.TeeMsg_AskDataSource
 0004:000003B4       TeeConst.TeeMsg_AskLanguage
 0004:000003A4       TeeConst.TeeMsg_AsPCX
 0004:000003DC       TeeConst.TeeMsg_AsPDF
 0004:0000039C       TeeConst.TeeMsg_AsPNG
 0004:000003E4       TeeConst.TeeMsg_AsPS
 0004:00000460       TeeConst.TeeMsg_AsSVG
 0004:000003AC       TeeConst.TeeMsg_AsVML
 0004:00000048       TeeConst.TeeMsg_AxisIncrementNeg
 0004:00000080       TeeConst.TeeMsg_AxisLabels
 0004:00000044       TeeConst.TeeMsg_AxisLabelSep
 0004:00000054       TeeConst.TeeMsg_AxisLogBase
 0004:0000003C       TeeConst.TeeMsg_AxisLogDateTime
 0004:00000040       TeeConst.TeeMsg_AxisLogNotPositive
 0004:00000050       TeeConst.TeeMsg_AxisMaxMin
 0004:0000004C       TeeConst.TeeMsg_AxisMinMax
 0004:0000007C       TeeConst.TeeMsg_AxisTitle
 0004:000003FC       TeeConst.TeeMsg_BDEAlias
 0004:000002D8       TeeConst.TeeMsg_BMPFilter
 0004:00000148       TeeConst.TeeMsg_BottomAxis
 0004:00000200       TeeConst.TeeMsg_BrowseImage
 0004:0000025C       TeeConst.TeeMsg_CalcPeriod
 0004:000002C4       TeeConst.TeeMsg_Cancel
 0004:00000374       TeeConst.TeeMsg_CanNotCreateTempChart
 0004:00000378       TeeConst.TeeMsg_CanNotEmailChart
 0004:00000370       TeeConst.TeeMsg_CanNotFindTempPath
 0004:00000384       TeeConst.TeeMsg_CannotLoadChartFromURL
 0004:00000388       TeeConst.TeeMsg_CannotLoadSeriesDataFromURL
 0004:0000040C       TeeConst.TeeMsg_ChangeGroupName
 0004:00000138       TeeConst.TeeMsg_ChangeSeriesTitle
 0004:0000028C       TeeConst.TeeMsg_Chart3DCategoryDesc
 0004:00000288       TeeConst.TeeMsg_Chart3DCategoryName
 0004:00000274       TeeConst.TeeMsg_ChartAxesCategoryDesc
 0004:00000270       TeeConst.TeeMsg_ChartAxesCategoryName
 0004:00000284       TeeConst.TeeMsg_ChartTitlesCategoryDesc
 0004:00000280       TeeConst.TeeMsg_ChartTitlesCategoryName
 0004:0000027C       TeeConst.TeeMsg_ChartWallsCategoryDesc
 0004:00000278       TeeConst.TeeMsg_ChartWallsCategoryName
 0004:000001C8       TeeConst.TeeMsg_CheckPointerSize
 0004:0000031C       TeeConst.TeeMsg_Circle
 0004:00000060       TeeConst.TeeMsg_CircularSeries
 0004:000001FC       TeeConst.TeeMsg_ClearImage
 0004:000002F4       TeeConst.TeeMsg_Colors
 0004:00000020       TeeConst.TeeMsg_Copyright
 0004:00000324       TeeConst.TeeMsg_Cross
 0004:00000368       TeeConst.TeeMsg_Cube
 0004:000000F4       TeeConst.TeeMsg_CustomAxes
 0004:00000290       TeeConst.TeeMsg_CustomAxesEditor
 0004:000003F4       TeeConst.TeeMsg_DarkPen
 0004:000001DC       TeeConst.TeeMsg_DataSet
 0004:00000140       TeeConst.TeeMsg_DateTime
 0004:00000158       TeeConst.TeeMsg_DateTimeFormat
 0004:0000015C       TeeConst.TeeMsg_Default
 0004:0000018C       TeeConst.TeeMsg_DefaultEditorHeight
 0004:00000188       TeeConst.TeeMsg_DefaultEditorSize
 0004:000001C4       TeeConst.TeeMsg_DefaultFontName
 0004:00000184       TeeConst.TeeMsg_DefaultFontSize
 0004:00000068       TeeConst.TeeMsg_DefaultPercentOf
 0004:0000006C       TeeConst.TeeMsg_DefaultPercentOf2
 0004:00000078       TeeConst.TeeMsg_DefLogValueFormat
 0004:00000070       TeeConst.TeeMsg_DefPercentFormat
 0004:00000074       TeeConst.TeeMsg_DefValueFormat
 0004:000002B8       TeeConst.TeeMsg_Delete
 0004:0000020C       TeeConst.TeeMsg_DepthAxis
 0004:00000420       TeeConst.TeeMsg_DepthTopAxis
 0004:0000016C       TeeConst.TeeMsg_DesiredIncrement
 0004:0000036C       TeeConst.TeeMsg_DiagCross
 0004:00000328       TeeConst.TeeMsg_Diamond
 0004:000002F0       TeeConst.TeeMsg_Dotted
 0004:00000320       TeeConst.TeeMsg_DownTri
 0004:000002BC       TeeConst.TeeMsg_Edit
 0004:000000E8       TeeConst.TeeMsg_EditChart
 0004:000000D8       TeeConst.TeeMsg_Editing
 0004:00000338       TeeConst.TeeMsg_Ellipse
 0004:000002E0       TeeConst.TeeMsg_EMFFilter
 0004:0000026C       TeeConst.TeeMsg_EmptyTeeFile
 0004:00000174       TeeConst.TeeMsg_EnterDateTime
 0004:00000448       TeeConst.TeeMsg_ExcelFilter
 0004:00000104       TeeConst.TeeMsg_ExpFinish
 0004:0000034C       TeeConst.TeeMsg_Exploded
 0004:00000108       TeeConst.TeeMsg_ExpNext
 0004:000000F0       TeeConst.TeeMsg_ExportChart
 0004:000002E4       TeeConst.TeeMsg_ExportPanelNotSet
 0004:00000208       TeeConst.TeeMsg_FieldNotFound
 0004:000002A0       TeeConst.TeeMsg_FileSize
 0004:000002F8       TeeConst.TeeMsg_Filled
 0004:00000038       TeeConst.TeeMsg_FillSample
 0004:000002A4       TeeConst.TeeMsg_First
 0004:00000250       TeeConst.TeeMsg_Foot
 0004:00000190       TeeConst.TeeMsg_FunctionAdd
 0004:000001A8       TeeConst.TeeMsg_FunctionAverage
 0004:000003D8       TeeConst.TeeMsg_FunctionCustom
 0004:0000019C       TeeConst.TeeMsg_FunctionDivide
 0004:000001A0       TeeConst.TeeMsg_FunctionHigh
 0004:000001A4       TeeConst.TeeMsg_FunctionLow
 0004:00000414       TeeConst.TeeMsg_FunctionMedian
 0004:00000418       TeeConst.TeeMsg_FunctionMode
 0004:00000198       TeeConst.TeeMsg_FunctionMultiply
 0004:000001B4       TeeConst.TeeMsg_FunctionNone
 0004:000001F0       TeeConst.TeeMsg_FunctionPeriod
 0004:00000194       TeeConst.TeeMsg_FunctionSubtract
 0004:00000094       TeeConst.TeeMsg_GalleryArea
 0004:00000100       TeeConst.TeeMsg_GalleryArrow
 0004:00000098       TeeConst.TeeMsg_GalleryBar
 0004:000001B0       TeeConst.TeeMsg_GalleryBubble
 0004:000000A8       TeeConst.TeeMsg_GalleryCircled
 0004:000000E0       TeeConst.TeeMsg_GalleryExtended
 0004:000000AC       TeeConst.TeeMsg_GalleryFastLine
 0004:000000E4       TeeConst.TeeMsg_GalleryFunctions
 0004:0000010C       TeeConst.TeeMsg_GalleryGantt
 0004:000003EC       TeeConst.TeeMsg_GalleryHorizArea
 0004:0000009C       TeeConst.TeeMsg_GalleryHorizBar
 0004:000000B0       TeeConst.TeeMsg_GalleryHorizLine
 0004:0000008C       TeeConst.TeeMsg_GalleryLine
 0004:000000D4       TeeConst.TeeMsg_GalleryLogoFont
 0004:000000A4       TeeConst.TeeMsg_GalleryPie
 0004:00000090       TeeConst.TeeMsg_GalleryPoint
 0004:000001AC       TeeConst.TeeMsg_GalleryShape
 0004:000000DC       TeeConst.TeeMsg_GalleryStandard
 0004:00000110       TeeConst.TeeMsg_GanttSample1
 0004:00000134       TeeConst.TeeMsg_GanttSample10
 0004:00000114       TeeConst.TeeMsg_GanttSample2
 0004:00000118       TeeConst.TeeMsg_GanttSample3
 0004:0000011C       TeeConst.TeeMsg_GanttSample4
 0004:00000120       TeeConst.TeeMsg_GanttSample5
 0004:00000124       TeeConst.TeeMsg_GanttSample6
 0004:00000128       TeeConst.TeeMsg_GanttSample7
 0004:0000012C       TeeConst.TeeMsg_GanttSample8
 0004:00000130       TeeConst.TeeMsg_GanttSample9
 0004:00000398       TeeConst.TeeMsg_GIFFilter
 0004:000003B8       TeeConst.TeeMsg_Gradient
 0004:00000410       TeeConst.TeeMsg_GroupName
 0004:00000308       TeeConst.TeeMsg_Height
 0004:0000030C       TeeConst.TeeMsg_Hollow
 0004:00000360       TeeConst.TeeMsg_HorizLine
 0004:00000444       TeeConst.TeeMsg_HTMLFilter
 0004:000003D4       TeeConst.TeeMsg_Image
 0004:00000170       TeeConst.TeeMsg_IncorrectMaxMinValue
 0004:000002CC       TeeConst.TeeMsg_Index
 0004:000002B4       TeeConst.TeeMsg_Insert
 0004:000000F8       TeeConst.TeeMsg_InvalidEditorClass
 0004:00000264       TeeConst.TeeMsg_InvalidTeeFile
 0004:0000033C       TeeConst.TeeMsg_InvPyramid
 0004:00000390       TeeConst.TeeMsg_JPEGFilter
 0004:000002B0       TeeConst.TeeMsg_Last
 0004:0000014C       TeeConst.TeeMsg_LeftAxis
 0004:00000248       TeeConst.TeeMsg_Legend
 0004:0000002C       TeeConst.TeeMsg_LegendColorWidth
 0004:00000028       TeeConst.TeeMsg_LegendFirstValue
 0004:00000364       TeeConst.TeeMsg_Line
 0004:000002FC       TeeConst.TeeMsg_Marks
 0004:00000164       TeeConst.TeeMsg_Maximum
 0004:00000058       TeeConst.TeeMsg_MaxPointsPerPage
 0004:00000168       TeeConst.TeeMsg_Minimum
 0004:000000FC       TeeConst.TeeMsg_MissingEditorClass
 0004:000003C0       TeeConst.TeeMsg_NativeFilter
 0004:0000013C       TeeConst.TeeMsg_NewSeriesTitle
 0004:000002AC       TeeConst.TeeMsg_Next
 0004:000003D0       TeeConst.TeeMsg_No
 0004:000002EC       TeeConst.TeeMsg_NoBorder
 0004:0000032C       TeeConst.TeeMsg_NoLines
 0004:000001B8       TeeConst.TeeMsg_None
 0004:000002E8       TeeConst.TeeMsg_Normal
 0004:00000380       TeeConst.TeeMsg_NoSeriesSelected
 0004:0000041C       TeeConst.TeeMsg_Options
 0004:00000428       TeeConst.TeeMsg_Outline
 0004:0000029C       TeeConst.TeeMsg_PageOfPages
 0004:00000348       TeeConst.TeeMsg_Patterns
 0004:000003A8       TeeConst.TeeMsg_PCXFilter
 0004:000003E0       TeeConst.TeeMsg_PDFFilter
 0004:00000254       TeeConst.TeeMsg_Period
 0004:00000258       TeeConst.TeeMsg_PeriodRange
 0004:00000210       TeeConst.TeeMsg_PieOther
 0004:000000B4       TeeConst.TeeMsg_PieSample1
 0004:000000B8       TeeConst.TeeMsg_PieSample2
 0004:000000BC       TeeConst.TeeMsg_PieSample3
 0004:000000C0       TeeConst.TeeMsg_PieSample4
 0004:000000C4       TeeConst.TeeMsg_PieSample5
 0004:000000C8       TeeConst.TeeMsg_PieSample6
 0004:000000CC       TeeConst.TeeMsg_PieSample7
 0004:000000D0       TeeConst.TeeMsg_PieSample8
 0004:000003A0       TeeConst.TeeMsg_PNGFilter
 0004:00000310       TeeConst.TeeMsg_Point2D
 0004:00000304       TeeConst.TeeMsg_Points
 0004:000002C0       TeeConst.TeeMsg_Post
 0004:000000EC       TeeConst.TeeMsg_PrintPreview
 0004:000002A8       TeeConst.TeeMsg_Prior
 0004:000001BC       TeeConst.TeeMsg_PrivateDeclarations
 0004:000003C4       TeeConst.TeeMsg_Property
 0004:000003E8       TeeConst.TeeMsg_PSFilter
 0004:000001C0       TeeConst.TeeMsg_PublicDeclarations
 0004:00000334       TeeConst.TeeMsg_Pyramid
 0004:00000358       TeeConst.TeeMsg_Rectangle
 0004:00000180       TeeConst.TeeMsg_RefreshData
 0004:00000084       TeeConst.TeeMsg_RefreshInterval
 0004:00000150       TeeConst.TeeMsg_RightAxis
 0004:0000017C       TeeConst.TeeMsg_SelectedSeries
 0004:000003F8       TeeConst.TeeMsg_SelectFolder
 0004:000003F0       TeeConst.TeeMsg_SelfStack
 0004:00000354       TeeConst.TeeMsg_SemiPie
 0004:00000294       TeeConst.TeeMsg_Series
 0004:0000037C       TeeConst.TeeMsg_SeriesDelete
 0004:00000034       TeeConst.TeeMsg_SeriesInvDataSource
 0004:00000298       TeeConst.TeeMsg_SeriesList
 0004:00000088       TeeConst.TeeMsg_SeriesParentNoSelf
 0004:00000030       TeeConst.TeeMsg_SeriesSetDataSource
 0004:00000350       TeeConst.TeeMsg_Shadow
 0004:00000214       TeeConst.TeeMsg_ShapeGallery1
 0004:00000218       TeeConst.TeeMsg_ShapeGallery2
 0004:00000344       TeeConst.TeeMsg_SideAll
 0004:00000340       TeeConst.TeeMsg_Sides
 0004:000001E4       TeeConst.TeeMsg_SingleRecord
 0004:00000260       TeeConst.TeeMsg_SmallDotsPen
 0004:000000A0       TeeConst.TeeMsg_Stack
 0004:00000330       TeeConst.TeeMsg_Stack100
 0004:00000300       TeeConst.TeeMsg_Stairs
 0004:00000318       TeeConst.TeeMsg_Star
 0004:0000046C       TeeConst.TeeMsg_SubFoot
 0004:00000468       TeeConst.TeeMsg_SubTitle
 0004:000001EC       TeeConst.TeeMsg_Summary
 0004:00000178       TeeConst.TeeMsg_SureToApply
 0004:00000154       TeeConst.TeeMsg_SureToDelete
 0004:00000464       TeeConst.TeeMsg_SVGFilter
 0004:000001F8       TeeConst.TeeMsg_TeeChartWizard
 0003:00000030       TeeConst.TeeMsg_TeeExtension
 0004:00000024       TeeConst.TeeMsg_Test
 0004:000002D0       TeeConst.TeeMsg_Text
 0004:0000042C       TeeConst.TeeMsg_TextFilter1
 0004:00000430       TeeConst.TeeMsg_TextFilter2
 0004:00000434       TeeConst.TeeMsg_TextFilter3
 0004:00000438       TeeConst.TeeMsg_TextFilter4
 0004:0000043C       TeeConst.TeeMsg_TextFilter5
 0004:0000024C       TeeConst.TeeMsg_Title
 0004:00000144       TeeConst.TeeMsg_TopAxis
 0004:00000314       TeeConst.TeeMsg_Triangle
 0004:000003C8       TeeConst.TeeMsg_Value
 0004:0000022C       TeeConst.TeeMsg_ValuesAngle
 0004:00000240       TeeConst.TeeMsg_ValuesArrowEndX
 0004:00000244       TeeConst.TeeMsg_ValuesArrowEndY
 0004:00000228       TeeConst.TeeMsg_ValuesBar
 0004:0000023C       TeeConst.TeeMsg_ValuesBubbleRadius
 0004:00000160       TeeConst.TeeMsg_ValuesFormat
 0004:00000234       TeeConst.TeeMsg_ValuesGanttEnd
 0004:00000238       TeeConst.TeeMsg_ValuesGanttNextTask
 0004:00000230       TeeConst.TeeMsg_ValuesGanttStart
 0004:00000224       TeeConst.TeeMsg_ValuesPie
 0004:0000021C       TeeConst.TeeMsg_ValuesX
 0004:00000220       TeeConst.TeeMsg_ValuesY
 0004:0000035C       TeeConst.TeeMsg_VertLine
 0004:00000424       TeeConst.TeeMsg_View2D
 0004:00000454       TeeConst.TeeMsg_View3DFront
 0004:0000045C       TeeConst.TeeMsg_View3DLeft
 0004:00000458       TeeConst.TeeMsg_View3DRight
 0004:00000450       TeeConst.TeeMsg_ViewOrthoLeft
 0004:0000044C       TeeConst.TeeMsg_ViewOrthoRight
 0004:000003B0       TeeConst.TeeMsg_VMLFilter
 0004:000003BC       TeeConst.TeeMsg_WantToSave
 0004:00000064       TeeConst.TeeMsg_WarningHiColor
 0004:00000204       TeeConst.TeeMsg_WizardSureToClose
 0004:000001F4       TeeConst.TeeMsg_WizardTab
 0004:00000268       TeeConst.TeeMsg_WrongTeeFileFormat
 0004:00000440       TeeConst.TeeMsg_XMLFilter
 0004:000003CC       TeeConst.TeeMsg_Yes
 0001:000022AC       TeeConst.TeeSetConstants
 0004:0000047C       TeeHtml..1
 0001:00005888       TeeHtml..HtmlParserException
 0001:00006CA8       TeeHtml.DoImage
 0001:000066C8       TeeHtml.DoStringReplace
 0001:000070F4       TeeHtml.DoToken
 0001:00007BE4       TeeHtml.Finalization
 0001:00005D20       TeeHtml.FontWeight
 0001:00005BE4       TeeHtml.GetToken
 0004:00000478       TeeHtml.GraphicDownload
 0004:00000474       TeeHtml.GraphicFileExtension
 0001:00005FC0       TeeHtml.HexToColor
 0001:00005960       TeeHtml.HtmlField
 0001:000058E8       TeeHtml.HtmlNumFields
 0001:00007B68       TeeHtml.HtmlTextExtent
 0001:00007B84       TeeHtml.HtmlTextOut
 0001:00006108       TeeHtml.HtmlToColor
 0001:00006AF0       TeeHtml.ImageNotFound
 0001:00007ACC       TeeHtml.InternalHtmlText
 0001:000070C8       TeeHtml.NewSize
 0001:000067D4       TeeHtml.OutputText
 0001:00005B98       TeeHtml.PopFont
 0001:00005B4C       TeeHtml.PopState
 0001:000062C8       TeeHtml.ProcessFont
 0001:00005E90       TeeHtml.PushCurrentFont
 0001:00005B3C       TeeHtml.PushFont
 0001:00005B2C       TeeHtml.PushState
 0001:00006BE0       TeeHtml.RemoveQuotes
 0001:00006AA8       TeeHtml.SetBackFont
 0004:00000480       TeeHtml.State
 0004:00000484       TeeHtml.StateFont
 0002:000001C4       TeeHtml.TeeHtml
 0004:0000049C       TeEngine..84
 0001:0001B480       TeEngine..AxisException
 0001:0001F124       TeEngine..ChartException
 0001:0001B5CC       TeEngine..TAxisGridPen
 0001:0001B6AC       TeEngine..TAxisItem
 0001:0001B8C8       TeEngine..TAxisItems
 0001:0001DD24       TeEngine..TCallout
 0001:0001CB48       TeEngine..TChartAxes
 0001:0001BB2C       TeEngine..TChartAxis
 0001:0001B9A0       TeEngine..TChartAxisPen
 0001:0001B34C       TeEngine..TChartAxisTitle
 0001:0001CDA8       TeEngine..TChartChangePage
 0001:0001CBD8       TeEngine..TChartCustomAxes
 0001:0001C348       TeEngine..TChartDepthAxis
 0001:0001EF00       TeEngine..TChartSeries
 0001:0001C85C       TeEngine..TChartSeriesList
[...]
   285 0001:00042EB8   286 0001:00042EBC   287 0001:00042EC1   288 0001:00042ECF
   290 0001:00042ED3   291 0001:00042EDC   292 0001:00042EE8   294 0001:00042EF4
   303 0001:00042EFC   304 0001:00042F20   305 0001:00042F22   306 0001:00042F26
   307 0001:00042F2E   308 0001:00042F36   310 0001:00042F4A   311 0001:00042F72
   312 0001:00042F9D   313 0001:00042FC5   314 0001:00043000   315 0001:0004303B
   308 0001:0004303C   316 0001:00043043   318 0001:0004304F   319 0001:0004305A
   322 0001:00043063   323 0001:00043071   324 0001:0004308C   325 0001:00043096
   326 0001:000430A6   330 0001:000430D0   331 0001:000430EA   334 0001:000430F1
   338 0001:00043198   339 0001:000431B8   340 0001:000431C7   345 0001:000431F4
   346 0001:000431F8   347 0001:000431FC   349 0001:00043210   350 0001:0004321E
   351 0001:00043242   353 0001:00043246   359 0001:00043250   360 0001:0004325A
   361 0001:00043265   362 0001:00043278   363 0001:00043283   364 0001:00043288
   365 0001:00043296   371 0001:0004329C   372 0001:000432B0   373 0001:000432BB
   374 0001:000432CE   375 0001:000432DB   376 0001:000432E0   377 0001:00043311
   378 0001:0004331F   384 0001:00043328   385 0001:00043336   386 0001:00043350
   387 0001:0004335B   388 0001:0004336E   389 0001:0004337B   390 0001:00043380
   391 0001:00043392   392 0001:000433A0   443 0001:000433C4   444 0001:000433CC
   448 0001:000433D0   449 0001:000433D9   453 0001:000433DC   454 0001:000433E1
   457 0001:000433E4   458 0001:000433EA   459 0001:0004340C   471 0001:00043410
   472 0001:0004341A   477 0001:00043426   479 0001:00043439   480 0001:0004343F
   485 0001:00043443   488 0001:00043448   493 0001:00043458   496 0001:0004347C
   497 0001:0004348D   498 0001:00043499   501 0001:000434B0   502 0001:000434D0
   503 0001:000434DF   507 0001:00043500   508 0001:0004350C   509 0001:0004350E
   520 0001:00043510   522 0001:00043531   523 0001:0004353F   520 0001:00043548
   525 0001:00043550   527 0001:00043557

Line numbers for ORNet(..\CPRS-Lib\ORNet.pas) segment .itext

   512 0002:00000564   513 0002:0000057E   514 0002:00000585   515 0002:00000594
   516 0002:000005A5   517 0002:000005AF   519 0002:000005B6

Line numbers for ORDtTm(..\CPRS-Lib\ORDtTm.pas) segment .text

   262 0001:0004491C   263 0001:00044920   264 0001:00044924   265 0001:00044942
   268 0001:00044948   269 0001:00044961   270 0001:0004496A   271 0001:00044997
   272 0001:000449AC   275 0001:000449EC   276 0001:000449F2   277 0001:000449FB
   278 0001:00044A12   279 0001:00044A1B   282 0001:00044A24   283 0001:00044A2A
   284 0001:00044A54   285 0001:00044A69   296 0001:00044A74   297 0001:00044A90
   298 0001:00044A99   299 0001:00044AD3   300 0001:00044ADB   307 0001:00044B1C
   308 0001:00044B3E   309 0001:00044B7D   310 0001:00044BA0   311 0001:00044BB5
   312 0001:00044BD0   313 0001:00044BE8   314 0001:00044C14   315 0001:00044C31
   320 0001:00044CA0   321 0001:00044CBF   322 0001:00044CC5   324 0001:00044CD4
   325 0001:00044CE1   326 0001:00044CF2   331 0001:00044D48   332 0001:00044D54
   334 0001:00044D5C   335 0001:00044D6F   336 0001:00044D79   337 0001:00044D84
   340 0001:00044D88   341 0001:00044DA7   342 0001:00044DDA   343 0001:00044DE4
   347 0001:00044E20   348 0001:00044E2F   349 0001:00044E3F   353 0001:00044E48
   354 0001:00044E57   355 0001:00044E67   358 0001:00044E70   359 0001:00044E7C
   360 0001:00044E8A   363 0001:00044E90   364 0001:00044E9C   365 0001:00044EAA
   369 0001:00044EB0   370 0001:00044EBF   371 0001:00044ECF   375 0001:00044ED8
   376 0001:00044EE7   377 0001:00044EF7   380 0001:00044F00   381 0001:00044F0C
   382 0001:00044F26   383 0001:00044F3A   384 0001:00044F4E   385 0001:00044F5E
   388 0001:00044F64   389 0001:00044F70   391 0001:00044F7C   392 0001:00044F90
   394 0001:00044FA4   395 0001:00044FAE   398 0001:00044FB4   399 0001:00044FC1
   400 0001:0004500E   401 0001:00045036   402 0001:00045041   408 0001:00045068
   409 0001:00045087   420 0001:000450A0   422 0001:000450B4   423 0001:000450CB
   424 0001:000450DE   429 0001:000450E8   431 0001:00045123   432 0001:0004512D
   435 0001:00045164   436 0001:00045183   438 0001:0004519D   439 0001:000451CA
   440 0001:000451D4   443 0001:00045208   445 0001:00045214   446 0001:00045227
   451 0001:0004523C   452 0001:00045264   454 0001:000452A4   455 0001:000452B5
   457 0001:000452BA   459 0001:000452F2   461 0001:0004530E   462 0001:00045357
   463 0001:00045361   465 0001:00045372   466 0001:0004537F   469 0001:00045444
   470 0001:00045450   471 0001:0004545D   474 0001:00045464   475 0001:0004546B
   476 0001:00045473   477 0001:0004547D   482 0001:00045480   483 0001:0004549B
   484 0001:000454A8   485 0001:000454B1   486 0001:000454BF   487 0001:000454CB
   494 0001:000454EC   495 0001:00045511   496 0001:00045528   499 0001:00045536
   500 0001:0004555D   502 0001:0004557B   503 0001:000455A2   504 0001:000455B5
   506 0001:000455C2   507 0001:000455D2   508 0001:000455E2   509 0001:000455F2
   510 0001:00045602   511 0001:00045612   512 0001:0004563B   513 0001:00045664
   514 0001:0004567E   516 0001:0004569F   517 0001:000456AF   519 0001:000456B9
   520 0001:000456DB   521 0001:00045735   522 0001:00045741   523 0001:00045753
   527 0001:0004577F   529 0001:0004578F   532 0001:000457E8   533 0001:000457F1
   534 0001:00045803   537 0001:0004580C   538 0001:00045818   539 0001:00045821
   541 0001:0004582A   542 0001:00045831   544 0001:0004584A   547 0001:00045850
   548 0001:00045857   549 0001:00045878   552 0001:00045884   553 0001:00045890
   554 0001:00045899   555 0001:000458A9   561 0001:000458B0   562 0001:000458BC
   563 0001:000458C7   564 0001:000458DB   570 0001:000458E0   571 0001:000458FB
   572 0001:00045908   573 0001:00045920   574 0001:00045931   575 0001:00045944
   576 0001:00045957   577 0001:00045973   578 0001:00045983   579 0001:0004598D
   580 0001:000459A2   581 0001:000459B2   582 0001:000459C4   588 0001:00045A00
   589 0001:00045A0D   590 0001:00045A18   592 0001:00045A24   593 0001:00045A30
   595 0001:00045A37   596 0001:00045A3E   598 0001:00045A7D   599 0001:00045A85
   605 0001:00045A8C   606 0001:00045A98   608 0001:00045AAA   609 0001:00045AB6
   610 0001:00045ACE   612 0001:00045AD4   613 0001:00045AE8   614 0001:00045AF3
   618 0001:00045AFF   619 0001:00045B12   620 0001:00045B20   623 0001:00045B2A
   626 0001:00045B50   627 0001:00045B5C   628 0001:00045B64   634 0001:00045B6C
   635 0001:00045B8F   636 0001:00045BA6   638 0001:00045BD4   639 0001:00045BEB
   641 0001:00045C22   642 0001:00045C33   643 0001:00045C4A   644 0001:00045C5B
   646 0001:00045C67   647 0001:00045C79   648 0001:00045C81   650 0001:00045C9D
   651 0001:00045CA5   652 0001:00045CC4   653 0001:00045CD9   654 0001:00045CE4
   657 0001:00045D1C   658 0001:00045D23   659 0001:00045D2B   660 0001:00045D35
   663 0001:00045D38   664 0001:00045D48   665 0001:00045D56   666 0001:00045D5F
   667 0001:00045D71   669 0001:00045D79   672 0001:00045D80   673 0001:00045D9F
   674 0001:00045DA7   675 0001:00045DEC   676 0001:00045E01   679 0001:00045E2C
   680 0001:00045E54   681 0001:00045E5C   682 0001:00045E7A   683 0001:00045EB1
   685 0001:00045EDF   686 0001:00045EFC   688 0001:00045F34   691 0001:00045F74
   692 0001:00045F80   693 0001:00045F8C   695 0001:00045F98   696 0001:00045FA2
   697 0001:00045FC1   699 0001:00045FE8   700 0001:00045FF0   703 0001:00046024
   704 0001:0004602B   705 0001:00046040   706 0001:00046048   709 0001:00046050
   710 0001:0004605C   711 0001:00046068   713 0001:00046074   714 0001:0004609B
   716 0001:000460A5   722 0001:000460DC   723 0001:000460E5   724 0001:000460FE
   725 0001:0004610A   726 0001:0004611C   727 0001:00046121   728 0001:00046126
   729 0001:0004613F   732 0001:00046144   733 0001:0004615E   735 0001:00046177
   736 0001:000461AD   737 0001:000461D6   739 0001:00046201   742 0001:0004625C
   743 0001:0004627E   744 0001:00046286   752 0001:000462B8   753 0001:000462D5
   754 0001:000462F7   755 0001:00046331   757 0001:0004636B   762 0001:000463E8
   763 0001:00046407   764 0001:00046412   765 0001:00046439   766 0001:0004646B
   769 0001:00046498   770 0001:000464A4   772 0001:000464B2   773 0001:000464BE
   775 0001:000464DA   778 0001:000464E0   779 0001:000464EC   780 0001:000464F8
   781 0001:00046510   782 0001:00046520   783 0001:00046530   784 0001:00046540
   785 0001:00046550   786 0001:00046564   788 0001:00046572   789 0001:00046583
   792 0001:00046588   793 0001:00046594   794 0001:000465A5   795 0001:000465B0
   798 0001:000465B4   799 0001:000465C0   800 0001:000465D1   803 0001:000465D8
   804 0001:000465E7   805 0001:000465ED   807 0001:000465FA   808 0001:00046602
   811 0001:00046608   812 0001:00046611   813 0001:0004664B   819 0001:00046654
   820 0001:00046660   821 0001:0004666C   824 0001:00046673   825 0001:0004668C
   827 0001:000466A1   841 0001:000466A8   842 0001:000466B4   844 0001:000466C2
   845 0001:000466CE   846 0001:000466D4   848 0001:000466E0   850 0001:000466EA
   855 0001:000466F0   856 0001:0004670B   857 0001:00046718   858 0001:0004672C
   859 0001:00046736   860 0001:00046740   861 0001:0004674A   862 0001:00046754
   863 0001:0004676A   864 0001:00046779   867 0001:0004679C   868 0001:000467AD
   869 0001:000467BC   870 0001:000467CB   871 0001:000467DA   872 0001:000467E9
   873 0001:000467F8   874 0001:00046806   877 0001:00046818   878 0001:00046821
   879 0001:0004683C   885 0001:00046854   886 0001:00046873   887 0001:00046878
   889 0001:00046888   892 0001:000468A5   893 0001:000468BD   895 0001:000468D8
   890 0001:0004690B   898 0001:00046926   897 0001:00046951   899 0001:0004696A
   900 0001:00046970   901 0001:0004698B   902 0001:0004699A   904 0001:000469A6
   910 0001:000469E4   911 0001:00046A04   912 0001:00046A09   914 0001:00046A19
   915 0001:00046A2D   916 0001:00046A46   918 0001:00046A4D   919 0001:00046A59
   921 0001:00046A88   922 0001:00046AB5   924 0001:00046ABB   925 0001:00046AED
   926 0001:00046AF5   928 0001:00046AFB   916 0001:00046AFE   929 0001:00046B08
   930 0001:00046B0E   932 0001:00046B12   938 0001:00046B44   939 0001:00046B4D
   941 0001:00046B5D   942 0001:00046B67   943 0001:00046B75   944 0001:00046B87
   945 0001:00046B95   946 0001:00046BAD   947 0001:00046BB9   948 0001:00046BBD
   949 0001:00046BC2   951 0001:00046BD2   953 0001:00046BE2   954 0001:00046BFA
   955 0001:00046C0B   956 0001:00046C1B   957 0001:00046C2B   958 0001:00046C3B
   959 0001:00046C4E   960 0001:00046C5E   962 0001:00046C7A   963 0001:00046C8E
   964 0001:00046CA5   965 0001:00046CB2   966 0001:00046CC3   967 0001:00046CD4
   968 0001:00046CEB   970 0001:00046CF4   972 0001:00046D04   974 0001:00046D14
   975 0001:00046D2C   976 0001:00046D3D   977 0001:00046D4D   978 0001:00046D5D
   979 0001:00046D6D   980 0001:00046D89   982 0001:00046D9C   983 0001:00046DB0
   984 0001:00046DC7   985 0001:00046DD4   986 0001:00046DE5   987 0001:00046DF6
   988 0001:00046E07   989 0001:00046E1E   992 0001:00046E29   996 0001:00046E3A
   997 0001:00046E49   999 0001:00046E58  1001 0001:00046E68  1002 0001:00046E82
  1003 0001:00046E93  1004 0001:00046EA3  1005 0001:00046EB6  1006 0001:00046ED2
  1008 0001:00046EEE  1009 0001:00046F02  1010 0001:00046F19  1011 0001:00046F24
  1012 0001:00046F35  1013 0001:00046F46  1014 0001:00046F57  1015 0001:00046F5D
  1017 0001:00046F69  1018 0001:00046F81  1019 0001:00046F92  1020 0001:00046FA2
  1021 0001:00046FB4  1022 0001:00046FC6  1024 0001:00046FE2  1025 0001:00046FF2
  1026 0001:00047002  1027 0001:00047013  1028 0001:00047024  1029 0001:00047054
  1030 0001:00047066  1032 0001:00047076  1034 0001:00047086  1035 0001:0004709E
  1036 0001:000470AE  1037 0001:000470BF  1038 0001:000470CF  1039 0001:000470EB
  1041 0001:00047107  1042 0001:00047116  1043 0001:00047124  1044 0001:00047135
  1045 0001:00047146  1046 0001:00047157  1049 0001:00047162  1050 0001:00047171
  1051 0001:0004717F  1052 0001:0004718A  1053 0001:00047192  1054 0001:0004719C
  1056 0001:000471B1  1059 0001:000471DA  1062 0001:000471EC  1065 0001:00047228
  1066 0001:00047234  1068 0001:00047242  1069 0001:0004724E  1070 0001:0004725A
  1072 0001:00047276  1075 0001:0004727C  1076 0001:00047288  1077 0001:0004729D
  1078 0001:000472A2  1079 0001:000472BE  1080 0001:000472C3  1082 0001:000472D1
  1083 0001:000472DD  1085 0001:000472E9  1086 0001:00047308  1087 0001:00047312
  1089 0001:00047329  1091 0001:00047331  1094 0001:00047338  1095 0001:00047344
  1097 0001:00047352  1098 0001:0004735E  1100 0001:00047369  1103 0001:00047370
  1104 0001:0004737C  1105 0001:0004738E  1106 0001:00047392  1108 0001:000473A0
  1109 0001:000473AC  1110 0001:000473BD  1112 0001:000473C8  1115 0001:000473CC
  1116 0001:000473D8  1118 0001:000473E6  1119 0001:000473F2  1121 0001:000473F8
  1122 0001:00047402  1123 0001:0004740D  1125 0001:00047418  1127 0001:00047423
  1130 0001:00047428  1131 0001:00047434  1132 0001:00047449  1133 0001:0004744E
  1134 0001:0004745A  1135 0001:0004745F  1137 0001:0004746D  1138 0001:00047479
  1139 0001:00047485  1140 0001:0004749C  1141 0001:000474A4  1143 0001:000474AC
  1146 0001:000474B0  1147 0001:000474BC  1149 0001:000474CA  1150 0001:000474D6
  1152 0001:000474E1  1155 0001:000474E8  1156 0001:00047507  1158 0001:00047519
  1159 0001:00047525  1160 0001:00047543  1161 0001:0004754E  1163 0001:0004757E
  1164 0001:00047588  1165 0001:00047596  1167 0001:000475A2  1168 0001:000475B5
  1172 0001:000475C9  1173 0001:000475EB  1176 0001:00047628  1179 0001:0004763A
  1180 0001:00047646  1181 0001:00047650  1182 0001:00047658  1184 0001:00047660
  1187 0001:00047694  1188 0001:000476A0  1189 0001:000476B7  1190 0001:000476C3
  1191 0001:000476CE  1192 0001:000476D6  1193 0001:000476DE  1196 0001:000476E4
  1197 0001:000476F0  1198 0001:00047707  1199 0001:00047713  1200 0001:0004771E
  1201 0001:00047728  1202 0001:00047730  1203 0001:00047738  1206 0001:0004773C
  1207 0001:0004775B  1208 0001:0004776B  1209 0001:00047775  1210 0001:00047783
  1211 0001:000477A7  1212 0001:000477C5  1213 0001:000477D0  1214 0001:000477DC
  1216 0001:000477F0  1217 0001:00047820  1218 0001:0004782C  1219 0001:00047836
  1220 0001:0004783E  1222 0001:00047853  1224 0001:00047865  1230 0001:00047888
  1231 0001:00047891  1233 0001:000478B1  1234 0001:000478CC  1235 0001:000478D8
  1236 0001:000478E2  1238 0001:00047906  1239 0001:00047932  1240 0001:0004794C
  1241 0001:0004795A  1244 0001:00047965  1247 0001:0004796C  1248 0001:00047973
  1249 0001:0004797B  1250 0001:00047987  1251 0001:00047992  1254 0001:00047998
  1255 0001:0004799F  1256 0001:000479AB  1257 0001:000479B6  1258 0001:000479BE
  1266 0001:000479C4  1267 0001:000479D0  1268 0001:000479E2  1269 0001:000479F0
  1270 0001:000479FC  1271 0001:00047A08  1272 0001:00047A14  1273 0001:00047A2E
  1274 0001:00047A47  1276 0001:00047A58  1278 0001:00047A81  1279 0001:00047A8E
  1282 0001:00047A9B  1283 0001:00047AA7  1284 0001:00047AB4  1285 0001:00047AC0
  1286 0001:00047ACD  1287 0001:00047AE4  1288 0001:00047AEE  1289 0001:00047AF8
  1291 0001:00047B04  1292 0001:00047B0F  1293 0001:00047B1A  1294 0001:00047B25
  1298 0001:00047B3E  1299 0001:00047B49  1300 0001:00047B54  1303 0001:00047B6C
  1305 0001:00047B7C  1312 0001:00047B80  1313 0001:00047BA3  1314 0001:00047BB3
  1315 0001:00047BBD  1316 0001:00047BCB  1318 0001:00047BDF  1319 0001:00047BF9
  1320 0001:00047C06  1321 0001:00047C31  1324 0001:00047C39  1325 0001:00047C46
  1326 0001:00047C64  1327 0001:00047C6F  1328 0001:00047C7B  1330 0001:00047C90
  1331 0001:00047CB2  1332 0001:00047CBE  1333 0001:00047CC8  1334 0001:00047CD0
  1336 0001:00047CE5  1338 0001:00047CF7  1341 0001:00047D2C  1342 0001:00047D52
  1344 0001:00047D7D  1345 0001:00047DA8  1346 0001:00047DAE  1347 0001:00047DC4
  1349 0001:00047DD4  1352 0001:00047E1C  1353 0001:00047E25  1354 0001:00047E34
  1356 0001:00047E3E  1357 0001:00047E71  1363 0001:00047E78  1364 0001:00047E94
  1366 0001:00047EA3  1367 0001:00047EAD  1371 0001:00047EBC  1372 0001:00047ED5
  1374 0001:00047F03  1375 0001:00047F11  1376 0001:00047F1F  1377 0001:00047F2D
  1378 0001:00047F3B  1379 0001:00047F4C  1380 0001:00047F57  1381 0001:00047F61
  1383 0001:00047F6C  1386 0001:00047F94  1387 0001:00047FB6  1388 0001:00047FBE
  1390 0001:00047FCE  1392 0001:00047FDE  1393 0001:00047FEA  1395 0001:00048013
  1396 0001:0004803A  1397 0001:00048046  1398 0001:00048071  1400 0001:00048081
  1402 0001:000480A0  1405 0001:000480E0  1406 0001:000480E8  1407 0001:000480F5
  1408 0001:00048107  1411 0001:0004810C  1412 0001:00048118  1413 0001:00048123
  1416 0001:00048128  1417 0001:00048134  1418 0001:0004813F  1419 0001:0004814A
  1425 0001:00048150  1426 0001:00048171  1427 0001:00048179  1428 0001:00048190
  1430 0001:000481CE  1431 0001:000481DA  1433 0001:000481E9  1434 0001:000481F6
  1435 0001:0004821B  1437 0001:0004822A  1438 0001:0004824F  1440 0001:00048261
  1441 0001:00048271  1443 0001:0004827F  1448 0001:0004832C  1449 0001:00048332
  1450 0001:0004835C  1453 0001:00048370  1454 0001:0004837C  1456 0001:0004838A
  1457 0001:00048396  1459 0001:000483A1

Line numbers for ORDtTm(..\CPRS-Lib\ORDtTm.pas) segment .itext

  1461 0002:000005E8  1462 0002:000005F1  1464 0002:000005FF

Line numbers for ORDtTmRng(..\CPRS-Lib\ORDtTmRng.pas) segment .text

    53 0001:00048880    54 0001:00048892    55 0001:0004889B    56 0001:000488A8
    57 0001:000488B5    58 0001:000488C2    59 0001:000488CF    64 0001:0004894C
    65 0001:0004896A    66 0001:00048981    69 0001:0004898F    70 0001:000489A0
    71 0001:000489B1    73 0001:000489C0    74 0001:000489D4    76 0001:000489F6
    77 0001:00048A05    78 0001:00048A19    80 0001:00048A3B    81 0001:00048AB6
    82 0001:00048AC6    84 0001:00048AD0    85 0001:00048AEC    86 0001:00048B08
    87 0001:00048B1A    88 0001:00048B2C    89 0001:00048B48    93 0001:00048B71
    95 0001:00048B81    98 0001:00048BCC    99 0001:00048BCF   100 0001:00048BD4
   102 0001:00048BD8   103 0001:00048BDC   104 0001:00048BF9   105 0001:00048C16
   107 0001:00048C32   110 0001:00048C60   111 0001:00048C63   112 0001:00048C68
   114 0001:00048C6C   115 0001:00048C88   117 0001:00048C91   120 0001:00048CC0
   121 0001:00048CD6   122 0001:00048CE2   123 0001:00048CFE   126 0001:00048D24
   127 0001:00048D3A   128 0001:00048D46   129 0001:00048D62   132 0001:00048D88
   133 0001:00048D8E   134 0001:00048D98   135 0001:00048DA0   138 0001:00048DA4
   139 0001:00048DAA   140 0001:00048DB4   141 0001:00048DBC   149 0001:00048DC0
   150 0001:00048DD6   151 0001:00048DE4   153 0001:00048DEA   154 0001:00048E07
   156 0001:00048E09   157 0001:00048E17   159 0001:00048E1D   160 0001:00048E3A
   162 0001:00048E3C   163 0001:00048E46   167 0001:00048E8C   168 0001:00048E96
   172 0001:00048E98   173 0001:00048E99   174 0001:00048EAF   178 0001:00048EC4
   179 0001:00048EC8   180 0001:00048EDE   181 0001:00048EE7   182 0001:00048F03
   183 0001:00048F10   184 0001:00048F26   185 0001:00048F2F   186 0001:00048F4B
   187 0001:00048F5A   188 0001:00048F61   189 0001:00048F6A   192 0001:00048F70
   193 0001:00048F73   194 0001:00048F7E   195 0001:00048F89   198 0001:00048F8C
   199 0001:00048F8F   200 0001:00048F96   201 0001:00048F9F

Line numbers for ORDtTmRng(..\CPRS-Lib\ORDtTmRng.pas) segment .itext

   203 0002:00000600

Bound resource files

OR2006Compatibility.dfm
c:\program files\codegear\rad studio\5.0\lib\TeeResou.res
ORDtTm.DFM
ORDtTm.RES
ORDtTmRng.DFM
ORDateLib2006.res
ORDtTm.dcr
ORDtTmRng.dcr
ORDateLib2006.drf


Program entry point at 0002:00000608
