
 Start         Length     Name                   Class
 0001:00401000 0000E89CH .text                   CODE
 0002:00410000 000002DCH .itext                  ICODE
 0003:00411000 0000058CH .data                   DATA
 0004:00412000 00000058H .bss                    BSS
 0005:00000000 00000000H .tls                    TLS


Detailed map of segments

 0001:00000000 0000020E C=CODE     S=.text    G=(none)   M=System   ACBP=A9
 0001:00000210 0000010E C=CODE     S=.text    G=(none)   M=SysUtils ACBP=A9
 0001:00000320 000000BC C=CODE     S=.text    G=(none)   M=Windows  ACBP=A9
 0001:000003DC 000000BE C=CODE     S=.text    G=(none)   M=Classes  ACBP=A9
 0001:0000049C 00000006 C=CODE     S=.text    G=(none)   M=TypInfo  ACBP=A9
 0001:000004A4 00000006 C=CODE     S=.text    G=(none)   M=Variants ACBP=A9
 0001:000004AC 00000006 C=CODE     S=.text    G=(none)   M=VarUtils ACBP=A9
 0001:000004B4 000002AE C=CODE     S=.text    G=(none)   M=Controls ACBP=A9
 0001:00000764 00000006 C=CODE     S=.text    G=(none)   M=ActnList ACBP=A9
 0001:0000076C 000000B6 C=CODE     S=.text    G=(none)   M=Graphics ACBP=A9
 0001:00000824 00000006 C=CODE     S=.text    G=(none)   M=Registry ACBP=A9
 0001:0000082C 00000006 C=CODE     S=.text    G=(none)   M=IniFiles ACBP=A9
 0001:00000834 0000017E C=CODE     S=.text    G=(none)   M=Forms    ACBP=A9
 0001:000009B4 00000006 C=CODE     S=.text    G=(none)   M=HelpIntfs ACBP=A9
 0001:000009BC 00000006 C=CODE     S=.text    G=(none)   M=MultiMon ACBP=A9
 0001:000009C4 0000001E C=CODE     S=.text    G=(none)   M=Menus    ACBP=A9
 0001:000009E4 00000006 C=CODE     S=.text    G=(none)   M=UxTheme  ACBP=A9
 0001:000009EC 00000006 C=CODE     S=.text    G=(none)   M=Themes   ACBP=A9
 0001:000009F4 00000006 C=CODE     S=.text    G=(none)   M=Dialogs  ACBP=A9
 0001:000009FC 000000C6 C=CODE     S=.text    G=(none)   M=StdCtrls ACBP=A9
 0001:00000AC4 00000006 C=CODE     S=.text    G=(none)   M=Printers ACBP=A9
 0001:00000ACC 0000005E C=CODE     S=.text    G=(none)   M=ExtCtrls ACBP=A9
 0001:00000B2C 00000006 C=CODE     S=.text    G=(none)   M=GraphUtil ACBP=A9
 0001:00000B34 00000006 C=CODE     S=.text    G=(none)   M=Clipbrd  ACBP=A9
 0001:00000B3C 00000006 C=CODE     S=.text    G=(none)   M=FlatSB   ACBP=A9
 0001:00000B44 00000006 C=CODE     S=.text    G=(none)   M=CheckLst ACBP=A9
 0001:00000B4C 00000056 C=CODE     S=.text    G=(none)   M=Grids    ACBP=A9
 0001:00000BA4 0000004E C=CODE     S=.text    G=(none)   M=Mask     ACBP=A9
 0001:00000BF4 00000016 C=CODE     S=.text    G=(none)   M=Buttons  ACBP=A9
 0001:00000C0C 0000008E C=CODE     S=.text    G=(none)   M=ComCtrls ACBP=A9
 0001:00000C9C 00000006 C=CODE     S=.text    G=(none)   M=ExtActns ACBP=A9
 0001:00000CA4 00000006 C=CODE     S=.text    G=(none)   M=ExtDlgs  ACBP=A9
 0001:00000CAC 00000006 C=CODE     S=.text    G=(none)   M=Mapi     ACBP=A9
 0001:00000CB4 00000006 C=CODE     S=.text    G=(none)   M=VAUtils  ACBP=A9
 0001:00000CBC 00000006 C=CODE     S=.text    G=(none)   M=ComObj   ACBP=A9
 0001:00000CC4 000001C3 C=CODE     S=.text    G=(none)   M=SysInit  ACBP=A9
 0001:00000E88 00000056 C=CODE     S=.text    G=(none)   M=Calendar ACBP=A9
 0001:00000EE0 000003EA C=CODE     S=.text    G=(none)   M=ORDtTmCal ACBP=A9
 0001:000012CC 0000003E C=CODE     S=.text    G=(none)   M=ORCtrls  ACBP=A9
 0001:0000130C 00000226 C=CODE     S=.text    G=(none)   M=OR2006Compatibility ACBP=A9
 0001:00001534 00000006 C=CODE     S=.text    G=(none)   M=CCOWRPCBroker ACBP=A9
 0001:0000153C 00000006 C=CODE     S=.text    G=(none)   M=OleCtrls ACBP=A9
 0001:00001544 00000006 C=CODE     S=.text    G=(none)   M=AxCtrls  ACBP=A9
 0001:0000154C 00000006 C=CODE     S=.text    G=(none)   M=OleServer ACBP=A9
 0001:00001554 00000046 C=CODE     S=.text    G=(none)   M=Trpcb    ACBP=A9
 0001:0000159C 00000006 C=CODE     S=.text    G=(none)   M=Hash     ACBP=A9
 0001:000015A4 00000006 C=CODE     S=.text    G=(none)   M=MFunStr  ACBP=A9
 0001:000015AC 00000016 C=CODE     S=.text    G=(none)   M=WinSock  ACBP=A9
 0001:000015C4 00000006 C=CODE     S=.text    G=(none)   M=SelDiv   ACBP=A9
 0001:000015CC 00000006 C=CODE     S=.text    G=(none)   M=XWBRich20 ACBP=A9
 0001:000015D4 00000006 C=CODE     S=.text    G=(none)   M=Sgnoncnf ACBP=A9
 0001:000015DC 0000000E C=CODE     S=.text    G=(none)   M=Rpcconf1 ACBP=A9
 0001:000015EC 00000006 C=CODE     S=.text    G=(none)   M=RpcNet   ACBP=A9
 0001:000015F4 00000016 C=CODE     S=.text    G=(none)   M=TeEngine ACBP=A9
 0001:0000160C 00000006 C=CODE     S=.text    G=(none)   M=TeeProcs ACBP=A9
 0001:00001614 00000006 C=CODE     S=.text    G=(none)   M=Chart    ACBP=A9
 0001:0000161C 00006518 C=CODE     S=.text    G=(none)   M=ORFn     ACBP=A9
 0001:00007B34 0000140D C=CODE     S=.text    G=(none)   M=ORNet    ACBP=A9
 0001:00008F44 0000498E C=CODE     S=.text    G=(none)   M=ORDtTm   ACBP=A9
 0001:0000D8D4 00000C1E C=CODE     S=.text    G=(none)   M=ORDtTmRng ACBP=A9
 0001:0000E4F4 000003A7 C=CODE     S=.text    G=(none)   M=.ORDateLib2006 ACBP=A9
 0002:00000000 00000006 C=ICODE    S=.itext   G=(none)   M=System   ACBP=A9
 0002:00000008 00000006 C=ICODE    S=.itext   G=(none)   M=SysUtils ACBP=A9
 0002:00000010 00000011 C=ICODE    S=.itext   G=(none)   M=Windows  ACBP=A9
 0002:00000024 00000006 C=ICODE    S=.itext   G=(none)   M=Classes  ACBP=A9
 0002:0000002C 00000006 C=ICODE    S=.itext   G=(none)   M=TypInfo  ACBP=A9
 0002:00000034 00000006 C=ICODE    S=.itext   G=(none)   M=Variants ACBP=A9
 0002:0000003C 00000006 C=ICODE    S=.itext   G=(none)   M=VarUtils ACBP=A9
 0002:00000044 00000006 C=ICODE    S=.itext   G=(none)   M=Controls ACBP=A9
 0002:0000004C 00000006 C=ICODE    S=.itext   G=(none)   M=ActnList ACBP=A9
 0002:00000054 00000006 C=ICODE    S=.itext   G=(none)   M=Graphics ACBP=A9
 0002:0000005C 00000006 C=ICODE    S=.itext   G=(none)   M=Registry ACBP=A9
 0002:00000064 00000006 C=ICODE    S=.itext   G=(none)   M=IniFiles ACBP=A9
 0002:0000006C 00000006 C=ICODE    S=.itext   G=(none)   M=Forms    ACBP=A9
 0002:00000074 00000006 C=ICODE    S=.itext   G=(none)   M=HelpIntfs ACBP=A9
 0002:0000007C 00000006 C=ICODE    S=.itext   G=(none)   M=MultiMon ACBP=A9
 0002:00000084 00000006 C=ICODE    S=.itext   G=(none)   M=Menus    ACBP=A9
 0002:0000008C 00000006 C=ICODE    S=.itext   G=(none)   M=UxTheme  ACBP=A9
 0002:00000094 00000006 C=ICODE    S=.itext   G=(none)   M=Themes   ACBP=A9
 0002:0000009C 00000006 C=ICODE    S=.itext   G=(none)   M=Dialogs  ACBP=A9
 0002:000000A4 00000006 C=ICODE    S=.itext   G=(none)   M=Printers ACBP=A9
 0002:000000AC 00000006 C=ICODE    S=.itext   G=(none)   M=ExtCtrls ACBP=A9
 0002:000000B4 00000006 C=ICODE    S=.itext   G=(none)   M=GraphUtil ACBP=A9
 0002:000000BC 00000006 C=ICODE    S=.itext   G=(none)   M=Clipbrd  ACBP=A9
 0002:000000C4 00000006 C=ICODE    S=.itext   G=(none)   M=FlatSB   ACBP=A9
 0002:000000CC 00000006 C=ICODE    S=.itext   G=(none)   M=CheckLst ACBP=A9
 0002:000000D4 00000006 C=ICODE    S=.itext   G=(none)   M=Buttons  ACBP=A9
 0002:000000DC 00000006 C=ICODE    S=.itext   G=(none)   M=ComCtrls ACBP=A9
 0002:000000E4 00000006 C=ICODE    S=.itext   G=(none)   M=ExtActns ACBP=A9
 0002:000000EC 00000006 C=ICODE    S=.itext   G=(none)   M=ExtDlgs  ACBP=A9
 0002:000000F4 00000006 C=ICODE    S=.itext   G=(none)   M=Mapi     ACBP=A9
 0002:000000FC 00000006 C=ICODE    S=.itext   G=(none)   M=VAUtils  ACBP=A9
 0002:00000104 00000006 C=ICODE    S=.itext   G=(none)   M=ComObj   ACBP=A9
 0002:0000010C 00000008 C=ICODE    S=.itext   G=(none)   M=ORDtTmCal ACBP=A9
 0002:00000114 00000006 C=ICODE    S=.itext   G=(none)   M=ORCtrls  ACBP=A9
 0002:0000011C 00000008 C=ICODE    S=.itext   G=(none)   M=OR2006Compatibility ACBP=A9
 0002:00000124 00000006 C=ICODE    S=.itext   G=(none)   M=CCOWRPCBroker ACBP=A9
 0002:0000012C 00000006 C=ICODE    S=.itext   G=(none)   M=OleCtrls ACBP=A9
 0002:00000134 00000006 C=ICODE    S=.itext   G=(none)   M=AxCtrls  ACBP=A9
 0002:0000013C 00000006 C=ICODE    S=.itext   G=(none)   M=OleServer ACBP=A9
 0002:00000144 00000006 C=ICODE    S=.itext   G=(none)   M=Trpcb    ACBP=A9
 0002:0000014C 00000006 C=ICODE    S=.itext   G=(none)   M=Hash     ACBP=A9
 0002:00000154 00000006 C=ICODE    S=.itext   G=(none)   M=MFunStr  ACBP=A9
 0002:0000015C 00000006 C=ICODE    S=.itext   G=(none)   M=SelDiv   ACBP=A9
 0002:00000164 00000006 C=ICODE    S=.itext   G=(none)   M=XWBRich20 ACBP=A9
 0002:0000016C 00000006 C=ICODE    S=.itext   G=(none)   M=Sgnoncnf ACBP=A9
 0002:00000174 00000006 C=ICODE    S=.itext   G=(none)   M=Rpcconf1 ACBP=A9
 0002:0000017C 00000006 C=ICODE    S=.itext   G=(none)   M=RpcNet   ACBP=A9
 0002:00000184 00000006 C=ICODE    S=.itext   G=(none)   M=TeEngine ACBP=A9
 0002:0000018C 00000006 C=ICODE    S=.itext   G=(none)   M=TeeProcs ACBP=A9
 0002:00000194 00000006 C=ICODE    S=.itext   G=(none)   M=Chart    ACBP=A9
 0002:0000019C 00000090 C=ICODE    S=.itext   G=(none)   M=ORFn     ACBP=A9
 0002:0000022C 00000084 C=ICODE    S=.itext   G=(none)   M=ORNet    ACBP=A9
 0002:000002B0 0000001C C=ICODE    S=.itext   G=(none)   M=ORDtTm   ACBP=A9
 0002:000002CC 00000008 C=ICODE    S=.itext   G=(none)   M=ORDtTmRng ACBP=A9
 0002:000002D4 00000005 C=ICODE    S=.itext   G=(none)   M=.ORDateLib2006 ACBP=A9
 0003:00000000 0000002C C=DATA     S=.data    G=DGROUP   M=SysInit  ACBP=A9
 0003:0000002C 00000510 C=DATA     S=.data    G=DGROUP   M=ORFn     ACBP=A9
 0003:0000053C 0000000A C=DATA     S=.data    G=DGROUP   M=ORNet    ACBP=A9
 0003:00000548 00000030 C=DATA     S=.data    G=DGROUP   M=ORDtTm   ACBP=A9
 0004:00000000 00000008 C=BSS      S=.bss     G=DGROUP   M=Windows  ACBP=A9
 0004:00000008 0000000C C=BSS      S=.bss     G=DGROUP   M=SysInit  ACBP=A9
 0004:00000014 00000004 C=BSS      S=.bss     G=DGROUP   M=ORDtTmCal ACBP=A9
 0004:00000018 00000008 C=BSS      S=.bss     G=DGROUP   M=OR2006Compatibility ACBP=A9
 0004:00000020 00000010 C=BSS      S=.bss     G=DGROUP   M=ORFn     ACBP=A9
 0004:00000030 00000015 C=BSS      S=.bss     G=DGROUP   M=ORNet    ACBP=A9
 0004:00000048 0000000C C=BSS      S=.bss     G=DGROUP   M=ORDtTm   ACBP=A9
 0004:00000054 00000004 C=BSS      S=.bss     G=DGROUP   M=ORDtTmRng ACBP=A9


  Address             Publics by Name

 0002:000002D4       .ORDateLib2006..ORDateLib2006
 0001:0000E87C       .ORDateLib2006.@GetPackageInfoTable
 0001:0000E884       .ORDateLib2006.@PackageLoad
 0001:0000E890       .ORDateLib2006.@PackageUnload
 0004:0000001C       OR2006Compatibility..2
 0001:0000130C       OR2006Compatibility..Tfrm2006Compatibility
 0001:00001504       OR2006Compatibility.Finalization
 0004:00000018       OR2006Compatibility.frm2006Compatibility
 0002:0000011C       OR2006Compatibility.OR2006Compatibility
 0001:000014B0       OR2006Compatibility.Tfrm2006Compatibility.CreateNew
 0004:00000048       ORDtTm..6
 0001:000096D0       ORDtTm..TORDateBox
 0001:00009964       ORDtTm..TORDateCombo
 0001:0000B9C0       ORDtTm..TORDateComboEdit
 0001:00009484       ORDtTm..TORDateEdit
 0001:0000934C       ORDtTm..TORDateTimeDlg
 0001:00008F44       ORDtTm..TORfrmDtTm
 0001:00009D04       ORDtTm.ActiveBroker
 0003:00000548       ORDtTm.DaysInMonth
 0001:0000B964       ORDtTm.DaysPerMonth
 0001:0000D8A4       ORDtTm.Finalization
 0001:0000B918       ORDtTm.IsLeapYear
 0001:0000A088       ORDtTm.LoadEllipsis
 0002:000002B0       ORDtTm.ORDtTm
 0001:0000D828       ORDtTm.Register
 0001:00009F04       ORDtTm.RelativeDateTime
 0001:00009D30       ORDtTm.ServerFMNow
 0001:00009DD4       ORDtTm.ServerNow
 0001:00009E5C       ORDtTm.ServerParseFMDate
 0001:00009E0C       ORDtTm.ServerToday
 0001:0000AF4C       ORDtTm.TORDateBox.ButtonClick
 0001:0000B0C4       ORDtTm.TORDateBox.Change
 0001:0000ACA0       ORDtTm.TORDateBox.Create
 0001:0000B8C4       ORDtTm.TORDateBox.GetCaption
 0001:0000B8E8       ORDtTm.TORDateBox.GetDynamicProperty
 0001:0000B128       ORDtTm.TORDateBox.GetFMDateTime
 0001:0000B1BC       ORDtTm.TORDateBox.GetRelativeTime
 0001:0000B74C       ORDtTm.TORDateBox.IsValid
 0001:0000B0E0       ORDtTm.TORDateBox.KeyDown
 0001:0000B7D4       ORDtTm.TORDateBox.SetBlackColorMode
 0001:0000B81C       ORDtTm.TORDateBox.SetCaption
 0001:0000B2E0       ORDtTm.TORDateBox.SetDateOnly
 0001:0000B448       ORDtTm.TORDateBox.SetEditRect
 0001:0000B390       ORDtTm.TORDateBox.SetFMDateTime
 0001:0000B3BC       ORDtTm.TORDateBox.SetRequireTime
 0001:0000AE60       ORDtTm.TORDateBox.SetTemplateField
 0001:0000AF30       ORDtTm.TORDateBox.SupportsDynamicProperty
 0001:0000B4C0       ORDtTm.TORDateBox.UpdateText
 0001:0000B5D8       ORDtTm.TORDateBox.Validate
 0001:0000ADC0       ORDtTm.TORDateBox.WMSize
 0001:0000CECC       ORDtTm.TORDateCombo.BtnClicked
 0001:0000CD90       ORDtTm.TORDateCombo.CheckDays
 0001:0000D644       ORDtTm.TORDateCombo.CMFontChanged
 0001:0000BBA0       ORDtTm.TORDateCombo.Create
 0001:0000D4B0       ORDtTm.TORDateCombo.DateText
 0001:0000CB9C       ORDtTm.TORDateCombo.DayChanged
 0001:0000BC40       ORDtTm.TORDateCombo.Destroy
 0001:0000D5FC       ORDtTm.TORDateCombo.DoChange
 0001:0000D324       ORDtTm.TORDateCombo.GetFMDate
 0001:0000BCBC       ORDtTm.TORDateCombo.GetYearSize
 0001:0000BD00       ORDtTm.TORDateCombo.InitDays
 0001:0000BEBC       ORDtTm.TORDateCombo.InitMonths
 0001:0000CE74       ORDtTm.TORDateCombo.Loaded
 0001:0000CBEC       ORDtTm.TORDateCombo.MonthChanged
 0001:0000CEA0       ORDtTm.TORDateCombo.Paint
 0001:0000C024       ORDtTm.TORDateCombo.Rebuild
 0001:0000D628       ORDtTm.TORDateCombo.Resized
 0001:0000C730       ORDtTm.TORDateCombo.SetBlackColorMode
 0001:0000C784       ORDtTm.TORDateCombo.SetDay
 0001:0000D3A4       ORDtTm.TORDateCombo.SetFMDate
 0001:0000C840       ORDtTm.TORDateCombo.SetIncludeBtn
 0001:0000C878       ORDtTm.TORDateCombo.SetIncludeDay
 0001:0000C8D4       ORDtTm.TORDateCombo.SetIncludeMonth
 0001:0000C9B8       ORDtTm.TORDateCombo.SetLongMonths
 0001:0000C930       ORDtTm.TORDateCombo.SetMonth
 0001:0000D86C       ORDtTm.TORDateCombo.SetTemplateField
 0001:0000C9F0       ORDtTm.TORDateCombo.SetYear
 0001:0000D66C       ORDtTm.TORDateCombo.Text
 0001:0000CC44       ORDtTm.TORDateCombo.YearChanged
 0001:0000D234       ORDtTm.TORDateCombo.YearKeyPress
 0001:0000D088       ORDtTm.TORDateCombo.YearUDChange
 0001:0000BB58       ORDtTm.TORDateComboEdit.SetTemplateField
 0001:0000AC70       ORDtTm.TORDateEdit.CreateParams
 0001:0000A834       ORDtTm.TORDateTimeDlg.Create
 0001:0000A8A0       ORDtTm.TORDateTimeDlg.Execute
 0001:0000ABA8       ORDtTm.TORDateTimeDlg.GetFMDateTime
 0001:0000ABCC       ORDtTm.TORDateTimeDlg.SetDateOnly
 0001:0000AC10       ORDtTm.TORDateTimeDlg.SetFMDateTime
 0001:0000AC44       ORDtTm.TORDateTimeDlg.SetRequireTime
 0001:0000A170       ORDtTm.TORfrmDtTm.calSelectChange
 0001:0000A7F8       ORDtTm.TORfrmDtTm.cmdCancelClick
 0001:0000A5F4       ORDtTm.TORfrmDtTm.cmdMidnightClick
 0001:0000A554       ORDtTm.TORfrmDtTm.cmdNowClick
 0001:0000A628       ORDtTm.TORfrmDtTm.cmdOKClick
 0001:0000A2E8       ORDtTm.TORfrmDtTm.cmdTodayClick
 0001:0000A130       ORDtTm.TORfrmDtTm.FormCreate
 0001:0000A278       ORDtTm.TORfrmDtTm.imgNextMonthClick
 0001:0000A230       ORDtTm.TORfrmDtTm.imgNextMonthMouseDown
 0001:0000A2C0       ORDtTm.TORfrmDtTm.imgNextMonthMouseUp
 0001:0000A258       ORDtTm.TORfrmDtTm.imgPrevMonthClick
 0001:0000A208       ORDtTm.TORfrmDtTm.imgPrevMonthMouseDown
 0001:0000A298       ORDtTm.TORfrmDtTm.imgPrevMonthMouseUp
 0001:0000A818       ORDtTm.TORfrmDtTm.Loaded
 0001:0000A39C       ORDtTm.TORfrmDtTm.lstHourClick
 0001:0000A450       ORDtTm.TORfrmDtTm.lstMinuteClick
 0001:0000A34C       ORDtTm.TORfrmDtTm.txtTimeChange
 0004:0000004C       ORDtTm.uServerToday
 0004:00000014       ORDtTmCal..2
 0001:00000EE0       ORDtTmCal..TORCalendar
 0001:0000129C       ORDtTmCal.Finalization
 0002:0000010C       ORDtTmCal.ORDtTmCal
 0001:0000126C       ORDtTmCal.Register
 0001:00001070       ORDtTmCal.TORCalendar.DrawCell
 0001:000011F8       ORDtTmCal.TORCalendar.KeyDown
 0004:00000054       ORDtTmRng..3
 0001:0000DB08       ORDtTmRng..TORDateRangeDlg
 0001:0000D8D4       ORDtTmRng..TORfrmDateRange
 0001:0000E4C4       ORDtTmRng.Finalization
 0002:000002CC       ORDtTmRng.ORDtTmRng
 0001:0000E3A8       ORDtTmRng.Register
 0001:0000DD7C       ORDtTmRng.TORDateRangeDlg.Create
 0001:0000DE4C       ORDtTmRng.TORDateRangeDlg.Execute
 0001:0000E0CC       ORDtTmRng.TORDateRangeDlg.SetDateOnly
 0001:0000E1C8       ORDtTmRng.TORDateRangeDlg.SetFMDateStart
 0001:0000E22C       ORDtTmRng.TORDateRangeDlg.SetFMDateStop
 0001:0000E164       ORDtTmRng.TORDateRangeDlg.SetRequireTime
 0001:0000E290       ORDtTmRng.TORDateRangeDlg.SetTextOfStart
 0001:0000E2B0       ORDtTmRng.TORDateRangeDlg.SetTextOfStop
 0001:0000E39C       ORDtTmRng.TORfrmDateRange.cmdCancelClick
 0001:0000E2D0       ORDtTmRng.TORfrmDateRange.cmdOKClick
 0001:0000E3D8       ORDtTmRng.TORfrmDateRange.FormCreate
 0001:0000E488       ORDtTmRng.TORfrmDateRange.FormDestroy
 0001:0000E4A8       ORDtTmRng.TORfrmDateRange.Loaded
 0004:00000020       ORFn..1
 0001:00001714       ORFn..EFMDateTimeError
 0001:000043E0       ORFn..QuickAddError
 0001:00003F70       ORFn..QuickCopyError
 0001:000074F8       ORFn..TIdleCaller
 0001:00006238       ORFn.AdjustForWindowsXPStyleTitleBar
 0004:00000028       ORFn.AlignList
 0004:0000002C       ORFn.AnchorList
 0001:00005C04       ORFn.AnchorsToStr
 0001:00004E68       ORFn.BaseFont
 0001:00006CF0       ORFn.BlackColorScheme
 0001:00006DC8       ORFn.BlackColorSchemeUpdate
 0003:0000002C       ORFn.BOOLCHAR
 0001:00007854       ORFn.CallWhenIdle
 0001:000078C4       ORFn.CallWhenIdleNotifyWhenDone
 0001:00002490       ORFn.CharAt
 0001:00006BB4       ORFn.CheckColorScheme
 0001:00003868       ORFn.ComparePieces
 0001:00006F58       ORFn.ComponentUpdateColorsFor508Compliance
 0001:000024D4       ORFn.ContainsAlpha
 0001:00002534       ORFn.ContainsVisibleChar
 0001:0000258C       ORFn.ConvertSpecialStrings
 0003:0000011C       ORFn.CRC32_TABLE
 0001:000026B0       ORFn.CRCForFile
 0001:00002760       ORFn.CRCForStrings
 0001:00001774       ORFn.DateTimeToFMDateTime
 0001:00003EA0       ORFn.DelimCount
 0001:00007A98       ORFn.EnterIsPressed
 0001:00002A78       ORFn.ExpandTabsFilter
 0001:00002EC8       ORFn.ExtractDefault
 0001:00002DC0       ORFn.ExtractFloat
 0001:00002CC4       ORFn.ExtractInteger
 0001:00003070       ORFn.ExtractItems
 0001:0000320C       ORFn.ExtractText
 0001:000049A4       ORFn.FastAddStrings
 0001:0000486C       ORFn.FastAssign
 0004:00000024       ORFn.FBaseFont
 0001:00002864       ORFn.FilteredString
 0001:00007AB0       ORFn.Finalization
 0001:00001AE0       ORFn.FMDateTimeOffsetBy
 0001:00001850       ORFn.FMDateTimeToDateTime
 0001:00004F40       ORFn.FontWidthPixel
 0001:00004EC8       ORFn.FontWidthSubPixel
 0001:00005AE8       ORFn.ForceInsideWorkArea
 0001:00001B84       ORFn.FormatFMDateTime
 0001:00002184       ORFn.FormatFMDateTimeStr
 0001:00006D30       ORFn.Get508CompliantColor
 0001:0000443C       ORFn.GetStrings
 0001:00003FCC       ORFn.GetStrings
 0001:00002404       ORFn.HigherOf
 0003:00000538       ORFn.IdleCaller
 0001:00004CAC       ORFn.InfoBox
 0001:000033A8       ORFn.InvertStringList
 0001:000021CC       ORFn.IsFMDateTime
 0001:00007404       ORFn.KillObj
 0001:00004CF0       ORFn.LimitEditWidth
 0001:00004AE8       ORFn.LimitStringLength
 0001:00007148       ORFn.ListGridDrawCell
 0001:00007238       ORFn.ListGridDrawLines
 0001:00007380       ORFn.ListGridRowHeight
 0001:0000242C       ORFn.LowerOf
 0001:00004E7C       ORFn.MainFont
 0001:00004F90       ORFn.MainFontHeight
 0001:00004EB0       ORFn.MainFontSize
 0001:00004F78       ORFn.MainFontWidth
 0001:000022B4       ORFn.MakeFMDateTime
 0001:00007938       ORFn.menuHideAllBut
 0001:00003410       ORFn.MixedCase
 0001:0000362C       ORFn.MixedCaseByPiece
 0001:00003594       ORFn.MixedCaseList
 0003:00000064       ORFn.MONTH_NAMES_LONG
 0003:00000034       ORFn.MONTH_NAMES_SHORT
 0001:00006D10       ORFn.NormalColorScheme
 0001:000067C8       ORFn.NumCharsFitInWidth
 0002:0000019C       ORFn.ORFn
 0001:000036F8       ORFn.Piece
 0001:0000379C       ORFn.Pieces
 0001:000039E8       ORFn.PiecesToList
 0001:0000691C       ORFn.PopupComponent
 0003:00000530       ORFn.PURE_BLACK
 0001:0000479C       ORFn.QuickAdd
 0001:00004330       ORFn.QuickCopy
 0001:00004FD0       ORFn.RedrawActivate
 0001:00004FB4       ORFn.RedrawSuspend
 0001:00006970       ORFn.ReformatMemoParagraph
 0003:000000FC       ORFn.ReplaceChars
 0001:00004FF8       ORFn.ResetSelectedForList
 0001:000060B4       ORFn.ResizeAnchoredFormToFont
 0001:0000576C       ORFn.ResizeChartFonts
 0001:0000531C       ORFn.ResizeCheckListBox
 0001:000052B0       ORFn.ResizeComboBox
 0001:00005350       ORFn.ResizeDescendants
 0001:00005958       ORFn.ResizeFontsInDescendants
 0001:00005F14       ORFn.ResizeFormToFont
 0001:00005198       ORFn.ResizeHeaderControl
 0001:00005098       ORFn.ResizeHeight
 0001:000052E8       ORFn.ResizeListBox
 0001:00005214       ORFn.ResizeListView
 0001:00005118       ORFn.ResizeToFont
 0001:00005044       ORFn.ResizeWidth
 0001:00005E28       ORFn.RestoreAlign
 0001:00003A94       ORFn.ReverseStr
 0001:00006FF4       ORFn.ScanAllComponents
 0003:00000030       ORFn.ScrollBarHeight
 0003:000000DC       ORFn.SearchChars
 0001:00006344       ORFn.SetEqualTabStops
 0001:000022F4       ORFn.SetListFMDateTime
 0001:00003B24       ORFn.SetPiece
 0001:00003C60       ORFn.SetPieces
 0001:00007A48       ORFn.ShiftTabIsPressed
 0001:000064A0       ORFn.ShowMsgOn
 0001:00003D34       ORFn.SortByPiece
 0001:00006450       ORFn.StatusText
 0001:00005C78       ORFn.StrToAnchors
 0001:00002454       ORFn.StrToFloatDef
 0001:00005D40       ORFn.SuspendAlign
 0001:000079F8       ORFn.TabIsPressed
 0001:00006580       ORFn.TextHeightByFont
 0001:000064D0       ORFn.TextWidthByFont
 0001:00007718       ORFn.TIdleCaller.Add
 0001:000076BC       ORFn.TIdleCaller.AppIdle
 0001:00007550       ORFn.TIdleCaller.Create
 0001:00007638       ORFn.TIdleCaller.Destroy
 0001:00007784       ORFn.TIdleCaller.TimerDone
 0001:00001B18       ORFn.TrimFormatCount
 0003:00000520       ORFn.uBlackColorScheme
 0003:00000534       ORFn.uBorderlessWindowColorWhenBlack
 0003:0000052C       ORFn.uCheckColorScheme
 0003:00000528       ORFn.uMaroonColorWhenBlack
 0003:0000051C       ORFn.uNormalColorScheme
 0001:000070BC       ORFn.UpdateColorsFor508Compliance
 0001:00002628       ORFn.UpdateCrc32
 0001:000070EC       ORFn.UpdateReadOnlyColorScheme
 0003:00000524       ORFn.uWhiteColorScheme
 0001:00004A64       ORFn.ValidFileName
 0001:00006640       ORFn.WrappedTextHeightByFont
 0004:00000038       ORNet..1
 0001:000088C4       ORNet.AuthorizedOption
 0003:00000544       ORNet.BoolChar
 0001:00008848       ORNet.CallBroker
 0001:00008260       ORNet.CallBrokerInContext
 0001:00008E74       ORNet.CallRPCWhenIdle
 0001:00008C04       ORNet.CallV
 0001:0000890C       ORNet.ConnectToServer
 0001:00008DCC       ORNet.DottedIPStr
 0001:00007B34       ORNet.EnsureBroker
 0001:00008EC4       ORNet.Finalization
 0001:00008D94       ORNet.GetRPCMax
 0001:00008238       ORNet.IsBaseContext
 0001:00008D9C       ORNet.LoadRPCData
 0001:00008BA8       ORNet.MRef
 0002:0000022C       ORNet.ORNet
 0001:00008D7C       ORNet.RetainedRPCCount
 0004:00000030       ORNet.RPCBrokerV
 0001:00008E40       ORNet.RPCIdleCallDone
 0004:00000034       ORNet.RPCLastCall
 0001:00008C54       ORNet.sCallV
 0001:0000885C       ORNet.SetBrokerServer
 0001:00007BA0       ORNet.SetList
 0001:00007C58       ORNet.SetParams
 0001:00008D88       ORNet.SetRetainedRPCMax
 0001:00008CE0       ORNet.tCallV
 0003:0000053C       ORNet.uBaseContext
 0004:0000003C       ORNet.uCallList
 0003:00000540       ORNet.uCurrentContext
 0004:00000040       ORNet.uMaxCalls
 0001:00008180       ORNet.UpdateContext
 0004:00000044       ORNet.uShowRPCs
 0001:00000E0C       SysInit.@InitPkg
 0001:00000E70       SysInit.@PackageLoad
 0001:00000E7C       SysInit.@PackageUnload
 0001:00000CFC       SysInit.AllocTlsBuffer
 0001:00000DB8       SysInit.ExitProcessTLS
 0001:00000D80       SysInit.ExitThreadTLS
 0001:00000CC4       SysInit.FreeLibrary
 0001:00000D08       SysInit.GetTlsSize
 0004:0000000C       SysInit.HInstance
 0001:00000DDC       SysInit.InitializeModule
 0001:00000D54       SysInit.InitProcessTLS
 0001:00000D10       SysInit.InitThreadTLS
 0001:00000CCC       SysInit.LocalAlloc
 0001:00000CD4       SysInit.LocalFree
 0003:00000004       SysInit.Module
 0004:00000008       SysInit.ModuleIsLib
 0004:00000009       SysInit.ModuleIsPackage
 0001:00000CDC       SysInit.TlsAlloc
 0004:00000010       SysInit.tlsBuffer
 0001:00000CE4       SysInit.TlsFree
 0001:00000CEC       SysInit.TlsGetValue
 0003:00000000       SysInit.TlsIndex
 0005:00000000       SysInit.TlsLast
 0003:0000001C       SysInit.TlsProc
 0001:00000CF4       SysInit.TlsSetValue
 0001:00000DE8       SysInit.UninitializeModule
 0004:00000000       Windows..3
 0001:00000328       Windows.CreateFont
 0001:00000330       Windows.DeleteObject
 0001:00000360       Windows.DrawText
 0001:00000398       Windows.Finalization
 0001:00000320       Windows.FreeLibrary
 0001:00000368       Windows.GetDC
 0001:00000338       Windows.GetDeviceCaps
 0001:00000370       Windows.GetKeyState
 0001:00000378       Windows.GetSystemMetrics
 0001:00000340       Windows.GetTextExtentPoint32
 0001:00000348       Windows.GetTextFace
 0001:00000350       Windows.GetTextMetrics
 0004:00000004       Windows.HtmlHelpModule
 0001:00000380       Windows.InvalidateRect
 0001:00000388       Windows.ReleaseDC
 0001:00000358       Windows.SelectObject
 0001:00000390       Windows.SendMessage
 0002:00000010       Windows.Windows
 0001:000015B4       WinSock.gethostbyname
 0001:000015BC       WinSock.gethostname
 0001:000015AC       WinSock.inet_ntoa


  Address             Publics by Value

 0001:00000320       Windows.FreeLibrary
 0001:00000328       Windows.CreateFont
 0001:00000330       Windows.DeleteObject
 0001:00000338       Windows.GetDeviceCaps
 0001:00000340       Windows.GetTextExtentPoint32
 0001:00000348       Windows.GetTextFace
 0001:00000350       Windows.GetTextMetrics
 0001:00000358       Windows.SelectObject
 0001:00000360       Windows.DrawText
 0001:00000368       Windows.GetDC
 0001:00000370       Windows.GetKeyState
 0001:00000378       Windows.GetSystemMetrics
 0001:00000380       Windows.InvalidateRect
 0001:00000388       Windows.ReleaseDC
 0001:00000390       Windows.SendMessage
 0001:00000398       Windows.Finalization
 0001:00000CC4       SysInit.FreeLibrary
 0001:00000CCC       SysInit.LocalAlloc
 0001:00000CD4       SysInit.LocalFree
 0001:00000CDC       SysInit.TlsAlloc
 0001:00000CE4       SysInit.TlsFree
 0001:00000CEC       SysInit.TlsGetValue
 0001:00000CF4       SysInit.TlsSetValue
 0001:00000CFC       SysInit.AllocTlsBuffer
 0001:00000D08       SysInit.GetTlsSize
 0001:00000D10       SysInit.InitThreadTLS
 0001:00000D54       SysInit.InitProcessTLS
 0001:00000D80       SysInit.ExitThreadTLS
 0001:00000DB8       SysInit.ExitProcessTLS
 0001:00000DDC       SysInit.InitializeModule
 0001:00000DE8       SysInit.UninitializeModule
 0001:00000E0C       SysInit.@InitPkg
 0001:00000E70       SysInit.@PackageLoad
 0001:00000E7C       SysInit.@PackageUnload
 0001:00000EE0       ORDtTmCal..TORCalendar
 0001:00001070       ORDtTmCal.TORCalendar.DrawCell
 0001:000011F8       ORDtTmCal.TORCalendar.KeyDown
 0001:0000126C       ORDtTmCal.Register
 0001:0000129C       ORDtTmCal.Finalization
 0001:0000130C       OR2006Compatibility..Tfrm2006Compatibility
 0001:000014B0       OR2006Compatibility.Tfrm2006Compatibility.CreateNew
 0001:00001504       OR2006Compatibility.Finalization
 0001:000015AC       WinSock.inet_ntoa
 0001:000015B4       WinSock.gethostbyname
 0001:000015BC       WinSock.gethostname
 0001:00001714       ORFn..EFMDateTimeError
 0001:00001774       ORFn.DateTimeToFMDateTime
 0001:00001850       ORFn.FMDateTimeToDateTime
 0001:00001AE0       ORFn.FMDateTimeOffsetBy
 0001:00001B18       ORFn.TrimFormatCount
 0001:00001B84       ORFn.FormatFMDateTime
 0001:00002184       ORFn.FormatFMDateTimeStr
 0001:000021CC       ORFn.IsFMDateTime
 0001:000022B4       ORFn.MakeFMDateTime
 0001:000022F4       ORFn.SetListFMDateTime
 0001:00002404       ORFn.HigherOf
 0001:0000242C       ORFn.LowerOf
 0001:00002454       ORFn.StrToFloatDef
 0001:00002490       ORFn.CharAt
 0001:000024D4       ORFn.ContainsAlpha
 0001:00002534       ORFn.ContainsVisibleChar
 0001:0000258C       ORFn.ConvertSpecialStrings
 0001:00002628       ORFn.UpdateCrc32
 0001:000026B0       ORFn.CRCForFile
 0001:00002760       ORFn.CRCForStrings
 0001:00002864       ORFn.FilteredString
 0001:00002A78       ORFn.ExpandTabsFilter
 0001:00002CC4       ORFn.ExtractInteger
 0001:00002DC0       ORFn.ExtractFloat
 0001:00002EC8       ORFn.ExtractDefault
 0001:00003070       ORFn.ExtractItems
 0001:0000320C       ORFn.ExtractText
 0001:000033A8       ORFn.InvertStringList
 0001:00003410       ORFn.MixedCase
 0001:00003594       ORFn.MixedCaseList
 0001:0000362C       ORFn.MixedCaseByPiece
 0001:000036F8       ORFn.Piece
 0001:0000379C       ORFn.Pieces
 0001:00003868       ORFn.ComparePieces
 0001:000039E8       ORFn.PiecesToList
 0001:00003A94       ORFn.ReverseStr
 0001:00003B24       ORFn.SetPiece
 0001:00003C60       ORFn.SetPieces
 0001:00003D34       ORFn.SortByPiece
 0001:00003EA0       ORFn.DelimCount
 0001:00003F70       ORFn..QuickCopyError
 0001:00003FCC       ORFn.GetStrings
 0001:00004330       ORFn.QuickCopy
 0001:000043E0       ORFn..QuickAddError
 0001:0000443C       ORFn.GetStrings
 0001:0000479C       ORFn.QuickAdd
 0001:0000486C       ORFn.FastAssign
 0001:000049A4       ORFn.FastAddStrings
 0001:00004A64       ORFn.ValidFileName
 0001:00004AE8       ORFn.LimitStringLength
 0001:00004CAC       ORFn.InfoBox
 0001:00004CF0       ORFn.LimitEditWidth
 0001:00004E68       ORFn.BaseFont
 0001:00004E7C       ORFn.MainFont
 0001:00004EB0       ORFn.MainFontSize
 0001:00004EC8       ORFn.FontWidthSubPixel
 0001:00004F40       ORFn.FontWidthPixel
 0001:00004F78       ORFn.MainFontWidth
 0001:00004F90       ORFn.MainFontHeight
 0001:00004FB4       ORFn.RedrawSuspend
 0001:00004FD0       ORFn.RedrawActivate
 0001:00004FF8       ORFn.ResetSelectedForList
 0001:00005044       ORFn.ResizeWidth
 0001:00005098       ORFn.ResizeHeight
 0001:00005118       ORFn.ResizeToFont
 0001:00005198       ORFn.ResizeHeaderControl
 0001:00005214       ORFn.ResizeListView
 0001:000052B0       ORFn.ResizeComboBox
 0001:000052E8       ORFn.ResizeListBox
 0001:0000531C       ORFn.ResizeCheckListBox
 0001:00005350       ORFn.ResizeDescendants
 0001:0000576C       ORFn.ResizeChartFonts
 0001:00005958       ORFn.ResizeFontsInDescendants
 0001:00005AE8       ORFn.ForceInsideWorkArea
 0001:00005C04       ORFn.AnchorsToStr
 0001:00005C78       ORFn.StrToAnchors
 0001:00005D40       ORFn.SuspendAlign
 0001:00005E28       ORFn.RestoreAlign
 0001:00005F14       ORFn.ResizeFormToFont
 0001:000060B4       ORFn.ResizeAnchoredFormToFont
 0001:00006238       ORFn.AdjustForWindowsXPStyleTitleBar
 0001:00006344       ORFn.SetEqualTabStops
 0001:00006450       ORFn.StatusText
 0001:000064A0       ORFn.ShowMsgOn
 0001:000064D0       ORFn.TextWidthByFont
 0001:00006580       ORFn.TextHeightByFont
 0001:00006640       ORFn.WrappedTextHeightByFont
 0001:000067C8       ORFn.NumCharsFitInWidth
 0001:0000691C       ORFn.PopupComponent
 0001:00006970       ORFn.ReformatMemoParagraph
 0001:00006BB4       ORFn.CheckColorScheme
 0001:00006CF0       ORFn.BlackColorScheme
 0001:00006D10       ORFn.NormalColorScheme
 0001:00006D30       ORFn.Get508CompliantColor
 0001:00006DC8       ORFn.BlackColorSchemeUpdate
 0001:00006F58       ORFn.ComponentUpdateColorsFor508Compliance
 0001:00006FF4       ORFn.ScanAllComponents
 0001:000070BC       ORFn.UpdateColorsFor508Compliance
 0001:000070EC       ORFn.UpdateReadOnlyColorScheme
 0001:00007148       ORFn.ListGridDrawCell
 0001:00007238       ORFn.ListGridDrawLines
 0001:00007380       ORFn.ListGridRowHeight
 0001:00007404       ORFn.KillObj
 0001:000074F8       ORFn..TIdleCaller
 0001:00007550       ORFn.TIdleCaller.Create
 0001:00007638       ORFn.TIdleCaller.Destroy
 0001:000076BC       ORFn.TIdleCaller.AppIdle
 0001:00007718       ORFn.TIdleCaller.Add
 0001:00007784       ORFn.TIdleCaller.TimerDone
 0001:00007854       ORFn.CallWhenIdle
 0001:000078C4       ORFn.CallWhenIdleNotifyWhenDone
 0001:00007938       ORFn.menuHideAllBut
 0001:000079F8       ORFn.TabIsPressed
 0001:00007A48       ORFn.ShiftTabIsPressed
 0001:00007A98       ORFn.EnterIsPressed
 0001:00007AB0       ORFn.Finalization
 0001:00007B34       ORNet.EnsureBroker
 0001:00007BA0       ORNet.SetList
 0001:00007C58       ORNet.SetParams
 0001:00008180       ORNet.UpdateContext
 0001:00008238       ORNet.IsBaseContext
 0001:00008260       ORNet.CallBrokerInContext
 0001:00008848       ORNet.CallBroker
 0001:0000885C       ORNet.SetBrokerServer
 0001:000088C4       ORNet.AuthorizedOption
 0001:0000890C       ORNet.ConnectToServer
 0001:00008BA8       ORNet.MRef
 0001:00008C04       ORNet.CallV
 0001:00008C54       ORNet.sCallV
 0001:00008CE0       ORNet.tCallV
 0001:00008D7C       ORNet.RetainedRPCCount
 0001:00008D88       ORNet.SetRetainedRPCMax
 0001:00008D94       ORNet.GetRPCMax
 0001:00008D9C       ORNet.LoadRPCData
 0001:00008DCC       ORNet.DottedIPStr
 0001:00008E40       ORNet.RPCIdleCallDone
 0001:00008E74       ORNet.CallRPCWhenIdle
 0001:00008EC4       ORNet.Finalization
 0001:00008F44       ORDtTm..TORfrmDtTm
 0001:0000934C       ORDtTm..TORDateTimeDlg
 0001:00009484       ORDtTm..TORDateEdit
 0001:000096D0       ORDtTm..TORDateBox
 0001:00009964       ORDtTm..TORDateCombo
 0001:00009D04       ORDtTm.ActiveBroker
 0001:00009D30       ORDtTm.ServerFMNow
 0001:00009DD4       ORDtTm.ServerNow
 0001:00009E0C       ORDtTm.ServerToday
 0001:00009E5C       ORDtTm.ServerParseFMDate
 0001:00009F04       ORDtTm.RelativeDateTime
 0001:0000A088       ORDtTm.LoadEllipsis
 0001:0000A130       ORDtTm.TORfrmDtTm.FormCreate
 0001:0000A170       ORDtTm.TORfrmDtTm.calSelectChange
 0001:0000A208       ORDtTm.TORfrmDtTm.imgPrevMonthMouseDown
 0001:0000A230       ORDtTm.TORfrmDtTm.imgNextMonthMouseDown
 0001:0000A258       ORDtTm.TORfrmDtTm.imgPrevMonthClick
 0001:0000A278       ORDtTm.TORfrmDtTm.imgNextMonthClick
 0001:0000A298       ORDtTm.TORfrmDtTm.imgPrevMonthMouseUp
 0001:0000A2C0       ORDtTm.TORfrmDtTm.imgNextMonthMouseUp
 0001:0000A2E8       ORDtTm.TORfrmDtTm.cmdTodayClick
 0001:0000A34C       ORDtTm.TORfrmDtTm.txtTimeChange
 0001:0000A39C       ORDtTm.TORfrmDtTm.lstHourClick
 0001:0000A450       ORDtTm.TORfrmDtTm.lstMinuteClick
 0001:0000A554       ORDtTm.TORfrmDtTm.cmdNowClick
 0001:0000A5F4       ORDtTm.TORfrmDtTm.cmdMidnightClick
 0001:0000A628       ORDtTm.TORfrmDtTm.cmdOKClick
 0001:0000A7F8       ORDtTm.TORfrmDtTm.cmdCancelClick
 0001:0000A818       ORDtTm.TORfrmDtTm.Loaded
 0001:0000A834       ORDtTm.TORDateTimeDlg.Create
 0001:0000A8A0       ORDtTm.TORDateTimeDlg.Execute
 0001:0000ABA8       ORDtTm.TORDateTimeDlg.GetFMDateTime
 0001:0000ABCC       ORDtTm.TORDateTimeDlg.SetDateOnly
 0001:0000AC10       ORDtTm.TORDateTimeDlg.SetFMDateTime
 0001:0000AC44       ORDtTm.TORDateTimeDlg.SetRequireTime
 0001:0000AC70       ORDtTm.TORDateEdit.CreateParams
 0001:0000ACA0       ORDtTm.TORDateBox.Create
 0001:0000ADC0       ORDtTm.TORDateBox.WMSize
 0001:0000AE60       ORDtTm.TORDateBox.SetTemplateField
 0001:0000AF30       ORDtTm.TORDateBox.SupportsDynamicProperty
 0001:0000AF4C       ORDtTm.TORDateBox.ButtonClick
 0001:0000B0C4       ORDtTm.TORDateBox.Change
 0001:0000B0E0       ORDtTm.TORDateBox.KeyDown
 0001:0000B128       ORDtTm.TORDateBox.GetFMDateTime
 0001:0000B1BC       ORDtTm.TORDateBox.GetRelativeTime
 0001:0000B2E0       ORDtTm.TORDateBox.SetDateOnly
 0001:0000B390       ORDtTm.TORDateBox.SetFMDateTime
 0001:0000B3BC       ORDtTm.TORDateBox.SetRequireTime
 0001:0000B448       ORDtTm.TORDateBox.SetEditRect
 0001:0000B4C0       ORDtTm.TORDateBox.UpdateText
 0001:0000B5D8       ORDtTm.TORDateBox.Validate
 0001:0000B74C       ORDtTm.TORDateBox.IsValid
 0001:0000B7D4       ORDtTm.TORDateBox.SetBlackColorMode
 0001:0000B81C       ORDtTm.TORDateBox.SetCaption
 0001:0000B8C4       ORDtTm.TORDateBox.GetCaption
 0001:0000B8E8       ORDtTm.TORDateBox.GetDynamicProperty
 0001:0000B918       ORDtTm.IsLeapYear
 0001:0000B964       ORDtTm.DaysPerMonth
 0001:0000B9C0       ORDtTm..TORDateComboEdit
 0001:0000BB58       ORDtTm.TORDateComboEdit.SetTemplateField
 0001:0000BBA0       ORDtTm.TORDateCombo.Create
 0001:0000BC40       ORDtTm.TORDateCombo.Destroy
 0001:0000BCBC       ORDtTm.TORDateCombo.GetYearSize
 0001:0000BD00       ORDtTm.TORDateCombo.InitDays
 0001:0000BEBC       ORDtTm.TORDateCombo.InitMonths
 0001:0000C024       ORDtTm.TORDateCombo.Rebuild
 0001:0000C730       ORDtTm.TORDateCombo.SetBlackColorMode
 0001:0000C784       ORDtTm.TORDateCombo.SetDay
 0001:0000C840       ORDtTm.TORDateCombo.SetIncludeBtn
 0001:0000C878       ORDtTm.TORDateCombo.SetIncludeDay
 0001:0000C8D4       ORDtTm.TORDateCombo.SetIncludeMonth
 0001:0000C930       ORDtTm.TORDateCombo.SetMonth
 0001:0000C9B8       ORDtTm.TORDateCombo.SetLongMonths
 0001:0000C9F0       ORDtTm.TORDateCombo.SetYear
 0001:0000CB9C       ORDtTm.TORDateCombo.DayChanged
 0001:0000CBEC       ORDtTm.TORDateCombo.MonthChanged
 0001:0000CC44       ORDtTm.TORDateCombo.YearChanged
 0001:0000CD90       ORDtTm.TORDateCombo.CheckDays
 0001:0000CE74       ORDtTm.TORDateCombo.Loaded
 0001:0000CEA0       ORDtTm.TORDateCombo.Paint
 0001:0000CECC       ORDtTm.TORDateCombo.BtnClicked
 0001:0000D088       ORDtTm.TORDateCombo.YearUDChange
 0001:0000D234       ORDtTm.TORDateCombo.YearKeyPress
 0001:0000D324       ORDtTm.TORDateCombo.GetFMDate
 0001:0000D3A4       ORDtTm.TORDateCombo.SetFMDate
 0001:0000D4B0       ORDtTm.TORDateCombo.DateText
 0001:0000D5FC       ORDtTm.TORDateCombo.DoChange
 0001:0000D628       ORDtTm.TORDateCombo.Resized
 0001:0000D644       ORDtTm.TORDateCombo.CMFontChanged
 0001:0000D66C       ORDtTm.TORDateCombo.Text
 0001:0000D828       ORDtTm.Register
 0001:0000D86C       ORDtTm.TORDateCombo.SetTemplateField
 0001:0000D8A4       ORDtTm.Finalization
 0001:0000D8D4       ORDtTmRng..TORfrmDateRange
 0001:0000DB08       ORDtTmRng..TORDateRangeDlg
 0001:0000DD7C       ORDtTmRng.TORDateRangeDlg.Create
 0001:0000DE4C       ORDtTmRng.TORDateRangeDlg.Execute
 0001:0000E0CC       ORDtTmRng.TORDateRangeDlg.SetDateOnly
 0001:0000E164       ORDtTmRng.TORDateRangeDlg.SetRequireTime
 0001:0000E1C8       ORDtTmRng.TORDateRangeDlg.SetFMDateStart
 0001:0000E22C       ORDtTmRng.TORDateRangeDlg.SetFMDateStop
 0001:0000E290       ORDtTmRng.TORDateRangeDlg.SetTextOfStart
 0001:0000E2B0       ORDtTmRng.TORDateRangeDlg.SetTextOfStop
 0001:0000E2D0       ORDtTmRng.TORfrmDateRange.cmdOKClick
 0001:0000E39C       ORDtTmRng.TORfrmDateRange.cmdCancelClick
 0001:0000E3A8       ORDtTmRng.Register
 0001:0000E3D8       ORDtTmRng.TORfrmDateRange.FormCreate
 0001:0000E488       ORDtTmRng.TORfrmDateRange.FormDestroy
 0001:0000E4A8       ORDtTmRng.TORfrmDateRange.Loaded
 0001:0000E4C4       ORDtTmRng.Finalization
 0001:0000E87C       .ORDateLib2006.@GetPackageInfoTable
 0001:0000E884       .ORDateLib2006.@PackageLoad
 0001:0000E890       .ORDateLib2006.@PackageUnload
 0002:00000010       Windows.Windows
 0002:0000010C       ORDtTmCal.ORDtTmCal
 0002:0000011C       OR2006Compatibility.OR2006Compatibility
 0002:0000019C       ORFn.ORFn
 0002:0000022C       ORNet.ORNet
 0002:000002B0       ORDtTm.ORDtTm
 0002:000002CC       ORDtTmRng.ORDtTmRng
 0002:000002D4       .ORDateLib2006..ORDateLib2006
 0003:00000000       SysInit.TlsIndex
 0003:00000004       SysInit.Module
 0003:0000001C       SysInit.TlsProc
 0003:0000002C       ORFn.BOOLCHAR
 0003:00000030       ORFn.ScrollBarHeight
 0003:00000034       ORFn.MONTH_NAMES_SHORT
 0003:00000064       ORFn.MONTH_NAMES_LONG
 0003:000000DC       ORFn.SearchChars
 0003:000000FC       ORFn.ReplaceChars
 0003:0000011C       ORFn.CRC32_TABLE
 0003:0000051C       ORFn.uNormalColorScheme
 0003:00000520       ORFn.uBlackColorScheme
 0003:00000524       ORFn.uWhiteColorScheme
 0003:00000528       ORFn.uMaroonColorWhenBlack
 0003:0000052C       ORFn.uCheckColorScheme
 0003:00000530       ORFn.PURE_BLACK
 0003:00000534       ORFn.uBorderlessWindowColorWhenBlack
 0003:00000538       ORFn.IdleCaller
 0003:0000053C       ORNet.uBaseContext
 0003:00000540       ORNet.uCurrentContext
 0003:00000544       ORNet.BoolChar
 0003:00000548       ORDtTm.DaysInMonth
 0004:00000000       Windows..3
 0004:00000004       Windows.HtmlHelpModule
 0004:00000008       SysInit.ModuleIsLib
 0004:00000009       SysInit.ModuleIsPackage
 0004:0000000C       SysInit.HInstance
 0004:00000010       SysInit.tlsBuffer
 0004:00000014       ORDtTmCal..2
 0004:00000018       OR2006Compatibility.frm2006Compatibility
 0004:0000001C       OR2006Compatibility..2
 0004:00000020       ORFn..1
 0004:00000024       ORFn.FBaseFont
 0004:00000028       ORFn.AlignList
 0004:0000002C       ORFn.AnchorList
 0004:00000030       ORNet.RPCBrokerV
 0004:00000034       ORNet.RPCLastCall
 0004:00000038       ORNet..1
 0004:0000003C       ORNet.uCallList
 0004:00000040       ORNet.uMaxCalls
 0004:00000044       ORNet.uShowRPCs
 0004:00000048       ORDtTm..6
 0004:0000004C       ORDtTm.uServerToday
 0004:00000054       ORDtTmRng..3
 0005:00000000       SysInit.TlsLast


Bound resource files

OR2006Compatibility.dfm
ORDtTm.DFM
ORDtTm.RES
ORDtTmRng.DFM
ORDateLib2006.res
ORDtTm.dcr
ORDtTmRng.dcr
ORDateLib2006.drf


Program entry point at 0002:000002D4
