
 Start         Length     Name                   Class
 0001:00401000 00016870H .text                   CODE
 0002:00418000 00000320H .itext                  ICODE
 0003:00419000 00000350H .data                   DATA
 0004:0041A000 00000094H .bss                    BSS
 0005:00000000 00000000H .tls                    TLS


Detailed map of segments

 0001:00000000 0000024E C=CODE     S=.text    G=(none)   M=System   ACBP=A9
 0001:00000250 000001C3 C=CODE     S=.text    G=(none)   M=SysInit  ACBP=A9
 0001:00000414 000000B6 C=CODE     S=.text    G=(none)   M=SysUtils ACBP=A9
 0001:000004CC 000000C8 C=CODE     S=.text    G=(none)   M=Windows  ACBP=A9
 0001:00000594 0000000E C=CODE     S=.text    G=(none)   M=DesignIntf ACBP=A9
 0001:000005A4 0000027E C=CODE     S=.text    G=(none)   M=Controls ACBP=A9
 0001:00000824 00000006 C=CODE     S=.text    G=(none)   M=ActnList ACBP=A9
 0001:0000082C 00000016 C=CODE     S=.text    G=(none)   M=Contnrs  ACBP=A9
 0001:00000844 00000226 C=CODE     S=.text    G=(none)   M=Classes  ACBP=A9
 0001:00000A6C 0000000E C=CODE     S=.text    G=(none)   M=ActiveX  ACBP=A9
 0001:00000A7C 0000003E C=CODE     S=.text    G=(none)   M=TypInfo  ACBP=A9
 0001:00000ABC 0000001E C=CODE     S=.text    G=(none)   M=Variants ACBP=A9
 0001:00000ADC 00000006 C=CODE     S=.text    G=(none)   M=VarUtils ACBP=A9
 0001:00000AE4 0000002E C=CODE     S=.text    G=(none)   M=ImgList  ACBP=A9
 0001:00000B14 0000006E C=CODE     S=.text    G=(none)   M=Graphics ACBP=A9
 0001:00000B84 00000006 C=CODE     S=.text    G=(none)   M=Registry ACBP=A9
 0001:00000B8C 00000006 C=CODE     S=.text    G=(none)   M=IniFiles ACBP=A9
 0001:00000B94 00000176 C=CODE     S=.text    G=(none)   M=Forms    ACBP=A9
 0001:00000D0C 00000006 C=CODE     S=.text    G=(none)   M=HelpIntfs ACBP=A9
 0001:00000D14 00000006 C=CODE     S=.text    G=(none)   M=MultiMon ACBP=A9
 0001:00000D1C 00000006 C=CODE     S=.text    G=(none)   M=Menus    ACBP=A9
 0001:00000D24 00000006 C=CODE     S=.text    G=(none)   M=UxTheme  ACBP=A9
 0001:00000D2C 00000006 C=CODE     S=.text    G=(none)   M=Themes   ACBP=A9
 0001:00000D34 0000000E C=CODE     S=.text    G=(none)   M=Dialogs  ACBP=A9
 0001:00000D44 0000003E C=CODE     S=.text    G=(none)   M=StdCtrls ACBP=A9
 0001:00000D84 00000006 C=CODE     S=.text    G=(none)   M=Printers ACBP=A9
 0001:00000D8C 00000056 C=CODE     S=.text    G=(none)   M=ExtCtrls ACBP=A9
 0001:00000DE4 00000006 C=CODE     S=.text    G=(none)   M=GraphUtil ACBP=A9
 0001:00000DEC 0000000E C=CODE     S=.text    G=(none)   M=StrUtils ACBP=A9
 0001:00000DFC 00000006 C=CODE     S=.text    G=(none)   M=Clipbrd  ACBP=A9
 0001:00000E04 00000006 C=CODE     S=.text    G=(none)   M=FlatSB   ACBP=A9
 0001:00000E0C 00000176 C=CODE     S=.text    G=(none)   M=DesignEditors ACBP=A9
 0001:00000F84 00000026 C=CODE     S=.text    G=(none)   M=ToolsAPI ACBP=A9
 0001:00000FAC 00000006 C=CODE     S=.text    G=(none)   M=XMLIntf  ACBP=A9
 0001:00000FB4 00000006 C=CODE     S=.text    G=(none)   M=xmldom   ACBP=A9
 0001:00000FBC 00000006 C=CODE     S=.text    G=(none)   M=msxmldom ACBP=A9
 0001:00000FC4 0000001E C=CODE     S=.text    G=(none)   M=ComObj   ACBP=A9
 0001:00000FE4 00000066 C=CODE     S=.text    G=(none)   M=ComCtrls ACBP=A9
 0001:0000104C 00000006 C=CODE     S=.text    G=(none)   M=ExtActns ACBP=A9
 0001:00001054 00000006 C=CODE     S=.text    G=(none)   M=ExtDlgs  ACBP=A9
 0001:0000105C 00000006 C=CODE     S=.text    G=(none)   M=Buttons  ACBP=A9
 0001:00001064 00000006 C=CODE     S=.text    G=(none)   M=Mapi     ACBP=A9
 0001:0000106C 00000006 C=CODE     S=.text    G=(none)   M=DockForm ACBP=A9
 0001:00001074 00000006 C=CODE     S=.text    G=(none)   M=IDEMessages ACBP=A9
 0001:0000107C 00000006 C=CODE     S=.text    G=(none)   M=DeskForm ACBP=A9
 0001:00001084 00000006 C=CODE     S=.text    G=(none)   M=BaseDock ACBP=A9
 0001:0000108C 00000006 C=CODE     S=.text    G=(none)   M=PercentageDockTree ACBP=A9
 0001:00001094 00000006 C=CODE     S=.text    G=(none)   M=CaptionedDockTree ACBP=A9
 0001:0000109C 00000006 C=CODE     S=.text    G=(none)   M=DockTabSet ACBP=A9
 0001:000010A4 00000006 C=CODE     S=.text    G=(none)   M=Tabs     ACBP=A9
 0001:000010AC 00000006 C=CODE     S=.text    G=(none)   M=DeskUtil ACBP=A9
 0001:000010B4 00000006 C=CODE     S=.text    G=(none)   M=ActnMan  ACBP=A9
 0001:000010BC 00000006 C=CODE     S=.text    G=(none)   M=ActnMenus ACBP=A9
 0001:000010C4 00000006 C=CODE     S=.text    G=(none)   M=XPStyleActnCtrls ACBP=A9
 0001:000010CC 00000006 C=CODE     S=.text    G=(none)   M=Proxies  ACBP=A9
 0001:000010D4 0000002E C=CODE     S=.text    G=(none)   M=VAClasses ACBP=A9
 0001:00001104 00000066 C=CODE     S=.text    G=(none)   M=VAUtils  ACBP=A9
 0001:0000116C 0000004A C=CODE     S=.text    G=(none)   M=VA508AccessibilityConst ACBP=A9
 0001:000011B8 00000016 C=CODE     S=.text    G=(none)   M=HRParser ACBP=A9
 0001:000011D0 00000006 C=CODE     S=.text    G=(none)   M=HRParserPas ACBP=A9
 0001:000011D8 00000006 C=CODE     S=.text    G=(none)   M=OleServer ACBP=A9
 0001:000011E0 000002EA C=CODE     S=.text    G=(none)   M=oleacc2  ACBP=A9
 0001:000014CC 0000002E C=CODE     S=.text    G=(none)   M=MSAAConstants ACBP=A9
 0001:000014FC 0000187F C=CODE     S=.text    G=(none)   M=VA508MSAASupport ACBP=A9
 0001:00002D7C 0000000E C=CODE     S=.text    G=(none)   M=DateUtils ACBP=A9
 0001:00002D8C 0000088C C=CODE     S=.text    G=(none)   M=VA508ScreenReaderDLLLinker ACBP=A9
 0001:00003618 0000183D C=CODE     S=.text    G=(none)   M=VA508AccessibilityRouter ACBP=A9
 0001:00004E58 000014EA C=CODE     S=.text    G=(none)   M=VA508ImageListLabeler ACBP=A9
 0001:00006344 000019B6 C=CODE     S=.text    G=(none)   M=VA508Classes ACBP=A9
 0001:00007CFC 00000016 C=CODE     S=.text    G=(none)   M=CheckLst ACBP=A9
 0001:00007D14 00000006 C=CODE     S=.text    G=(none)   M=DB       ACBP=A9
 0001:00007D1C 00000006 C=CODE     S=.text    G=(none)   M=WideStrings ACBP=A9
 0001:00007D24 00000006 C=CODE     S=.text    G=(none)   M=FMTBcd   ACBP=A9
 0001:00007D2C 00000006 C=CODE     S=.text    G=(none)   M=SqlTimSt ACBP=A9
 0001:00007D34 00000006 C=CODE     S=.text    G=(none)   M=DBCtrls  ACBP=A9
 0001:00007D3C 00000006 C=CODE     S=.text    G=(none)   M=DBPWDlg  ACBP=A9
 0001:00007D44 00000006 C=CODE     S=.text    G=(none)   M=DBLogDlg ACBP=A9
 0001:00007D4C 000011AE C=CODE     S=.text    G=(none)   M=VA508DelphiCompatibility ACBP=A9
 0001:00008EFC 00006AF6 C=CODE     S=.text    G=(none)   M=VA508AccessibilityManager ACBP=A9
 0001:0000F9F4 00000701 C=CODE     S=.text    G=(none)   M=VA508AccessibilityCompileInfo ACBP=A9
 0001:000100F8 00000056 C=CODE     S=.text    G=(none)   M=ColnEdit ACBP=A9
 0001:00010150 0000000E C=CODE     S=.text    G=(none)   M=ToolWnds ACBP=A9
 0001:00010160 00000046 C=CODE     S=.text    G=(none)   M=DesignWindows ACBP=A9
 0001:000101A8 00000006 C=CODE     S=.text    G=(none)   M=ComponentDesigner ACBP=A9
 0001:000101B0 00000006 C=CODE     S=.text    G=(none)   M=AxCtrls  ACBP=A9
 0001:000101B8 00000006 C=CODE     S=.text    G=(none)   M=StFilSys ACBP=A9
 0001:000101C0 00000006 C=CODE     S=.text    G=(none)   M=TopLevels ACBP=A9
 0001:000101C8 00000006 C=CODE     S=.text    G=(none)   M=TreeIntf ACBP=A9
 0001:000101D0 00000006 C=CODE     S=.text    G=(none)   M=VCLEditors ACBP=A9
 0001:000101D8 00001A96 C=CODE     S=.text    G=(none)   M=VA508AccessibilityPE ACBP=A9
 0001:00011C70 000034C3 C=CODE     S=.text    G=(none)   M=VA508AccessibilityCompiler ACBP=A9
 0001:00015134 00001212 C=CODE     S=.text    G=(none)   M=VA508ImageListLabelerPE ACBP=A9
 0001:00016348 00000527 C=CODE     S=.text    G=(none)   M=.VA508Access2006 ACBP=A9
 0002:00000000 00000006 C=ICODE    S=.itext   G=(none)   M=System   ACBP=A9
 0002:00000008 00000006 C=ICODE    S=.itext   G=(none)   M=SysUtils ACBP=A9
 0002:00000010 00000011 C=ICODE    S=.itext   G=(none)   M=Windows  ACBP=A9
 0002:00000024 00000006 C=ICODE    S=.itext   G=(none)   M=Controls ACBP=A9
 0002:0000002C 00000006 C=ICODE    S=.itext   G=(none)   M=ActnList ACBP=A9
 0002:00000034 00000006 C=ICODE    S=.itext   G=(none)   M=Classes  ACBP=A9
 0002:0000003C 00000006 C=ICODE    S=.itext   G=(none)   M=TypInfo  ACBP=A9
 0002:00000044 00000006 C=ICODE    S=.itext   G=(none)   M=Variants ACBP=A9
 0002:0000004C 00000006 C=ICODE    S=.itext   G=(none)   M=VarUtils ACBP=A9
 0002:00000054 00000006 C=ICODE    S=.itext   G=(none)   M=Graphics ACBP=A9
 0002:0000005C 00000006 C=ICODE    S=.itext   G=(none)   M=Registry ACBP=A9
 0002:00000064 00000006 C=ICODE    S=.itext   G=(none)   M=IniFiles ACBP=A9
 0002:0000006C 00000006 C=ICODE    S=.itext   G=(none)   M=Forms    ACBP=A9
 0002:00000074 00000006 C=ICODE    S=.itext   G=(none)   M=HelpIntfs ACBP=A9
 0002:0000007C 00000006 C=ICODE    S=.itext   G=(none)   M=MultiMon ACBP=A9
 0002:00000084 00000006 C=ICODE    S=.itext   G=(none)   M=Menus    ACBP=A9
 0002:0000008C 00000006 C=ICODE    S=.itext   G=(none)   M=UxTheme  ACBP=A9
 0002:00000094 00000006 C=ICODE    S=.itext   G=(none)   M=Themes   ACBP=A9
 0002:0000009C 00000006 C=ICODE    S=.itext   G=(none)   M=Dialogs  ACBP=A9
 0002:000000A4 00000006 C=ICODE    S=.itext   G=(none)   M=Printers ACBP=A9
 0002:000000AC 00000006 C=ICODE    S=.itext   G=(none)   M=ExtCtrls ACBP=A9
 0002:000000B4 00000006 C=ICODE    S=.itext   G=(none)   M=GraphUtil ACBP=A9
 0002:000000BC 00000006 C=ICODE    S=.itext   G=(none)   M=Clipbrd  ACBP=A9
 0002:000000C4 00000006 C=ICODE    S=.itext   G=(none)   M=FlatSB   ACBP=A9
 0002:000000CC 00000006 C=ICODE    S=.itext   G=(none)   M=DesignEditors ACBP=A9
 0002:000000D4 00000006 C=ICODE    S=.itext   G=(none)   M=ToolsAPI ACBP=A9
 0002:000000DC 00000006 C=ICODE    S=.itext   G=(none)   M=XMLIntf  ACBP=A9
 0002:000000E4 00000006 C=ICODE    S=.itext   G=(none)   M=xmldom   ACBP=A9
 0002:000000EC 00000006 C=ICODE    S=.itext   G=(none)   M=msxmldom ACBP=A9
 0002:000000F4 00000006 C=ICODE    S=.itext   G=(none)   M=ComObj   ACBP=A9
 0002:000000FC 00000006 C=ICODE    S=.itext   G=(none)   M=ComCtrls ACBP=A9
 0002:00000104 00000006 C=ICODE    S=.itext   G=(none)   M=ExtActns ACBP=A9
 0002:0000010C 00000006 C=ICODE    S=.itext   G=(none)   M=ExtDlgs  ACBP=A9
 0002:00000114 00000006 C=ICODE    S=.itext   G=(none)   M=Buttons  ACBP=A9
 0002:0000011C 00000006 C=ICODE    S=.itext   G=(none)   M=Mapi     ACBP=A9
 0002:00000124 00000006 C=ICODE    S=.itext   G=(none)   M=DockForm ACBP=A9
 0002:0000012C 00000006 C=ICODE    S=.itext   G=(none)   M=IDEMessages ACBP=A9
 0002:00000134 00000006 C=ICODE    S=.itext   G=(none)   M=DeskForm ACBP=A9
 0002:0000013C 00000006 C=ICODE    S=.itext   G=(none)   M=BaseDock ACBP=A9
 0002:00000144 00000006 C=ICODE    S=.itext   G=(none)   M=PercentageDockTree ACBP=A9
 0002:0000014C 00000006 C=ICODE    S=.itext   G=(none)   M=CaptionedDockTree ACBP=A9
 0002:00000154 00000006 C=ICODE    S=.itext   G=(none)   M=DockTabSet ACBP=A9
 0002:0000015C 00000006 C=ICODE    S=.itext   G=(none)   M=Tabs     ACBP=A9
 0002:00000164 00000006 C=ICODE    S=.itext   G=(none)   M=DeskUtil ACBP=A9
 0002:0000016C 00000006 C=ICODE    S=.itext   G=(none)   M=ActnMan  ACBP=A9
 0002:00000174 00000006 C=ICODE    S=.itext   G=(none)   M=ActnMenus ACBP=A9
 0002:0000017C 00000006 C=ICODE    S=.itext   G=(none)   M=XPStyleActnCtrls ACBP=A9
 0002:00000184 00000006 C=ICODE    S=.itext   G=(none)   M=Proxies  ACBP=A9
 0002:0000018C 00000006 C=ICODE    S=.itext   G=(none)   M=VAUtils  ACBP=A9
 0002:00000194 00000008 C=ICODE    S=.itext   G=(none)   M=VA508AccessibilityConst ACBP=A9
 0002:0000019C 00000006 C=ICODE    S=.itext   G=(none)   M=OleServer ACBP=A9
 0002:000001A4 00000008 C=ICODE    S=.itext   G=(none)   M=oleacc2  ACBP=A9
 0002:000001AC 00000008 C=ICODE    S=.itext   G=(none)   M=MSAAConstants ACBP=A9
 0002:000001B4 00000014 C=ICODE    S=.itext   G=(none)   M=VA508MSAASupport ACBP=A9
 0002:000001C8 00000008 C=ICODE    S=.itext   G=(none)   M=VA508ScreenReaderDLLLinker ACBP=A9
 0002:000001D0 00000021 C=ICODE    S=.itext   G=(none)   M=VA508AccessibilityRouter ACBP=A9
 0002:000001F4 00000008 C=ICODE    S=.itext   G=(none)   M=VA508ImageListLabeler ACBP=A9
 0002:000001FC 00000008 C=ICODE    S=.itext   G=(none)   M=VA508Classes ACBP=A9
 0002:00000204 00000006 C=ICODE    S=.itext   G=(none)   M=CheckLst ACBP=A9
 0002:0000020C 00000006 C=ICODE    S=.itext   G=(none)   M=DB       ACBP=A9
 0002:00000214 00000006 C=ICODE    S=.itext   G=(none)   M=WideStrings ACBP=A9
 0002:0000021C 00000006 C=ICODE    S=.itext   G=(none)   M=FMTBcd   ACBP=A9
 0002:00000224 00000006 C=ICODE    S=.itext   G=(none)   M=SqlTimSt ACBP=A9
 0002:0000022C 00000006 C=ICODE    S=.itext   G=(none)   M=DBCtrls  ACBP=A9
 0002:00000234 00000006 C=ICODE    S=.itext   G=(none)   M=DBPWDlg  ACBP=A9
 0002:0000023C 00000006 C=ICODE    S=.itext   G=(none)   M=DBLogDlg ACBP=A9
 0002:00000244 0000000F C=ICODE    S=.itext   G=(none)   M=VA508DelphiCompatibility ACBP=A9
 0002:00000254 00000014 C=ICODE    S=.itext   G=(none)   M=VA508AccessibilityManager ACBP=A9
 0002:00000268 0000002F C=ICODE    S=.itext   G=(none)   M=VA508AccessibilityCompileInfo ACBP=A9
 0002:00000298 00000006 C=ICODE    S=.itext   G=(none)   M=ColnEdit ACBP=A9
 0002:000002A0 00000006 C=ICODE    S=.itext   G=(none)   M=ToolWnds ACBP=A9
 0002:000002A8 00000006 C=ICODE    S=.itext   G=(none)   M=ComponentDesigner ACBP=A9
 0002:000002B0 00000006 C=ICODE    S=.itext   G=(none)   M=AxCtrls  ACBP=A9
 0002:000002B8 00000006 C=ICODE    S=.itext   G=(none)   M=StFilSys ACBP=A9
 0002:000002C0 00000006 C=ICODE    S=.itext   G=(none)   M=TopLevels ACBP=A9
 0002:000002C8 00000006 C=ICODE    S=.itext   G=(none)   M=TreeIntf ACBP=A9
 0002:000002D0 00000006 C=ICODE    S=.itext   G=(none)   M=VCLEditors ACBP=A9
 0002:000002D8 00000008 C=ICODE    S=.itext   G=(none)   M=VA508AccessibilityPE ACBP=A9
 0002:000002E0 0000002F C=ICODE    S=.itext   G=(none)   M=VA508AccessibilityCompiler ACBP=A9
 0002:00000310 00000008 C=ICODE    S=.itext   G=(none)   M=VA508ImageListLabelerPE ACBP=A9
 0002:00000318 00000005 C=ICODE    S=.itext   G=(none)   M=.VA508Access2006 ACBP=A9
 0003:00000000 00000030 C=DATA     S=.data    G=DGROUP   M=SysInit  ACBP=A9
 0003:00000030 00000070 C=DATA     S=.data    G=DGROUP   M=oleacc2  ACBP=A9
 0003:000000A0 00000180 C=DATA     S=.data    G=DGROUP   M=MSAAConstants ACBP=A9
 0003:00000220 00000018 C=DATA     S=.data    G=DGROUP   M=VA508MSAASupport ACBP=A9
 0003:00000238 00000030 C=DATA     S=.data    G=DGROUP   M=VA508ScreenReaderDLLLinker ACBP=A9
 0003:00000268 00000024 C=DATA     S=.data    G=DGROUP   M=VA508AccessibilityRouter ACBP=A9
 0003:0000028C 00000065 C=DATA     S=.data    G=DGROUP   M=VA508AccessibilityManager ACBP=A9
 0003:000002F4 00000004 C=DATA     S=.data    G=DGROUP   M=VA508AccessibilityCompileInfo ACBP=A9
 0003:000002F8 00000005 C=DATA     S=.data    G=DGROUP   M=VA508AccessibilityCompiler ACBP=A9
 0004:00000000 00000010 C=BSS      S=.bss     G=DGROUP   M=SysInit  ACBP=A9
 0004:00000010 00000008 C=BSS      S=.bss     G=DGROUP   M=Windows  ACBP=A9
 0004:00000018 00000004 C=BSS      S=.bss     G=DGROUP   M=VA508AccessibilityConst ACBP=A9
 0004:0000001C 00000004 C=BSS      S=.bss     G=DGROUP   M=oleacc2  ACBP=A9
 0004:00000020 00000004 C=BSS      S=.bss     G=DGROUP   M=MSAAConstants ACBP=A9
 0004:00000024 00000018 C=BSS      S=.bss     G=DGROUP   M=VA508MSAASupport ACBP=A9
 0004:0000003C 00000004 C=BSS      S=.bss     G=DGROUP   M=VA508ScreenReaderDLLLinker ACBP=A9
 0004:00000040 00000004 C=BSS      S=.bss     G=DGROUP   M=VA508AccessibilityRouter ACBP=A9
 0004:00000044 00000004 C=BSS      S=.bss     G=DGROUP   M=VA508ImageListLabeler ACBP=A9
 0004:00000048 00000004 C=BSS      S=.bss     G=DGROUP   M=VA508Classes ACBP=A9
 0004:0000004C 00000004 C=BSS      S=.bss     G=DGROUP   M=VA508DelphiCompatibility ACBP=A9
 0004:00000050 00000010 C=BSS      S=.bss     G=DGROUP   M=VA508AccessibilityManager ACBP=A9
 0004:00000060 00000020 C=BSS      S=.bss     G=DGROUP   M=VA508AccessibilityCompileInfo ACBP=A9
 0004:00000080 00000004 C=BSS      S=.bss     G=DGROUP   M=VA508AccessibilityPE ACBP=A9
 0004:00000084 0000000C C=BSS      S=.bss     G=DGROUP   M=VA508AccessibilityCompiler ACBP=A9
 0004:00000090 00000004 C=BSS      S=.bss     G=DGROUP   M=VA508ImageListLabelerPE ACBP=A9


  Address             Publics by Name

 0002:00000318       .VA508Access2006..VA508Access2006
 0001:00016850       .VA508Access2006.@GetPackageInfoTable
 0001:00016858       .VA508Access2006.@PackageLoad
 0001:00016864       .VA508Access2006.@PackageUnload
 0004:00000020       MSAAConstants..1
 0001:000014CC       MSAAConstants.Finalization
 0002:000001AC       MSAAConstants.MSAAConstants
 0003:000000C0       MSAAConstants.PROPID_ACC_DESCRIPTION
 0003:00000200       MSAAConstants.PROPID_ACC_DESCRIPTIONMAP
 0003:00000210       MSAAConstants.PROPID_ACC_DODEFAULTACTION
 0003:00000120       MSAAConstants.PROPID_ACC_FOCUS
 0003:000000F0       MSAAConstants.PROPID_ACC_HELP
 0003:00000110       MSAAConstants.PROPID_ACC_HELPTOPIC
 0003:00000100       MSAAConstants.PROPID_ACC_KEYBOARDSHORTCUT
 0003:000000A0       MSAAConstants.PROPID_ACC_NAME
 0003:00000160       MSAAConstants.PROPID_ACC_NAV_DOWN
 0003:000001B0       MSAAConstants.PROPID_ACC_NAV_FIRSTCHILD
 0003:000001C0       MSAAConstants.PROPID_ACC_NAV_LASTCHILD
 0003:00000170       MSAAConstants.PROPID_ACC_NAV_LEFT
 0003:000001A0       MSAAConstants.PROPID_ACC_NAV_NEXT
 0003:00000190       MSAAConstants.PROPID_ACC_NAV_PREV
 0003:00000180       MSAAConstants.PROPID_ACC_NAV_RIGHT
 0003:00000150       MSAAConstants.PROPID_ACC_NAV_UP
 0003:00000140       MSAAConstants.PROPID_ACC_PARENT
 0003:000000D0       MSAAConstants.PROPID_ACC_ROLE
 0003:000001D0       MSAAConstants.PROPID_ACC_ROLEMAP
 0003:00000130       MSAAConstants.PROPID_ACC_SELECTION
 0003:000000E0       MSAAConstants.PROPID_ACC_STATE
 0003:000001F0       MSAAConstants.PROPID_ACC_STATEMAP
 0003:000000B0       MSAAConstants.PROPID_ACC_VALUE
 0003:000001E0       MSAAConstants.PROPID_ACC_VALUEMAP
 0004:0000001C       oleacc2..2
 0001:0000132C       oleacc2..CoCAccPropServices
 0003:00000090       oleacc2.CLASS_CAccPropServices
 0001:000013B8       oleacc2.CoCAccPropServices.Create
 0001:0000141C       oleacc2.CoCAccPropServices.CreateRemote
 0001:0000149C       oleacc2.Finalization
 0003:00000040       oleacc2.IID_IAccessible
 0003:00000050       oleacc2.IID_IAccessibleHandler
 0003:00000060       oleacc2.IID_IAccIdentity
 0003:00000070       oleacc2.IID_IAccPropServer
 0003:00000080       oleacc2.IID_IAccPropServices
 0003:00000030       oleacc2.LIBID_Accessibility
 0002:000001A4       oleacc2.oleacc2
 0001:00000398       SysInit.@InitPkg
 0001:000003FC       SysInit.@PackageLoad
 0001:00000408       SysInit.@PackageUnload
 0001:00000288       SysInit.AllocTlsBuffer
 0004:00000008       SysInit.DllProc
 0001:00000344       SysInit.ExitProcessTLS
 0001:0000030C       SysInit.ExitThreadTLS
 0001:00000250       SysInit.FreeLibrary
 0001:00000294       SysInit.GetTlsSize
 0004:00000004       SysInit.HInstance
 0001:00000368       SysInit.InitializeModule
 0001:000002E0       SysInit.InitProcessTLS
 0001:0000029C       SysInit.InitThreadTLS
 0001:00000258       SysInit.LocalAlloc
 0001:00000260       SysInit.LocalFree
 0003:00000008       SysInit.Module
 0004:00000000       SysInit.ModuleIsLib
 0004:00000001       SysInit.ModuleIsPackage
 0003:00000004       SysInit.PtrToNil
 0001:00000268       SysInit.TlsAlloc
 0004:0000000C       SysInit.tlsBuffer
 0001:00000270       SysInit.TlsFree
 0001:00000278       SysInit.TlsGetValue
 0003:00000000       SysInit.TlsIndex
 0005:00000000       SysInit.TlsLast
 0003:00000020       SysInit.TlsProc
 0001:00000280       SysInit.TlsSetValue
 0001:00000374       SysInit.UninitializeModule
 0004:00000060       VA508AccessibilityCompileInfo..2
 0001:0000F9F4       VA508AccessibilityCompileInfo..TfrmProgress
 0001:000100A8       VA508AccessibilityCompileInfo.Finalization
 0003:000002F4       VA508AccessibilityCompileInfo.frmProgress
 0001:0000FD64       VA508AccessibilityCompileInfo.Hookup
 0001:0000FE04       VA508AccessibilityCompileInfo.StartMonitor
 0001:0000FE8C       VA508AccessibilityCompileInfo.StopMonitor
 0001:00010034       VA508AccessibilityCompileInfo.TfrmProgress.btnReleaseClick
 0001:00010064       VA508AccessibilityCompileInfo.TfrmProgress.FormCreate
 0004:00000070       VA508AccessibilityCompileInfo.uLastUpdate
 0001:0000FEA0       VA508AccessibilityCompileInfo.Update508Monitor
 0004:00000064       VA508AccessibilityCompileInfo.uProjectText
 0004:00000078       VA508AccessibilityCompileInfo.uStartTime
 0004:00000068       VA508AccessibilityCompileInfo.uStopProc
 0002:00000268       VA508AccessibilityCompileInfo.VA508AccessibilityCompileInfo
 0004:00000084       VA508AccessibilityCompiler..2
 0001:00011D88       VA508AccessibilityCompiler..TVA508Compiler
 0001:00012B3C       VA508AccessibilityCompiler.Add2Cache
 0001:00013C58       VA508AccessibilityCompiler.AttemptAutoFix
 0001:00012EAC       VA508AccessibilityCompiler.ClearWarningList
 0001:00013BD0       VA508AccessibilityCompiler.CloseEditor
 0001:00014694       VA508AccessibilityCompiler.CloseModules
 0001:00014CC4       VA508AccessibilityCompiler.CreateResources
 0001:00014EC4       VA508AccessibilityCompiler.DestroyResources
 0001:000137E8       VA508AccessibilityCompiler.DFMSuccessfullyLoaded
 0001:00011F68       VA508AccessibilityCompiler.DLLUnload
 0001:0001207C       VA508AccessibilityCompiler.Do508Scan
 0001:00013660       VA508AccessibilityCompiler.FileLoaded
 0001:000150F4       VA508AccessibilityCompiler.Finalization
 0001:00012E00       VA508AccessibilityCompiler.GetComponentName
 0001:00012BB0       VA508AccessibilityCompiler.GetDFMFileName
 0001:00012F88       VA508AccessibilityCompiler.GetManagerInfo
 0001:00011FB4       VA508AccessibilityCompiler.GetPluralStr
 0001:00012F20       VA508AccessibilityCompiler.GetWarningList
 0001:00014198       VA508AccessibilityCompiler.HandleInheritenceProblems
 0001:00011F80       VA508AccessibilityCompiler.HaveMessageServices
 0001:00012A98       VA508AccessibilityCompiler.IncCacheIndexes
 0001:00014FA8       VA508AccessibilityCompiler.Init
 0001:000133EC       VA508AccessibilityCompiler.InitCache
 0001:00014148       VA508AccessibilityCompiler.IsFileReadOnly
 0001:00014838       VA508AccessibilityCompiler.LoadCacheFile
 0001:000124D0       VA508AccessibilityCompiler.MessageOK
 0004:0000008C       VA508AccessibilityCompiler.MessageService
 0003:000002F8       VA508AccessibilityCompiler.NotifierIndex
 0003:000002FC       VA508AccessibilityCompiler.NotifierRegistered
 0001:00013B38       VA508AccessibilityCompiler.OpenEditor
 0001:00011E20       VA508AccessibilityCompiler.Register
 0001:000132D4       VA508AccessibilityCompiler.ReportComponentWarnings
 0001:00014B1C       VA508AccessibilityCompiler.SaveCacheFile
 0004:00000088       VA508AccessibilityCompiler.SaveDllProc
 0001:000138C0       VA508AccessibilityCompiler.ScanForErrors
 0001:00013A64       VA508AccessibilityCompiler.ScanFormFiles
 0001:00012AF0       VA508AccessibilityCompiler.SetCacheSize
 0001:00011FE0       VA508AccessibilityCompiler.ShowErrorMessage
 0001:000123B8       VA508AccessibilityCompiler.TVA508Compiler.AfterCompile
 0001:000123BC       VA508AccessibilityCompiler.TVA508Compiler.AfterCompile
 0001:000123C8       VA508AccessibilityCompiler.TVA508Compiler.AfterCompile
 0001:00012388       VA508AccessibilityCompiler.TVA508Compiler.BeforeCompile
 0001:000123B4       VA508AccessibilityCompiler.TVA508Compiler.BeforeCompile
 0001:000123DC       VA508AccessibilityCompiler.TVA508Compiler.CompileNA
 0001:000123F0       VA508AccessibilityCompiler.TVA508Compiler.Create
 0001:00012440       VA508AccessibilityCompiler.TVA508Compiler.Destroy
 0001:000127D4       VA508AccessibilityCompiler.TVA508Compiler.error
 0001:00012990       VA508AccessibilityCompiler.TVA508Compiler.FileNotification
 0001:000129D8       VA508AccessibilityCompiler.TVA508Compiler.infoMessage
 0001:0001293C       VA508AccessibilityCompiler.TVA508Compiler.msg
 0001:00014FFC       VA508AccessibilityCompiler.TVA508Compiler.ScanFor508Errors
 0001:00012478       VA508AccessibilityCompiler.TVA508Compiler.startMessages
 0001:00012470       VA508AccessibilityCompiler.TVA508Compiler.StopCompile
 0001:000125E4       VA508AccessibilityCompiler.TVA508Compiler.stopMessages
 0001:00012754       VA508AccessibilityCompiler.TVA508Compiler.UpdateMonitor
 0001:00012888       VA508AccessibilityCompiler.TVA508Compiler.warning
 0001:00011ECC       VA508AccessibilityCompiler.Unregister
 0002:000002E0       VA508AccessibilityCompiler.VA508AccessibilityCompiler
 0001:00012D60       VA508AccessibilityCompiler.ValidateDFM
 0001:00012C3C       VA508AccessibilityCompiler.ValidObjectLine
 0004:00000018       VA508AccessibilityConst..1
 0001:00001188       VA508AccessibilityConst.Finalization
 0002:00000194       VA508AccessibilityConst.VA508AccessibilityConst
 0004:00000050       VA508AccessibilityManager..21
 0001:0000BD94       VA508AccessibilityManager..TAlternateHandleData
 0001:00009FCC       VA508AccessibilityManager..TComponentHelper
 0001:0000A0F8       VA508AccessibilityManager..TDFMData
 0001:0000A178       VA508AccessibilityManager..TMSAAData
 0001:00009134       VA508AccessibilityManager..TVA508AccessibilityCollection
 0001:00008F6C       VA508AccessibilityManager..TVA508AccessibilityItem
 0001:0000921C       VA508AccessibilityManager..TVA508AccessibilityManager
 0001:000098D8       VA508AccessibilityManager..TVA508ChainedLabel
 0001:00009E94       VA508AccessibilityManager..TVA508ComplexComponentManager
 0001:00009408       VA508AccessibilityManager..TVA508ComponentAccessibility
 0001:000097DC       VA508AccessibilityManager..TVA508ComponentManager
 0001:00009D90       VA508AccessibilityManager..TVA508ManagedComponentClass
 0001:00009C94       VA508AccessibilityManager..TVA508SilentComponent
 0001:00009A10       VA508AccessibilityManager..TVA508StaticText
 0001:0000A07C       VA508AccessibilityManager..TVAGlobalComponentRegistry
 0001:0000C58C       VA508AccessibilityManager.AddControlType
 0001:0000AE68       VA508AccessibilityManager.AddLabels
 0003:000002DC       VA508AccessibilityManager.AltHandleClasses
 0001:0000ACA4       VA508AccessibilityManager.BasicComponentCheck
 0001:0000CDA8       VA508AccessibilityManager.CallWindProcHookProc
 0003:000002EC       VA508AccessibilityManager.CanAssignFocus
 0003:000002F0       VA508AccessibilityManager.CanCheckEvent
 0001:0000D4D8       VA508AccessibilityManager.CheckComplexClasses
 0001:0000D430       VA508AccessibilityManager.CheckManagedClasses
 0003:000002E4       VA508AccessibilityManager.ComplexClasses
 0003:0000028C       VA508AccessibilityManager.ControlsWithDefaultPropertySettings
 0001:0000A1D0       VA508AccessibilityManager.CreateGlobalRegistry
 0001:0000A1F4       VA508AccessibilityManager.CreateGlobalVars
 0001:0000D550       VA508AccessibilityManager.CreateHelper
 0001:0000EFD8       VA508AccessibilityManager.DrawBottom
 0001:0000F6A8       VA508AccessibilityManager.DrawBottom
 0001:0000F51C       VA508AccessibilityManager.DrawPartials
 0001:0000F648       VA508AccessibilityManager.DrawSides
 0001:0000F3D0       VA508AccessibilityManager.DrawText
 0001:0000EF78       VA508AccessibilityManager.DrawTop
 0001:0000F5B8       VA508AccessibilityManager.DrawTop
 0001:0000AC60       VA508AccessibilityManager.error
 0001:0000F998       VA508AccessibilityManager.Finalization
 0001:0000BF5C       VA508AccessibilityManager.FindMSAAQueryData
 0001:0000AA6C       VA508AccessibilityManager.FindOwnedComponent
 0001:0000DBE0       VA508AccessibilityManager.FindRootHandle
 0001:0000A214       VA508AccessibilityManager.FreeGlobalVars
 0001:0000C954       VA508AccessibilityManager.GetDataValues
 0001:0000CE74       VA508AccessibilityManager.GetMessageHookProc
 0003:000002D8       VA508AccessibilityManager.GlobalRegistry
 0001:0000C010       VA508AccessibilityManager.HandleStillValid
 0001:0000C73C       VA508AccessibilityManager.HelperValid
 0001:0000EE84       VA508AccessibilityManager.Init
 0001:0000F37C       VA508AccessibilityManager.Init
 0001:0000C0BC       VA508AccessibilityManager.Init
 0001:0000F44C       VA508AccessibilityManager.InitDrawBorder
 0001:0000EED8       VA508AccessibilityManager.InitDrawBorder
 0001:0000E280       VA508AccessibilityManager.InitializeComponentHelper
 0001:0000C8C8       VA508AccessibilityManager.InitializeVars
 0003:000002E0       VA508AccessibilityManager.ManagedClasses
 0003:000002D4       VA508AccessibilityManager.MasterPropertyList
 0003:000002E8       VA508AccessibilityManager.MSAAQueryClasses
 0003:000002BC       VA508AccessibilityManager.NewComponentData
 0001:0000C044       VA508AccessibilityManager.NoChangeNeeded
 0001:0000C110       VA508AccessibilityManager.ProcessCaptionChange
 0001:0000C1CC       VA508AccessibilityManager.ProcessItemChange
 0001:0000C4C4       VA508AccessibilityManager.ProcessStateChange
 0001:0000BDF8       VA508AccessibilityManager.RegisterAlternateHandleComponent
 0001:0000BE70       VA508AccessibilityManager.RegisterComplexComponentManager
 0001:0000D5EC       VA508AccessibilityManager.RegisterComponent
 0001:0000BEE4       VA508AccessibilityManager.RegisterManagedComponentClass
 0001:0000BFA8       VA508AccessibilityManager.RegisterMSAAProc
 0001:0000BFFC       VA508AccessibilityManager.RegisterMSAAQueryClassProc
 0001:0000C004       VA508AccessibilityManager.RegisterMSAAQueryListClassProc
 0001:0000C60C       VA508AccessibilityManager.SendChangeData
 0001:0000D778       VA508AccessibilityManager.SkipCheck
 0001:0000E48C       VA508AccessibilityManager.TComponentHelper.ClearRedirect
 0001:0000E49C       VA508AccessibilityManager.TComponentHelper.Create
 0001:0000E4D0       VA508AccessibilityManager.TComponentHelper.Destroy
 0001:0000E52C       VA508AccessibilityManager.TComponentHelper.GetCaption
 0001:0000E5CC       VA508AccessibilityManager.TComponentHelper.GetComponentName
 0001:0000E660       VA508AccessibilityManager.TComponentHelper.GetData
 0001:0000E704       VA508AccessibilityManager.TComponentHelper.GetInstructions
 0001:0000E798       VA508AccessibilityManager.TComponentHelper.GetItem
 0001:0000E800       VA508AccessibilityManager.TComponentHelper.GetItemInstructions
 0001:0000E894       VA508AccessibilityManager.TComponentHelper.GetState
 0001:0000E944       VA508AccessibilityManager.TComponentHelper.GetValue
 0001:0000E408       VA508AccessibilityManager.TComponentHelper.InitializeComponentManager
 0001:0000EACC       VA508AccessibilityManager.TComponentHelper.ManageCaption
 0001:0000E9C0       VA508AccessibilityManager.TComponentHelper.ManageComponentName
 0001:0000EA0C       VA508AccessibilityManager.TComponentHelper.ManageData
 0001:0000EA3C       VA508AccessibilityManager.TComponentHelper.ManageItemInstructions
 0001:0000EA88       VA508AccessibilityManager.TComponentHelper.ManageValue
 0001:0000EB18       VA508AccessibilityManager.TComponentHelper.MonitorForItemChange
 0001:0000EB5C       VA508AccessibilityManager.TComponentHelper.MonitorForStateChange
 0001:0000EBB8       VA508AccessibilityManager.TComponentHelper.Redirect
 0001:0000EBD0       VA508AccessibilityManager.TComponentHelper.StandardComponent
 0001:0000A664       VA508AccessibilityManager.TVA508AccessibilityCollection.Add
 0001:0000A670       VA508AccessibilityManager.TVA508AccessibilityCollection.ComponentNotifyEvent
 0001:0000A6BC       VA508AccessibilityManager.TVA508AccessibilityCollection.Create
 0001:0000A738       VA508AccessibilityManager.TVA508AccessibilityCollection.Destroy
 0001:0000A778       VA508AccessibilityManager.TVA508AccessibilityCollection.EnsureItemExists
 0001:0000A780       VA508AccessibilityManager.TVA508AccessibilityCollection.FindItem
 0001:0000A824       VA508AccessibilityManager.TVA508AccessibilityCollection.GetItem
 0001:0000A838       VA508AccessibilityManager.TVA508AccessibilityCollection.GetOwner
 0001:0000A83C       VA508AccessibilityManager.TVA508AccessibilityCollection.IsComponentRegistered
 0001:0000A92C       VA508AccessibilityManager.TVA508AccessibilityCollection.RegisterComponent
 0001:0000A924       VA508AccessibilityManager.TVA508AccessibilityCollection.SetItem
 0001:0000A8A0       VA508AccessibilityManager.TVA508AccessibilityCollection.UnregisterComponent
 0001:0000A288       VA508AccessibilityManager.TVA508AccessibilityItem.Assign
 0001:0000A2E4       VA508AccessibilityManager.TVA508AccessibilityItem.Create
 0001:0000A31C       VA508AccessibilityManager.TVA508AccessibilityItem.Destroy
 0001:0000A360       VA508AccessibilityManager.TVA508AccessibilityItem.GetDisplayName
 0001:0000A438       VA508AccessibilityManager.TVA508AccessibilityItem.InitComponent
 0001:0000A45C       VA508AccessibilityManager.TVA508AccessibilityItem.Manager
 0001:0000A464       VA508AccessibilityManager.TVA508AccessibilityItem.Parent
 0001:0000A468       VA508AccessibilityManager.TVA508AccessibilityItem.SetComponent
 0001:0000A4D8       VA508AccessibilityManager.TVA508AccessibilityItem.SetDefault
 0001:0000A564       VA508AccessibilityManager.TVA508AccessibilityItem.SetLabel
 0001:0000A58C       VA508AccessibilityManager.TVA508AccessibilityItem.SetProperty
 0001:0000A5E8       VA508AccessibilityManager.TVA508AccessibilityItem.SetText
 0001:0000A620       VA508AccessibilityManager.TVA508AccessibilityItem.UpdateStatus
 0001:0000A9BC       VA508AccessibilityManager.TVA508AccessibilityManager.Create
 0001:0000B52C       VA508AccessibilityManager.TVA508AccessibilityManager.DefineProperties
 0001:0000AA24       VA508AccessibilityManager.TVA508AccessibilityManager.Destroy
 0001:0000AB0C       VA508AccessibilityManager.TVA508AccessibilityManager.FindComponentOnForm
 0001:0000ABE8       VA508AccessibilityManager.TVA508AccessibilityManager.GetAccessLabel
 0001:0000AC00       VA508AccessibilityManager.TVA508AccessibilityManager.GetAccessProperty
 0001:0000AC24       VA508AccessibilityManager.TVA508AccessibilityManager.GetAccessText
 0001:0000AC48       VA508AccessibilityManager.TVA508AccessibilityManager.GetComponentManager
 0001:0000AD24       VA508AccessibilityManager.TVA508AccessibilityManager.GetComponentName
 0001:0000AD9C       VA508AccessibilityManager.TVA508AccessibilityManager.GetData
 0001:0000ADA0       VA508AccessibilityManager.TVA508AccessibilityManager.GetDefaultStringProperty
 0001:0000AF8C       VA508AccessibilityManager.TVA508AccessibilityManager.GetLabelStrings
 0001:0000AFB4       VA508AccessibilityManager.TVA508AccessibilityManager.GetProperties
 0001:0000AFD4       VA508AccessibilityManager.TVA508AccessibilityManager.GetPropertList
 0001:0000B19C       VA508AccessibilityManager.TVA508AccessibilityManager.GetRootComponent
 0001:0000B278       VA508AccessibilityManager.TVA508AccessibilityManager.GetUseDefault
 0001:0000BC84       VA508AccessibilityManager.TVA508AccessibilityManager.Initialize
 0001:0000B294       VA508AccessibilityManager.TVA508AccessibilityManager.IsPropertyNameValid
 0001:0000B300       VA508AccessibilityManager.TVA508AccessibilityManager.Loaded
 0001:0000B4B8       VA508AccessibilityManager.TVA508AccessibilityManager.Notification
 0001:0000B510       VA508AccessibilityManager.TVA508AccessibilityManager.OwnerCheck
 0001:0000B568       VA508AccessibilityManager.TVA508AccessibilityManager.ReadData
 0001:0000B7C8       VA508AccessibilityManager.TVA508AccessibilityManager.RefreshComponents
 0001:0000B9FC       VA508AccessibilityManager.TVA508AccessibilityManager.ScreenReaderInquiry
 0001:0000BB54       VA508AccessibilityManager.TVA508AccessibilityManager.SetAccessLabel
 0001:0000BB74       VA508AccessibilityManager.TVA508AccessibilityManager.SetAccessProperty
 0001:0000BB94       VA508AccessibilityManager.TVA508AccessibilityManager.SetAccessText
 0001:0000BBB4       VA508AccessibilityManager.TVA508AccessibilityManager.SetComponentManager
 0001:0000BBD0       VA508AccessibilityManager.TVA508AccessibilityManager.SetUseDefault
 0001:0000B7D0       VA508AccessibilityManager.TVA508AccessibilityManager.WriteData
 0001:0000F330       VA508AccessibilityManager.TVA508ChainedLabel.Notification
 0001:0000F754       VA508AccessibilityManager.TVA508ChainedLabel.Paint
 0001:0000F7C0       VA508AccessibilityManager.TVA508ChainedLabel.SetNextLabel
 0001:0000F814       VA508AccessibilityManager.TVA508ComplexComponentManager.AddSubControl
 0001:0000F858       VA508AccessibilityManager.TVA508ComplexComponentManager.ClearSubControls
 0001:0000F89C       VA508AccessibilityManager.TVA508ComplexComponentManager.Create
 0001:0000F8DC       VA508AccessibilityManager.TVA508ComplexComponentManager.Destroy
 0001:0000F90C       VA508AccessibilityManager.TVA508ComplexComponentManager.GetSubControl
 0001:0000F920       VA508AccessibilityManager.TVA508ComplexComponentManager.RemoveSubControl
 0001:0000F944       VA508AccessibilityManager.TVA508ComplexComponentManager.SubControlCount
 0001:0000E098       VA508AccessibilityManager.TVA508ComponentAccessibility.Create
 0001:0000E0E8       VA508AccessibilityManager.TVA508ComponentAccessibility.SetComponent
 0001:0000DFC8       VA508AccessibilityManager.TVA508ComponentManager.ComponentChange
 0001:0000DEBC       VA508AccessibilityManager.TVA508ComponentManager.Create
 0001:0000DEF0       VA508AccessibilityManager.TVA508ComponentManager.GetCaption
 0001:0000DEFC       VA508AccessibilityManager.TVA508ComponentManager.GetComponentName
 0001:0000DF08       VA508AccessibilityManager.TVA508ComponentManager.GetData
 0001:0000DF3C       VA508AccessibilityManager.TVA508ComponentManager.GetInstructions
 0001:0000DF48       VA508AccessibilityManager.TVA508ComponentManager.GetItem
 0001:0000DF4C       VA508AccessibilityManager.TVA508ComponentManager.GetItemInstructions
 0001:0000DF58       VA508AccessibilityManager.TVA508ComponentManager.GetState
 0001:0000DF64       VA508AccessibilityManager.TVA508ComponentManager.GetValue
 0001:0000DF70       VA508AccessibilityManager.TVA508ComponentManager.ManageCaption
 0001:0000DF78       VA508AccessibilityManager.TVA508ComponentManager.ManageComponentName
 0001:0000DF80       VA508AccessibilityManager.TVA508ComponentManager.ManageData
 0001:0000DF88       VA508AccessibilityManager.TVA508ComponentManager.ManageInstructions
 0001:0000DF90       VA508AccessibilityManager.TVA508ComponentManager.ManageItemInstructions
 0001:0000DF98       VA508AccessibilityManager.TVA508ComponentManager.ManageState
 0001:0000DFA0       VA508AccessibilityManager.TVA508ComponentManager.ManageValue
 0001:0000DFA8       VA508AccessibilityManager.TVA508ComponentManager.MonitorForItemChange
 0001:0000DFB0       VA508AccessibilityManager.TVA508ComponentManager.MonitorForStateChange
 0001:0000DFB8       VA508AccessibilityManager.TVA508ComponentManager.Redirect
 0001:0000DFC0       VA508AccessibilityManager.TVA508ComponentManager.RedirectsComponent
 0001:0000DFCC       VA508AccessibilityManager.TVA508ManagedComponentClass.Create
 0001:0000E018       VA508AccessibilityManager.TVA508SilentComponent.GetComponentName
 0001:0000E038       VA508AccessibilityManager.TVA508SilentComponent.GetInstructions
 0001:0000E058       VA508AccessibilityManager.TVA508SilentComponent.GetState
 0001:0000E078       VA508AccessibilityManager.TVA508SilentComponent.GetValue
 0001:0000EBE4       VA508AccessibilityManager.TVA508StaticText.CMFontChanged
 0001:0000EBF8       VA508AccessibilityManager.TVA508StaticText.CMTextChanged
 0001:0000EC0C       VA508AccessibilityManager.TVA508StaticText.Create
 0001:0000EC98       VA508AccessibilityManager.TVA508StaticText.DeleteChain
 0001:0000ED34       VA508AccessibilityManager.TVA508StaticText.Destroy
 0001:0000ED70       VA508AccessibilityManager.TVA508StaticText.DoEnter
 0001:0000ED9C       VA508AccessibilityManager.TVA508StaticText.DoExit
 0001:0000EDC8       VA508AccessibilityManager.TVA508StaticText.GetAlignment
 0001:0000EDD8       VA508AccessibilityManager.TVA508StaticText.GetLabelCaption
 0001:0000EDF0       VA508AccessibilityManager.TVA508StaticText.GetRootName
 0001:0000EE04       VA508AccessibilityManager.TVA508StaticText.GetShowAccelChar
 0001:0000EE14       VA508AccessibilityManager.TVA508StaticText.InvalidateAll
 0001:0000EE44       VA508AccessibilityManager.TVA508StaticText.Notification
 0001:0000F0D0       VA508AccessibilityManager.TVA508StaticText.Paint
 0001:0000F0FC       VA508AccessibilityManager.TVA508StaticText.SetAlignment
 0001:0000F108       VA508AccessibilityManager.TVA508StaticText.SetLabelCaption
 0001:0000F1F8       VA508AccessibilityManager.TVA508StaticText.SetNextLabel
 0001:0000F23C       VA508AccessibilityManager.TVA508StaticText.SetParent
 0001:0000F174       VA508AccessibilityManager.TVA508StaticText.SetRootName
 0001:0000F294       VA508AccessibilityManager.TVA508StaticText.SetShowAccelChar
 0001:0000F2A0       VA508AccessibilityManager.TVA508StaticText.UpdateSize
 0001:0000C670       VA508AccessibilityManager.TVAGlobalComponentRegistry.CheckForChangeEvent
 0001:0000CBB4       VA508AccessibilityManager.TVAGlobalComponentRegistry.ComponentDataNeededEvent
 0001:0000CF04       VA508AccessibilityManager.TVAGlobalComponentRegistry.Create
 0001:0000D020       VA508AccessibilityManager.TVAGlobalComponentRegistry.Destroy
 0004:00000054       VA508AccessibilityManager.TVAGlobalComponentRegistry.FActive
 0004:00000058       VA508AccessibilityManager.TVAGlobalComponentRegistry.FCallWinProcHookHandle
 0004:0000005C       VA508AccessibilityManager.TVAGlobalComponentRegistry.FGetMsgHookHandle
 0001:0000D0A0       VA508AccessibilityManager.TVAGlobalComponentRegistry.GetCompKey
 0001:0000D0B4       VA508AccessibilityManager.TVAGlobalComponentRegistry.GetComponentHandle
 0001:0000D188       VA508AccessibilityManager.TVAGlobalComponentRegistry.GetComponentHelper
 0001:0000D234       VA508AccessibilityManager.TVAGlobalComponentRegistry.HasHandle
 0001:0000D714       VA508AccessibilityManager.TVAGlobalComponentRegistry.RegisterComponent
 0001:0000D328       VA508AccessibilityManager.TVAGlobalComponentRegistry.RegisterFieldObject
 0001:0000D3EC       VA508AccessibilityManager.TVAGlobalComponentRegistry.RegisterMSAA
 0001:0000D79C       VA508AccessibilityManager.TVAGlobalComponentRegistry.TimerEvent
 0001:0000D8BC       VA508AccessibilityManager.TVAGlobalComponentRegistry.UnregisterComponent
 0001:0000D9EC       VA508AccessibilityManager.TVAGlobalComponentRegistry.UnregisterMSAA
 0001:0000DE30       VA508AccessibilityManager.TVAGlobalComponentRegistry.UpdateHandles
 0001:0000BBF0       VA508AccessibilityManager.Update
 0001:0000DC68       VA508AccessibilityManager.UpdateAllHandles
 0001:0000DCDC       VA508AccessibilityManager.UpdateChildrenHandles
 0001:0000B40C       VA508AccessibilityManager.UpdateComponent
 0001:0000C7D4       VA508AccessibilityManager.UpdateComponentData
 0001:0000DA30       VA508AccessibilityManager.UpdateHandle
 0002:00000254       VA508AccessibilityManager.VA508AccessibilityManager
 0004:00000080       VA508AccessibilityPE..8
 0001:00010850       VA508AccessibilityPE..TVA508AccessibilityComponentPropertyEditor
 0001:00010628       VA508AccessibilityPE..TVA508AccessibilityLabelPropertyEditor
 0001:000101D8       VA508AccessibilityPE..TVA508AccessibilityManager4PE
 0001:000102B8       VA508AccessibilityPE..TVA508AccessibilityPropertyMapper
 0001:00010740       VA508AccessibilityPE..TVA508AccessibilityPropertyPropertyEditor
 0001:00010524       VA508AccessibilityPE..TVA508CollectionPropertyEditor
 0001:0001041C       VA508AccessibilityPE..TVA508NestedPropertyEditor
 0001:00010A20       VA508AccessibilityPE.AllComponentsHaveSameManager
 0001:00011C40       VA508AccessibilityPE.Finalization
 0001:00010970       VA508AccessibilityPE.GetAccessibilityManager
 0001:00010A74       VA508AccessibilityPE.GetStringPropertyNames
 0001:00010B50       VA508AccessibilityPE.QVal
 0001:00011B10       VA508AccessibilityPE.Register
 0001:00010BC4       VA508AccessibilityPE.StripQVal
 0001:00011B04       VA508AccessibilityPE.TVA508AccessibilityComponentPropertyEditor.GetAttributes
 0001:000115F0       VA508AccessibilityPE.TVA508AccessibilityLabelPropertyEditor.GetAttributes
 0001:000115FC       VA508AccessibilityPE.TVA508AccessibilityLabelPropertyEditor.GetManager
 0001:0001161C       VA508AccessibilityPE.TVA508AccessibilityLabelPropertyEditor.GetProperties
 0001:00011624       VA508AccessibilityPE.TVA508AccessibilityLabelPropertyEditor.GetValue
 0001:000116B8       VA508AccessibilityPE.TVA508AccessibilityLabelPropertyEditor.GetValues
 0001:00011774       VA508AccessibilityPE.TVA508AccessibilityLabelPropertyEditor.SetValue
 0001:00010C44       VA508AccessibilityPE.TVA508AccessibilityPropertyMapper.GetAttributes
 0001:00010C70       VA508AccessibilityPE.TVA508AccessibilityPropertyMapper.GetProperties
 0001:000117C4       VA508AccessibilityPE.TVA508AccessibilityPropertyPropertyEditor.AllEqual
 0001:0001186C       VA508AccessibilityPE.TVA508AccessibilityPropertyPropertyEditor.GetAttributes
 0001:00011878       VA508AccessibilityPE.TVA508AccessibilityPropertyPropertyEditor.GetEditLimit
 0001:00011880       VA508AccessibilityPE.TVA508AccessibilityPropertyPropertyEditor.GetManager
 0001:000118A0       VA508AccessibilityPE.TVA508AccessibilityPropertyPropertyEditor.GetRootComponent
 0001:000118B8       VA508AccessibilityPE.TVA508AccessibilityPropertyPropertyEditor.GetValue
 0001:0001194C       VA508AccessibilityPE.TVA508AccessibilityPropertyPropertyEditor.GetValues
 0001:00011AB4       VA508AccessibilityPE.TVA508AccessibilityPropertyPropertyEditor.SetValue
 0001:000115E4       VA508AccessibilityPE.TVA508CollectionPropertyEditor.GetColOptions
 0001:00010D70       VA508AccessibilityPE.TVA508NestedPropertyEditor.AllEqual
 0001:00010F44       VA508AccessibilityPE.TVA508NestedPropertyEditor.Create
 0001:00010FD8       VA508AccessibilityPE.TVA508NestedPropertyEditor.Edit
 0001:00011038       VA508AccessibilityPE.TVA508NestedPropertyEditor.GetAttributes
 0001:00011078       VA508AccessibilityPE.TVA508NestedPropertyEditor.GetEditLimit
 0001:00011098       VA508AccessibilityPE.TVA508NestedPropertyEditor.GetName
 0001:000110AC       VA508AccessibilityPE.TVA508NestedPropertyEditor.GetValue
 0001:00011238       VA508AccessibilityPE.TVA508NestedPropertyEditor.GetValues
 0001:0001145C       VA508AccessibilityPE.TVA508NestedPropertyEditor.SetValue
 0002:000002D8       VA508AccessibilityPE.VA508AccessibilityPE
 0004:00000040       VA508AccessibilityRouter..2
 0001:00003850       VA508AccessibilityRouter..TMasterScreenReader
 0001:000037D4       VA508AccessibilityRouter..TNullScreenReader
 0001:00003718       VA508AccessibilityRouter..TVA508ScreenReader
 0003:00000268       VA508AccessibilityRouter.ActiveScreenReader
 0001:00004880       VA508AccessibilityRouter.AddDescription
 0003:00000280       VA508AccessibilityRouter.CheckScreenReaderSystemActive
 0001:000040A0       VA508AccessibilityRouter.Coded
 0001:00004BC4       VA508AccessibilityRouter.ComponentDataRequested
 0001:00003C38       VA508AccessibilityRouter.CreateTimer
 0001:00003EF8       VA508AccessibilityRouter.Decode
 0001:000044F8       VA508AccessibilityRouter.EnsureDialogAreSpecified
 0001:000044A4       VA508AccessibilityRouter.EnumResNameProc
 0001:00004DEC       VA508AccessibilityRouter.Finalization
 0001:00003908       VA508AccessibilityRouter.GetScreenReader
 0003:0000026C       VA508AccessibilityRouter.MasterScreenReader
 0003:00000278       VA508AccessibilityRouter.Need2RegisterData
 0003:0000027C       VA508AccessibilityRouter.OK2RegisterData
 0001:00003950       VA508AccessibilityRouter.PostScreenReaderCheckEvent
 0003:00000274       VA508AccessibilityRouter.SaveInitProc
 0001:00003C9C       VA508AccessibilityRouter.ScreenReaderSystemActive
 0001:00003D7C       VA508AccessibilityRouter.SpecifyFormIsNotADialog
 0001:00003E80       VA508AccessibilityRouter.TMasterScreenReader.AddComponentDataNeededEventHandler
 0001:00003E94       VA508AccessibilityRouter.TMasterScreenReader.Create
 0001:00003F84       VA508AccessibilityRouter.TMasterScreenReader.DecodeBehavior
 0001:0000405C       VA508AccessibilityRouter.TMasterScreenReader.Destroy
 0001:00004174       VA508AccessibilityRouter.TMasterScreenReader.EncodeBehavior
 0001:00004214       VA508AccessibilityRouter.TMasterScreenReader.HandleSRException
 0001:00004288       VA508AccessibilityRouter.TMasterScreenReader.ProcessCustomKeyCommand
 0001:000042B4       VA508AccessibilityRouter.TMasterScreenReader.RegisterClassAsMSAA
 0001:00004318       VA508AccessibilityRouter.TMasterScreenReader.RegisterCustomBehavior
 0001:0000442C       VA508AccessibilityRouter.TMasterScreenReader.RegisterCustomClassBehavior
 0001:00004730       VA508AccessibilityRouter.TMasterScreenReader.RegisterCustomData
 0001:000049AC       VA508AccessibilityRouter.TMasterScreenReader.RegisterCustomKeyMapping
 0001:00004A8C       VA508AccessibilityRouter.TMasterScreenReader.RegisterDictionaryChange
 0001:00004AF4       VA508AccessibilityRouter.TMasterScreenReader.RegistrationAllowed
 0001:00004B0C       VA508AccessibilityRouter.TMasterScreenReader.RemoveComponentDataNeededEventHandler
 0001:00004B20       VA508AccessibilityRouter.TMasterScreenReader.Speak
 0001:00004CF4       VA508AccessibilityRouter.TNullScreenReader.AddComponentDataNeededEventHandler
 0001:00004CFC       VA508AccessibilityRouter.TNullScreenReader.RegisterClassAsMSAA
 0001:00004D24       VA508AccessibilityRouter.TNullScreenReader.RegisterCustomClassBehavior
 0001:00004D4C       VA508AccessibilityRouter.TNullScreenReader.RegisterCustomKeyMapping
 0001:00004D94       VA508AccessibilityRouter.TNullScreenReader.RegisterDictionaryChange
 0001:00004DBC       VA508AccessibilityRouter.TNullScreenReader.RemoveComponentDataNeededEventHandler
 0001:00004DC4       VA508AccessibilityRouter.TNullScreenReader.Speak
 0003:00000270       VA508AccessibilityRouter.uNonDialogClassNames
 0003:00000288       VA508AccessibilityRouter.uPostScreenReaderActivationTimer
 0003:00000284       VA508AccessibilityRouter.uScreenReaderSystemActive
 0002:000001D0       VA508AccessibilityRouter.VA508AccessibilityRouter
 0001:000038CC       VA508AccessibilityRouter.VA508RouterInitProc
 0004:00000048       VA508Classes..5
 0001:000063EC       VA508Classes..EVA508AccessibilityException
 0001:00006344       VA508Classes..TFormData
 0001:00006554       VA508Classes..TParentChildFormTracker
 0001:000066DC       VA508Classes..TVA508Parser
 0001:00006804       VA508Classes.EnsureManager
 0001:00007CCC       VA508Classes.Finalization
 0001:0000678C       VA508Classes.HasAnotherAccessibilityManager
 0001:00007990       VA508Classes.IgnoreToken
 0001:000079C0       VA508Classes.InvalidSection
 0001:00006EE8       VA508Classes.TFormData.HasManager
 0001:00006EF4       VA508Classes.TFormData.HasParent
 0001:00006EFC       VA508Classes.TFormData.SetFormClassName
 0001:00006F58       VA508Classes.TParentChildFormTracker.AddForm
 0001:00007020       VA508Classes.TParentChildFormTracker.AddLink
 0001:00007098       VA508Classes.TParentChildFormTracker.Clear
 0001:000070A4       VA508Classes.TParentChildFormTracker.Create
 0001:000070E0       VA508Classes.TParentChildFormTracker.Destroy
 0001:00007110       VA508Classes.TParentChildFormTracker.FindForm
 0001:000071AC       VA508Classes.TParentChildFormTracker.FormCount
 0001:000071B4       VA508Classes.TParentChildFormTracker.GetFormData
 0001:000071C8       VA508Classes.TParentChildFormTracker.ParentChildErrorDescription
 0001:000076C4       VA508Classes.TParentChildFormTracker.ParentChildErrorStatus
 0001:000077C4       VA508Classes.TVA508Parser.GetParentClassName
 0001:00007984       VA508Classes.TVA508Parser.LastLineRead
 0001:00007988       VA508Classes.TVA508Parser.LastPosition
 0001:00007A6C       VA508Classes.TVA508Parser.ParseToken
 0002:000001FC       VA508Classes.VA508Classes
 0001:00006920       VA508Classes.VA508ComponentCreationCheck
 0001:00006C44       VA508Classes.VA508ComponentDestructionCheck
 0004:0000004C       VA508DelphiCompatibility..2
 0001:00007E48       VA508DelphiCompatibility..TCheckBox508Manager
 0001:00007EFC       VA508DelphiCompatibility..TCheckListBox508Manager
 0001:0000811C       VA508DelphiCompatibility..TCustomGrid508Manager
 0001:00008068       VA508DelphiCompatibility..TVA508ComboManager
 0001:00007FB4       VA508DelphiCompatibility..TVA508EditManager
 0001:00007D4C       VA508DelphiCompatibility..TVA508StaticTextManager
 0001:000081D4       VA508DelphiCompatibility.Append
 0001:00008270       VA508DelphiCompatibility.AppendHeader
 0001:000085FC       VA508DelphiCompatibility.CustomComboAlternateHandle
 0001:00008ECC       VA508DelphiCompatibility.Finalization
 0001:00008604       VA508DelphiCompatibility.GetCheckBoxComponentName
 0001:0000865C       VA508DelphiCompatibility.GetCheckBoxInstructionMessage
 0001:000086D0       VA508DelphiCompatibility.GetCheckBoxStateText
 0001:000082E8       VA508DelphiCompatibility.ListViewIndexQueryProc
 0001:00008498       VA508DelphiCompatibility.RegisterStandardDelphiComponents
 0001:00008754       VA508DelphiCompatibility.TCheckBox508Manager.Create
 0001:000087A0       VA508DelphiCompatibility.TCheckBox508Manager.GetComponentName
 0001:000087B8       VA508DelphiCompatibility.TCheckBox508Manager.GetInstructions
 0001:000087D4       VA508DelphiCompatibility.TCheckBox508Manager.GetState
 0001:000087EC       VA508DelphiCompatibility.TCheckListBox508Manager.Create
 0001:00008838       VA508DelphiCompatibility.TCheckListBox508Manager.GetComponentName
 0001:000088D0       VA508DelphiCompatibility.TCheckListBox508Manager.GetIndex
 0001:00008904       VA508DelphiCompatibility.TCheckListBox508Manager.GetItem
 0001:000088A0       VA508DelphiCompatibility.TCheckListBox508Manager.GetItemInstructions
 0001:00008930       VA508DelphiCompatibility.TCheckListBox508Manager.GetState
 0001:00008960       VA508DelphiCompatibility.TCustomGrid508Manager.Create
 0001:000089AC       VA508DelphiCompatibility.TCustomGrid508Manager.GetComponentName
 0001:000089D0       VA508DelphiCompatibility.TCustomGrid508Manager.GetInstructions
 0001:00008A5C       VA508DelphiCompatibility.TCustomGrid508Manager.GetItem
 0001:00008A90       VA508DelphiCompatibility.TCustomGrid508Manager.GetValue
 0001:00008E6C       VA508DelphiCompatibility.TVA508ComboManager.Create
 0001:00008EB8       VA508DelphiCompatibility.TVA508ComboManager.GetValue
 0001:00008E0C       VA508DelphiCompatibility.TVA508EditManager.Create
 0001:00008E58       VA508DelphiCompatibility.TVA508EditManager.GetValue
 0001:00008CF8       VA508DelphiCompatibility.TVA508StaticTextManager.Create
 0001:00008D44       VA508DelphiCompatibility.TVA508StaticTextManager.GetCaption
 0001:00008D64       VA508DelphiCompatibility.TVA508StaticTextManager.GetComponentName
 0001:00008D88       VA508DelphiCompatibility.TVA508StaticTextManager.GetValue
 0002:00000244       VA508DelphiCompatibility.VA508DelphiCompatibility
 0004:00000044       VA508ImageListLabeler..6
 0001:0000507C       VA508ImageListLabeler..TVA508ImageListComponent
 0001:00005168       VA508ImageListLabeler..TVA508ImageListComponents
 0001:00004E58       VA508ImageListLabeler..TVA508ImageListLabel
 0001:00005244       VA508ImageListLabeler..TVA508ImageListLabeler
 0001:00004F98       VA508ImageListLabeler..TVA508ImageListLabels
 0001:00006314       VA508ImageListLabeler.Finalization
 0001:000053A8       VA508ImageListLabeler.Register
 0001:00005FA0       VA508ImageListLabeler.TVA508ImageListComponent.Assign
 0001:00005FD0       VA508ImageListLabeler.TVA508ImageListComponent.ComponentNotifyEvent
 0001:00005FE8       VA508ImageListLabeler.TVA508ImageListComponent.Destroy
 0001:00006024       VA508ImageListLabeler.TVA508ImageListComponent.GetDisplayName
 0001:000060DC       VA508ImageListLabeler.TVA508ImageListComponent.ImageListTypes
 0001:000061A8       VA508ImageListLabeler.TVA508ImageListComponent.Labeler
 0001:000061C4       VA508ImageListLabeler.TVA508ImageListComponent.SetComponent
 0001:00005EEC       VA508ImageListLabeler.TVA508ImageListComponents.Add
 0001:00005EF8       VA508ImageListLabeler.TVA508ImageListComponents.Create
 0001:00005F3C       VA508ImageListLabeler.TVA508ImageListComponents.Destroy
 0001:00005F68       VA508ImageListLabeler.TVA508ImageListComponents.GetItem
 0001:00005F7C       VA508ImageListLabeler.TVA508ImageListComponents.GetOwner
 0001:00005F80       VA508ImageListLabeler.TVA508ImageListComponents.Notify
 0001:00005F98       VA508ImageListLabeler.TVA508ImageListComponents.SetItem
 0001:00005D48       VA508ImageListLabeler.TVA508ImageListLabel.Assign
 0001:00005D84       VA508ImageListLabeler.TVA508ImageListLabel.Changed
 0001:00005D98       VA508ImageListLabeler.TVA508ImageListLabel.Create
 0001:00005DDC       VA508ImageListLabeler.TVA508ImageListLabel.Destroy
 0001:00005E04       VA508ImageListLabeler.TVA508ImageListLabel.Labeler
 0001:00005E20       VA508ImageListLabeler.TVA508ImageListLabel.Refresh
 0001:00005E2C       VA508ImageListLabeler.TVA508ImageListLabel.SetCaption
 0001:00005E60       VA508ImageListLabeler.TVA508ImageListLabel.SetImageIndex
 0001:00005ED8       VA508ImageListLabeler.TVA508ImageListLabel.SetOverlayIndex
 0001:000053D4       VA508ImageListLabeler.TVA508ImageListLabeler.ComponentImageListChanged
 0001:000053DC       VA508ImageListLabeler.TVA508ImageListLabeler.Create
 0001:00005480       VA508ImageListLabeler.TVA508ImageListLabeler.Destroy
 0001:000054E8       VA508ImageListLabeler.TVA508ImageListLabeler.ImageIndexQuery
 0001:000055A0       VA508ImageListLabeler.TVA508ImageListLabeler.ImageListChange
 0001:00005640       VA508ImageListLabeler.TVA508ImageListLabeler.ItemChanged
 0001:00005660       VA508ImageListLabeler.TVA508ImageListLabeler.Loaded
 0001:000057D8       VA508ImageListLabeler.TVA508ImageListLabeler.Notification
 0001:00005688       VA508ImageListLabeler.TVA508ImageListLabeler.SaveChanges
 0001:00005804       VA508ImageListLabeler.TVA508ImageListLabeler.SetImageList
 0001:000059A4       VA508ImageListLabeler.TVA508ImageListLabeler.SetRemoteLabeler
 0001:000059CC       VA508ImageListLabeler.TVA508ImageListLabels.Add
 0001:000059D8       VA508ImageListLabeler.TVA508ImageListLabels.Create
 0001:00005AC8       VA508ImageListLabeler.TVA508ImageListLabels.Destroy
 0001:00005B0C       VA508ImageListLabeler.TVA508ImageListLabels.GetAttr
 0001:00005B28       VA508ImageListLabeler.TVA508ImageListLabels.GetAttrCount
 0001:00005B34       VA508ImageListLabeler.TVA508ImageListLabels.GetImageData
 0001:00005BA8       VA508ImageListLabeler.TVA508ImageListLabels.GetItem
 0001:00005BBC       VA508ImageListLabeler.TVA508ImageListLabels.GetItemAttr
 0001:00005C80       VA508ImageListLabeler.TVA508ImageListLabels.GetOverlayData
 0001:00005CF8       VA508ImageListLabeler.TVA508ImageListLabels.GetOwner
 0001:00005CFC       VA508ImageListLabeler.TVA508ImageListLabels.Notify
 0001:00005D10       VA508ImageListLabeler.TVA508ImageListLabels.ResetData
 0001:00005D2C       VA508ImageListLabeler.TVA508ImageListLabels.SetItem
 0001:00005D34       VA508ImageListLabeler.TVA508ImageListLabels.Update
 0002:000001F4       VA508ImageListLabeler.VA508ImageListLabeler
 0004:00000090       VA508ImageListLabelerPE..7
 0001:0001518C       VA508ImageListLabelerPE..TfrmImageListEditor
 0001:000154AC       VA508ImageListLabelerPE..TVA508ImageListComponentEditor
 0001:0001557C       VA508ImageListLabelerPE..TVA508ImageListComponentProperty
 0001:000153A8       VA508ImageListLabelerPE..TVA508ImageListItemsProperty
 0001:0001568C       VA508ImageListLabelerPE..TVA508LabelerImageListProperty
 0001:00015794       VA508ImageListLabelerPE..TVA508LabelerRemoteLabelerProperty
 0001:00016318       VA508ImageListLabelerPE.Finalization
 0001:000158A4       VA508ImageListLabelerPE.Register
 0001:00015974       VA508ImageListLabelerPE.TfrmImageListEditor.Create
 0001:00015A20       VA508ImageListLabelerPE.TfrmImageListEditor.Destroy
 0001:00015B88       VA508ImageListLabelerPE.TfrmImageListEditor.GetImageList
 0001:00015BB8       VA508ImageListLabelerPE.TfrmImageListEditor.GetSize
 0001:00015A70       VA508ImageListLabelerPE.TfrmImageListEditor.ImageDataChanged
 0001:00015A78       VA508ImageListLabelerPE.TfrmImageListEditor.ItemChange
 0001:00015AC4       VA508ImageListLabelerPE.TfrmImageListEditor.IterateItems
 0001:00015BE8       VA508ImageListLabelerPE.TfrmImageListEditor.RedrawImages
 0001:00015E58       VA508ImageListLabelerPE.TfrmImageListEditor.UpdateImages
 0001:00015F58       VA508ImageListLabelerPE.TVA508ImageListComponentEditor.Edit
 0001:00015FD4       VA508ImageListLabelerPE.TVA508ImageListComponentEditor.ExecuteVerb
 0001:00015FE4       VA508ImageListLabelerPE.TVA508ImageListComponentEditor.GetVerb
 0001:00016034       VA508ImageListLabelerPE.TVA508ImageListComponentEditor.GetVerbCount
 0001:0001603C       VA508ImageListLabelerPE.TVA508ImageListComponentProperty.FilterValues
 0001:00016124       VA508ImageListLabelerPE.TVA508ImageListComponentProperty.GetValue
 0001:000161D0       VA508ImageListLabelerPE.TVA508ImageListComponentProperty.GetValues
 0001:00016204       VA508ImageListLabelerPE.TVA508ImageListComponentProperty.SetValue
 0001:000159D8       VA508ImageListLabelerPE.TVA508ImageListItemsProperty.GetAttributes
 0001:00015A18       VA508ImageListLabelerPE.TVA508ImageListItemsProperty.GetEditorClass
 0001:00016280       VA508ImageListLabelerPE.TVA508LabelerImageListProperty.GetAttributes
 0001:000162B4       VA508ImageListLabelerPE.TVA508LabelerRemoteLabelerProperty.FilterValues
 0001:000162E4       VA508ImageListLabelerPE.TVA508LabelerRemoteLabelerProperty.GetValues
 0002:00000310       VA508ImageListLabelerPE.VA508ImageListLabelerPE
 0004:00000024       VA508MSAASupport..1
 0001:00001628       VA508MSAASupport..TImageEventData
 0001:00001684       VA508MSAASupport..TListProcData
 0001:00001844       VA508MSAASupport..TMSAAServer
 0001:000016E0       VA508MSAASupport..TProcData
 0003:00000230       VA508MSAASupport.AccPropServices
 0003:00000234       VA508MSAASupport.AccServicesCount
 0001:000022E8       VA508MSAASupport.Append
 0001:00001A08       VA508MSAASupport.Cleanup
 0001:000019E4       VA508MSAASupport.DecAccServices
 0001:00002890       VA508MSAASupport.DoListComponent
 0001:00002574       VA508MSAASupport.DoListView
 0001:000028FC       VA508MSAASupport.DoNormalComponent
 0001:00002434       VA508MSAASupport.DoTreeView
 0003:0000022C       VA508MSAASupport.Events
 0001:00002D3C       VA508MSAASupport.Finalization
 0001:00001A28       VA508MSAASupport.FindServer
 0001:000023A0       VA508MSAASupport.GetImageLabelText
 0001:00002964       VA508MSAASupport.HasProperty
 0001:00001948       VA508MSAASupport.IncAccServices
 0004:00000028       VA508MSAASupport.NamePropIDs
 0001:0000298C       VA508MSAASupport.NoProperty
 0001:0000189C       VA508MSAASupport.NotifyEvent
 0001:00001AE4       VA508MSAASupport.RegisterComponentImageListQueryEvent
 0001:00001E44       VA508MSAASupport.RegisterMSAAComponentListQueryProc
 0001:00001CA0       VA508MSAASupport.RegisterMSAAComponentQueryProc
 0001:00001FE8       VA508MSAASupport.TMSAAServer.AddImageEvent
 0001:00002050       VA508MSAASupport.TMSAAServer.AddListProc
 0001:00002088       VA508MSAASupport.TMSAAServer.AddProc
 0001:000020C0       VA508MSAASupport.TMSAAServer.AssignServerType
 0001:000020E0       VA508MSAASupport.TMSAAServer.Attach
 0001:00002134       VA508MSAASupport.TMSAAServer.Create
 0001:00002194       VA508MSAASupport.TMSAAServer.Destroy
 0001:000021D0       VA508MSAASupport.TMSAAServer.Detatch
 0001:00002230       VA508MSAASupport.TMSAAServer.EventCount
 0001:000022E4       VA508MSAASupport.TMSAAServer.GetComponent
 0001:000029A8       VA508MSAASupport.TMSAAServer.GetPropValue
 0001:00002B68       VA508MSAASupport.TMSAAServer.Hook
 0001:00002238       VA508MSAASupport.TMSAAServer.ImageEventIndex
 0001:00002294       VA508MSAASupport.TMSAAServer.ListProcIndex
 0001:00002CA8       VA508MSAASupport.TMSAAServer.MSAAWindowProc
 0001:00002CD0       VA508MSAASupport.TMSAAServer.ProcIndex
 0001:00002B88       VA508MSAASupport.TMSAAServer.RemoveImageEvent
 0001:00002BB8       VA508MSAASupport.TMSAAServer.RemoveListProc
 0001:00002BDC       VA508MSAASupport.TMSAAServer.RemoveProc
 0001:00002C74       VA508MSAASupport.TMSAAServer.UnassignServerType
 0001:00002C98       VA508MSAASupport.TMSAAServer.UnHook
 0001:00002C00       VA508MSAASupport.TMSAAServer.ValidateServerType
 0004:00000038       VA508MSAASupport.uNotifier
 0001:00001BD4       VA508MSAASupport.UnregisterComponentImageListQueryEvent
 0001:00001F2C       VA508MSAASupport.UnregisterMSAAComponentListQueryProc
 0001:00001D88       VA508MSAASupport.UnregisterMSAAComponentQueryProc
 0003:00000228       VA508MSAASupport.uShutDown
 0003:00000220       VA508MSAASupport.VA508ImageListLabelerClasses
 0002:000001B4       VA508MSAASupport.VA508MSAASupport
 0004:0000003C       VA508ScreenReaderDLLLinker..1
 0001:000031D0       VA508ScreenReaderDLLLinker.CheckFile
 0001:00003020       VA508ScreenReaderDLLLinker.CheckProcs
 0001:00002FD4       VA508ScreenReaderDLLLinker.CheckRunning
 0001:00002DC4       VA508ScreenReaderDLLLinker.ClearProcPointers
 0001:00002E40       VA508ScreenReaderDLLLinker.CloseScreenReaderLink
 0001:00002DA4       VA508ScreenReaderDLLLinker.ComponentData
 0001:00002DC0       VA508ScreenReaderDLLLinker.ConfigChangePending
 0003:00000264       VA508ScreenReaderDLLLinker.DLLHandle
 0003:00000254       VA508ScreenReaderDLLLinker.DoInitialize
 0003:00000250       VA508ScreenReaderDLLLinker.ExecuteFind
 0001:000035D0       VA508ScreenReaderDLLLinker.Finalization
 0001:0000346C       VA508ScreenReaderDLLLinker.FindScreenReaders
 0001:00002D8C       VA508ScreenReaderDLLLinker.Initialize
 0003:00000258       VA508ScreenReaderDLLLinker.InitializeResult
 0001:00002E04       VA508ScreenReaderDLLLinker.InitializeScreenReaderLink
 0001:00002DB4       VA508ScreenReaderDLLLinker.IsRunning
 0001:00003548       VA508ScreenReaderDLLLinker.IsScreenReaderSupported
 0001:00002E68       VA508ScreenReaderDLLLinker.LoadScreenReader
 0001:00002D9C       VA508ScreenReaderDLLLinker.RegisterCustomBehavior
 0001:000032B8       VA508ScreenReaderDLLLinker.ScanScreenReaders
 0001:00003530       VA508ScreenReaderDLLLinker.ScreenReaderDLLsExist
 0001:00002D98       VA508ScreenReaderDLLLinker.ShutDown
 0001:00002DAC       VA508ScreenReaderDLLLinker.SpeakText
 0003:00000244       VA508ScreenReaderDLLLinker.SRComponentData
 0003:00000248       VA508ScreenReaderDLLLinker.SRConfigChangePending
 0003:0000025C       VA508ScreenReaderDLLLinker.SRInitialize
 0003:0000023C       VA508ScreenReaderDLLLinker.SRIsRunning
 0003:00000240       VA508ScreenReaderDLLLinker.SRRegisterCustomBehavior
 0003:00000260       VA508ScreenReaderDLLLinker.SRShutDown
 0003:00000238       VA508ScreenReaderDLLLinker.SRSpeakText
 0002:000001C8       VA508ScreenReaderDLLLinker.VA508ScreenReaderDLLLinker
 0003:0000024C       VA508ScreenReaderDLLLinker.ValidSRFiles
 0004:00000010       Windows..3
 0001:00000508       Windows.CallNextHookEx
 0001:000004E0       Windows.EnumResourceNames
 0001:00000550       Windows.Finalization
 0001:000004E8       Windows.FreeLibrary
 0001:00000510       Windows.GetAncestor
 0001:000004F0       Windows.GetCurrentThreadId
 0001:000004F8       Windows.GetProcAddress
 0004:00000014       Windows.HtmlHelpModule
 0001:00000518       Windows.IsWindow
 0001:00000520       Windows.IsWindowVisible
 0001:00000500       Windows.LoadLibrary
 0001:00000528       Windows.MessageBox
 0001:00000530       Windows.PeekMessage
 0001:00000538       Windows.PostMessage
 0001:00000540       Windows.SetWindowsHookEx
 0001:00000548       Windows.UnhookWindowsHookEx
 0002:00000010       Windows.Windows


  Address             Publics by Value

 0001:00000250       SysInit.FreeLibrary
 0001:00000258       SysInit.LocalAlloc
 0001:00000260       SysInit.LocalFree
 0001:00000268       SysInit.TlsAlloc
 0001:00000270       SysInit.TlsFree
 0001:00000278       SysInit.TlsGetValue
 0001:00000280       SysInit.TlsSetValue
 0001:00000288       SysInit.AllocTlsBuffer
 0001:00000294       SysInit.GetTlsSize
 0001:0000029C       SysInit.InitThreadTLS
 0001:000002E0       SysInit.InitProcessTLS
 0001:0000030C       SysInit.ExitThreadTLS
 0001:00000344       SysInit.ExitProcessTLS
 0001:00000368       SysInit.InitializeModule
 0001:00000374       SysInit.UninitializeModule
 0001:00000398       SysInit.@InitPkg
 0001:000003FC       SysInit.@PackageLoad
 0001:00000408       SysInit.@PackageUnload
 0001:000004E0       Windows.EnumResourceNames
 0001:000004E8       Windows.FreeLibrary
 0001:000004F0       Windows.GetCurrentThreadId
 0001:000004F8       Windows.GetProcAddress
 0001:00000500       Windows.LoadLibrary
 0001:00000508       Windows.CallNextHookEx
 0001:00000510       Windows.GetAncestor
 0001:00000518       Windows.IsWindow
 0001:00000520       Windows.IsWindowVisible
 0001:00000528       Windows.MessageBox
 0001:00000530       Windows.PeekMessage
 0001:00000538       Windows.PostMessage
 0001:00000540       Windows.SetWindowsHookEx
 0001:00000548       Windows.UnhookWindowsHookEx
 0001:00000550       Windows.Finalization
 0001:00001188       VA508AccessibilityConst.Finalization
 0001:0000132C       oleacc2..CoCAccPropServices
 0001:000013B8       oleacc2.CoCAccPropServices.Create
 0001:0000141C       oleacc2.CoCAccPropServices.CreateRemote
 0001:0000149C       oleacc2.Finalization
 0001:000014CC       MSAAConstants.Finalization
 0001:00001628       VA508MSAASupport..TImageEventData
 0001:00001684       VA508MSAASupport..TListProcData
 0001:000016E0       VA508MSAASupport..TProcData
 0001:00001844       VA508MSAASupport..TMSAAServer
 0001:0000189C       VA508MSAASupport.NotifyEvent
 0001:00001948       VA508MSAASupport.IncAccServices
 0001:000019E4       VA508MSAASupport.DecAccServices
 0001:00001A08       VA508MSAASupport.Cleanup
 0001:00001A28       VA508MSAASupport.FindServer
 0001:00001AE4       VA508MSAASupport.RegisterComponentImageListQueryEvent
 0001:00001BD4       VA508MSAASupport.UnregisterComponentImageListQueryEvent
 0001:00001CA0       VA508MSAASupport.RegisterMSAAComponentQueryProc
 0001:00001D88       VA508MSAASupport.UnregisterMSAAComponentQueryProc
 0001:00001E44       VA508MSAASupport.RegisterMSAAComponentListQueryProc
 0001:00001F2C       VA508MSAASupport.UnregisterMSAAComponentListQueryProc
 0001:00001FE8       VA508MSAASupport.TMSAAServer.AddImageEvent
 0001:00002050       VA508MSAASupport.TMSAAServer.AddListProc
 0001:00002088       VA508MSAASupport.TMSAAServer.AddProc
 0001:000020C0       VA508MSAASupport.TMSAAServer.AssignServerType
 0001:000020E0       VA508MSAASupport.TMSAAServer.Attach
 0001:00002134       VA508MSAASupport.TMSAAServer.Create
 0001:00002194       VA508MSAASupport.TMSAAServer.Destroy
 0001:000021D0       VA508MSAASupport.TMSAAServer.Detatch
 0001:00002230       VA508MSAASupport.TMSAAServer.EventCount
 0001:00002238       VA508MSAASupport.TMSAAServer.ImageEventIndex
 0001:00002294       VA508MSAASupport.TMSAAServer.ListProcIndex
 0001:000022E4       VA508MSAASupport.TMSAAServer.GetComponent
 0001:000022E8       VA508MSAASupport.Append
 0001:000023A0       VA508MSAASupport.GetImageLabelText
 0001:00002434       VA508MSAASupport.DoTreeView
 0001:00002574       VA508MSAASupport.DoListView
 0001:00002890       VA508MSAASupport.DoListComponent
 0001:000028FC       VA508MSAASupport.DoNormalComponent
 0001:00002964       VA508MSAASupport.HasProperty
 0001:0000298C       VA508MSAASupport.NoProperty
 0001:000029A8       VA508MSAASupport.TMSAAServer.GetPropValue
 0001:00002B68       VA508MSAASupport.TMSAAServer.Hook
 0001:00002B88       VA508MSAASupport.TMSAAServer.RemoveImageEvent
 0001:00002BB8       VA508MSAASupport.TMSAAServer.RemoveListProc
 0001:00002BDC       VA508MSAASupport.TMSAAServer.RemoveProc
 0001:00002C00       VA508MSAASupport.TMSAAServer.ValidateServerType
 0001:00002C74       VA508MSAASupport.TMSAAServer.UnassignServerType
 0001:00002C98       VA508MSAASupport.TMSAAServer.UnHook
 0001:00002CA8       VA508MSAASupport.TMSAAServer.MSAAWindowProc
 0001:00002CD0       VA508MSAASupport.TMSAAServer.ProcIndex
 0001:00002D3C       VA508MSAASupport.Finalization
 0001:00002D8C       VA508ScreenReaderDLLLinker.Initialize
 0001:00002D98       VA508ScreenReaderDLLLinker.ShutDown
 0001:00002D9C       VA508ScreenReaderDLLLinker.RegisterCustomBehavior
 0001:00002DA4       VA508ScreenReaderDLLLinker.ComponentData
 0001:00002DAC       VA508ScreenReaderDLLLinker.SpeakText
 0001:00002DB4       VA508ScreenReaderDLLLinker.IsRunning
 0001:00002DC0       VA508ScreenReaderDLLLinker.ConfigChangePending
 0001:00002DC4       VA508ScreenReaderDLLLinker.ClearProcPointers
 0001:00002E04       VA508ScreenReaderDLLLinker.InitializeScreenReaderLink
 0001:00002E40       VA508ScreenReaderDLLLinker.CloseScreenReaderLink
 0001:00002E68       VA508ScreenReaderDLLLinker.LoadScreenReader
 0001:00002FD4       VA508ScreenReaderDLLLinker.CheckRunning
 0001:00003020       VA508ScreenReaderDLLLinker.CheckProcs
 0001:000031D0       VA508ScreenReaderDLLLinker.CheckFile
 0001:000032B8       VA508ScreenReaderDLLLinker.ScanScreenReaders
 0001:0000346C       VA508ScreenReaderDLLLinker.FindScreenReaders
 0001:00003530       VA508ScreenReaderDLLLinker.ScreenReaderDLLsExist
 0001:00003548       VA508ScreenReaderDLLLinker.IsScreenReaderSupported
 0001:000035D0       VA508ScreenReaderDLLLinker.Finalization
 0001:00003718       VA508AccessibilityRouter..TVA508ScreenReader
 0001:000037D4       VA508AccessibilityRouter..TNullScreenReader
 0001:00003850       VA508AccessibilityRouter..TMasterScreenReader
 0001:000038CC       VA508AccessibilityRouter.VA508RouterInitProc
 0001:00003908       VA508AccessibilityRouter.GetScreenReader
 0001:00003950       VA508AccessibilityRouter.PostScreenReaderCheckEvent
 0001:00003C38       VA508AccessibilityRouter.CreateTimer
 0001:00003C9C       VA508AccessibilityRouter.ScreenReaderSystemActive
 0001:00003D7C       VA508AccessibilityRouter.SpecifyFormIsNotADialog
 0001:00003E80       VA508AccessibilityRouter.TMasterScreenReader.AddComponentDataNeededEventHandler
 0001:00003E94       VA508AccessibilityRouter.TMasterScreenReader.Create
 0001:00003EF8       VA508AccessibilityRouter.Decode
 0001:00003F84       VA508AccessibilityRouter.TMasterScreenReader.DecodeBehavior
 0001:0000405C       VA508AccessibilityRouter.TMasterScreenReader.Destroy
 0001:000040A0       VA508AccessibilityRouter.Coded
 0001:00004174       VA508AccessibilityRouter.TMasterScreenReader.EncodeBehavior
 0001:00004214       VA508AccessibilityRouter.TMasterScreenReader.HandleSRException
 0001:00004288       VA508AccessibilityRouter.TMasterScreenReader.ProcessCustomKeyCommand
 0001:000042B4       VA508AccessibilityRouter.TMasterScreenReader.RegisterClassAsMSAA
 0001:00004318       VA508AccessibilityRouter.TMasterScreenReader.RegisterCustomBehavior
 0001:0000442C       VA508AccessibilityRouter.TMasterScreenReader.RegisterCustomClassBehavior
 0001:000044A4       VA508AccessibilityRouter.EnumResNameProc
 0001:000044F8       VA508AccessibilityRouter.EnsureDialogAreSpecified
 0001:00004730       VA508AccessibilityRouter.TMasterScreenReader.RegisterCustomData
 0001:00004880       VA508AccessibilityRouter.AddDescription
 0001:000049AC       VA508AccessibilityRouter.TMasterScreenReader.RegisterCustomKeyMapping
 0001:00004A8C       VA508AccessibilityRouter.TMasterScreenReader.RegisterDictionaryChange
 0001:00004AF4       VA508AccessibilityRouter.TMasterScreenReader.RegistrationAllowed
 0001:00004B0C       VA508AccessibilityRouter.TMasterScreenReader.RemoveComponentDataNeededEventHandler
 0001:00004B20       VA508AccessibilityRouter.TMasterScreenReader.Speak
 0001:00004BC4       VA508AccessibilityRouter.ComponentDataRequested
 0001:00004CF4       VA508AccessibilityRouter.TNullScreenReader.AddComponentDataNeededEventHandler
 0001:00004CFC       VA508AccessibilityRouter.TNullScreenReader.RegisterClassAsMSAA
 0001:00004D24       VA508AccessibilityRouter.TNullScreenReader.RegisterCustomClassBehavior
 0001:00004D4C       VA508AccessibilityRouter.TNullScreenReader.RegisterCustomKeyMapping
 0001:00004D94       VA508AccessibilityRouter.TNullScreenReader.RegisterDictionaryChange
 0001:00004DBC       VA508AccessibilityRouter.TNullScreenReader.RemoveComponentDataNeededEventHandler
 0001:00004DC4       VA508AccessibilityRouter.TNullScreenReader.Speak
 0001:00004DEC       VA508AccessibilityRouter.Finalization
 0001:00004E58       VA508ImageListLabeler..TVA508ImageListLabel
 0001:00004F98       VA508ImageListLabeler..TVA508ImageListLabels
 0001:0000507C       VA508ImageListLabeler..TVA508ImageListComponent
 0001:00005168       VA508ImageListLabeler..TVA508ImageListComponents
 0001:00005244       VA508ImageListLabeler..TVA508ImageListLabeler
 0001:000053A8       VA508ImageListLabeler.Register
 0001:000053D4       VA508ImageListLabeler.TVA508ImageListLabeler.ComponentImageListChanged
 0001:000053DC       VA508ImageListLabeler.TVA508ImageListLabeler.Create
 0001:00005480       VA508ImageListLabeler.TVA508ImageListLabeler.Destroy
 0001:000054E8       VA508ImageListLabeler.TVA508ImageListLabeler.ImageIndexQuery
 0001:000055A0       VA508ImageListLabeler.TVA508ImageListLabeler.ImageListChange
 0001:00005640       VA508ImageListLabeler.TVA508ImageListLabeler.ItemChanged
 0001:00005660       VA508ImageListLabeler.TVA508ImageListLabeler.Loaded
 0001:00005688       VA508ImageListLabeler.TVA508ImageListLabeler.SaveChanges
 0001:000057D8       VA508ImageListLabeler.TVA508ImageListLabeler.Notification
 0001:00005804       VA508ImageListLabeler.TVA508ImageListLabeler.SetImageList
 0001:000059A4       VA508ImageListLabeler.TVA508ImageListLabeler.SetRemoteLabeler
 0001:000059CC       VA508ImageListLabeler.TVA508ImageListLabels.Add
 0001:000059D8       VA508ImageListLabeler.TVA508ImageListLabels.Create
 0001:00005AC8       VA508ImageListLabeler.TVA508ImageListLabels.Destroy
 0001:00005B0C       VA508ImageListLabeler.TVA508ImageListLabels.GetAttr
 0001:00005B28       VA508ImageListLabeler.TVA508ImageListLabels.GetAttrCount
 0001:00005B34       VA508ImageListLabeler.TVA508ImageListLabels.GetImageData
 0001:00005BA8       VA508ImageListLabeler.TVA508ImageListLabels.GetItem
 0001:00005BBC       VA508ImageListLabeler.TVA508ImageListLabels.GetItemAttr
 0001:00005C80       VA508ImageListLabeler.TVA508ImageListLabels.GetOverlayData
 0001:00005CF8       VA508ImageListLabeler.TVA508ImageListLabels.GetOwner
 0001:00005CFC       VA508ImageListLabeler.TVA508ImageListLabels.Notify
 0001:00005D10       VA508ImageListLabeler.TVA508ImageListLabels.ResetData
 0001:00005D2C       VA508ImageListLabeler.TVA508ImageListLabels.SetItem
 0001:00005D34       VA508ImageListLabeler.TVA508ImageListLabels.Update
 0001:00005D48       VA508ImageListLabeler.TVA508ImageListLabel.Assign
 0001:00005D84       VA508ImageListLabeler.TVA508ImageListLabel.Changed
[...]
   334 0001:000110D1   335 0001:000110D8   336 0001:000110F4   339 0001:0001110F
   340 0001:00011124   341 0001:0001112C   344 0001:00011162   347 0001:00011179
   348 0001:0001118E   349 0001:00011193   353 0001:000111CB   354 0001:000111E0
   357 0001:000111EF   365 0001:00011238   366 0001:0001125A   367 0001:00011269
   368 0001:00011277   371 0001:00011290   372 0001:0001129B   373 0001:000112B6
   372 0001:000112D0   378 0001:000112D8   379 0001:000112F0   381 0001:000112F8
   383 0001:00011306   384 0001:0001131F   385 0001:00011338   381 0001:0001133B
   387 0001:0001133E   388 0001:00011349   390 0001:00011364   391 0001:00011372
   392 0001:00011378   393 0001:000113B0   394 0001:000113B9   388 0001:000113BC
   399 0001:000113C1   400 0001:000113D9   405 0001:00011401   407 0001:00011411
   416 0001:0001145C   417 0001:0001147D   418 0001:00011482   419 0001:00011487
   423 0001:00011499   424 0001:000114A4   425 0001:000114B1   426 0001:000114C2
   429 0001:000114C7   433 0001:000114D4   434 0001:000114E4   435 0001:000114EE
   436 0001:000114FE   440 0001:00011515   442 0001:00011524   444 0001:0001153C
   445 0001:00011550   446 0001:00011568   447 0001:00011580   448 0001:00011598
   451 0001:000115AE   440 0001:000115AF   452 0001:000115B6   453 0001:000115BD
   617 0001:000115E4   618 0001:000115EB   625 0001:000115F0   626 0001:000115F7
   629 0001:000115FC   630 0001:000115FF   631 0001:00011605   632 0001:00011616
   633 0001:00011619   637 0001:0001161C   639 0001:0001161F   644 0001:00011624
   645 0001:00011642   646 0001:0001164E   647 0001:00011652   648 0001:00011687
   654 0001:000116B8   655 0001:000116D6   656 0001:000116E5   657 0001:000116F3
   658 0001:00011702   659 0001:00011714   658 0001:0001172B   661 0001:0001173B
   663 0001:0001174B   666 0001:00011774   667 0001:0001178D   668 0001:000117A1
   676 0001:000117C4   677 0001:000117E0   679 0001:000117E6   680 0001:000117EA
   681 0001:00011804   682 0001:00011811   681 0001:00011835   684 0001:00011838
   685 0001:0001183C   689 0001:0001186C   690 0001:00011873   694 0001:00011878
   695 0001:0001187D   698 0001:00011880   699 0001:00011883   700 0001:00011889
   701 0001:0001189A   702 0001:0001189D   706 0001:000118A0   707 0001:000118A6
   708 0001:000118B2   711 0001:000118B8   712 0001:000118D7   713 0001:000118E0
   714 0001:000118E5   715 0001:0001191B   724 0001:0001194C   725 0001:0001196F
   726 0001:0001197E   727 0001:0001198C   728 0001:000119A8   730 0001:000119B0
   731 0001:000119BE   730 0001:000119DA   733 0001:000119DD   734 0001:000119E8
   736 0001:000119FF   737 0001:00011A0D   738 0001:00011A13   739 0001:00011A4B
   740 0001:00011A54   734 0001:00011A57   742 0001:00011A67   744 0001:00011A77
   748 0001:00011AB4   749 0001:00011ACD   750 0001:00011AE1   756 0001:00011B04
   757 0001:00011B0B   760 0001:00011B10   761 0001:00011B13   763 0001:00011B3E
   765 0001:00011B59   767 0001:00011B74   769 0001:00011B8F   771 0001:00011BAA
   773 0001:00011BC5

Line numbers for VA508AccessibilityPE(VA508AccessibilityPE.pas) segment .itext

   775 0002:000002D8

Line numbers for VA508AccessibilityCompiler(VA508AccessibilityCompiler.pas) segment .text

    96 0001:00011E20    98 0001:00011E33    99 0001:00011E48   100 0001:00011E53
   102 0001:00011E65   103 0001:00011E87   104 0001:00011E91   107 0001:00011E9B
   112 0001:00011ECC   113 0001:00011EDF   115 0001:00011EF1   116 0001:00011F06
   118 0001:00011F0C   119 0001:00011F1A   120 0001:00011F24   122 0001:00011F2B
   124 0001:00011F35   127 0001:00011F68   128 0001:00011F6B   129 0001:00011F73
   130 0001:00011F77   131 0001:00011F7C   137 0001:00011F80   138 0001:00011F97
   139 0001:00011FA1   144 0001:00011FB4   145 0001:00011FB7   146 0001:00011FBA
   148 0001:00011FC3   149 0001:00011FCF   152 0001:00011FE0   153 0001:0001200A
   154 0001:0001200E   155 0001:0001204B   158 0001:0001207C   159 0001:000120A4
   160 0001:000120AB   162 0001:000120B7   164 0001:000120C4   166 0001:000120DC
   167 0001:000120ED   171 0001:0001214A   172 0001:0001215B   175 0001:0001216F
   177 0001:00012177   178 0001:00012180   182 0001:00012189   183 0001:00012195
   186 0001:00012388   187 0001:00012397   189 0001:000123A4   191 0001:000123AB
   196 0001:000123B4   201 0001:000123B8   205 0001:000123BC   206 0001:000123C0
   207 0001:000123C5   211 0001:000123C8   212 0001:000123CB   213 0001:000123D1
   214 0001:000123D6   218 0001:000123DC   219 0001:000123ED   222 0001:000123F0
   223 0001:00012403   224 0001:00012414   225 0001:0001241D   226 0001:00012424
   229 0001:00012440   230 0001:0001244B   231 0001:00012453   232 0001:0001245F
   236 0001:00012470   237 0001:00012474   240 0001:00012478   241 0001:0001247C
   242 0001:00012486   243 0001:0001248D   245 0001:00012496   246 0001:000124A5
   247 0001:000124AA   248 0001:000124AF   249 0001:000124B4   250 0001:000124B9
   251 0001:000124BD   252 0001:000124C1   253 0001:000124C5   254 0001:000124CA
   267 0001:000124D0   268 0001:00012507   270 0001:00012527   271 0001:00012529
   272 0001:00012538   273 0001:00012545   275 0001:00012549   276 0001:0001255D
   277 0001:0001256E   282 0001:00012597   283 0001:00012599   285 0001:000125E4
   286 0001:00012602   287 0001:00012611   289 0001:00012628   290 0001:00012634
   291 0001:00012640   293 0001:0001265B   294 0001:00012669   297 0001:000126B7
   298 0001:000126D4   291 0001:000126D7   300 0001:000126DA   301 0001:000126E0
   302 0001:000126E8   305 0001:00012754   306 0001:0001277B   307 0001:00012781
   308 0001:000127AB   311 0001:000127D4   312 0001:00012807   313 0001:0001280E
   314 0001:00012835   315 0001:00012838   316 0001:0001283C   317 0001:00012846
   320 0001:00012888   321 0001:000128BB   322 0001:000128C2   323 0001:000128E9
   324 0001:000128EC   325 0001:000128F0   326 0001:000128FA   329 0001:0001293C
   330 0001:0001295D   331 0001:00012964   332 0001:0001296E   339 0001:00012990
   340 0001:0001299B   342 0001:000129A2   343 0001:000129AC   346 0001:000129B8
   347 0001:000129C2   348 0001:000129C6   352 0001:000129D0   355 0001:000129D8
   356 0001:00012A0B   357 0001:00012A12   358 0001:00012A3E   359 0001:00012A48
   449 0001:00012A98   450 0001:00012AA1   451 0001:00012AA3   452 0001:00012AB5
   455 0001:00012AB8   456 0001:00012ACA   457 0001:00012AD9   453 0001:00012ADC
   459 0001:00012AEB   464 0001:00012AF0   465 0001:00012AF5   466 0001:00012AFD
   467 0001:00012B03   468 0001:00012B1B   469 0001:00012B30   470 0001:00012B37
   473 0001:00012B3C   474 0001:00012B5A   476 0001:00012B63   477 0001:00012B77
   478 0001:00012B7D   480 0001:00012B8E   483 0001:00012BB0   484 0001:00012BD7
   485 0001:00012C04   490 0001:00012C3C   491 0001:00012C61   492 0001:00012C6C
   493 0001:00012C73   494 0001:00012C93   496 0001:00012C97   497 0001:00012CB7
   499 0001:00012CC2   501 0001:00012CC6   502 0001:00012CD5   503 0001:00012CD9
   505 0001:00012D06   509 0001:00012D60   510 0001:00012D81   511 0001:00012D9E
   512 0001:00012DBD   513 0001:00012DC6   514 0001:00012DD4   519 0001:00012E00
   520 0001:00012E29   521 0001:00012E30   522 0001:00012E3F   524 0001:00012E44
   525 0001:00012E45   527 0001:00012E49   526 0001:00012E4A   528 0001:00012E58
   530 0001:00012E75   535 0001:00012EAC   536 0001:00012ECA   537 0001:00012EDA
   539 0001:00012EDE   540 0001:00012EF0   542 0001:00012EFD   547 0001:00012F20
   548 0001:00012F3F   549 0001:00012F41   550 0001:00012F51   551 0001:00012F55
   552 0001:00012F64   561 0001:00012F88   562 0001:00012FAE   563 0001:00012FC1
   564 0001:00012FC8   565 0001:00012FCB   566 0001:00012FCD   567 0001:00012FD1
   568 0001:00012FD5   569 0001:00012FDD   570 0001:00012FE1   573 0001:00012FE8
   574 0001:00013003   576 0001:0001300B   577 0001:00013018   579 0001:00013022
   581 0001:0001302C   583 0001:0001304B   584 0001:0001304F   586 0001:00013066
   588 0001:00013085   589 0001:00013089   592 0001:000130A0   593 0001:000130BF
   595 0001:000130E0   596 0001:000130F0   598 0001:000130F4   600 0001:0001310D
   602 0001:00013113   603 0001:00013122   605 0001:00013136   610 0001:00013146
   612 0001:00013159   613 0001:0001315D   614 0001:00013165   620 0001:0001316E
   622 0001:0001317D   623 0001:00013181   626 0001:0001318A   635 0001:0001319D
   636 0001:000131AC   640 0001:000131B0   642 0001:000131C1   644 0001:000131D4
   645 0001:000131E1   646 0001:0001320A   647 0001:00013217   648 0001:0001321C
   649 0001:00013224   652 0001:00013226   571 0001:00013227   654 0001:0001323A
   662 0001:000132D4   663 0001:000132F6   665 0001:00013315   666 0001:00013326
   667 0001:00013337   669 0001:00013349   670 0001:00013384   667 0001:00013385
   671 0001:00013388   663 0001:0001338B   672 0001:00013390   680 0001:000133EC
   681 0001:00013437   682 0001:00013445   684 0001:00013460   685 0001:000134A6
   686 0001:000134BA   688 0001:000134C3   689 0001:000134CC   690 0001:000134DD
   691 0001:000134E5   692 0001:000134EC   693 0001:00013506   694 0001:0001351A
   698 0001:00013526   699 0001:0001353D   700 0001:00013555   701 0001:00013582
   702 0001:0001358B   705 0001:00013596   706 0001:0001359F   707 0001:000135B4
   708 0001:000135BE   707 0001:000135CF   709 0001:000135D2   712 0001:000135DE
   715 0001:000135F9   717 0001:0001360C   722 0001:00013660   723 0001:0001368F
   724 0001:00013693   725 0001:000136A1   727 0001:000136B1   728 0001:000136BE
   729 0001:000136C5   731 0001:000136CE   732 0001:000136EC   733 0001:000136F5
   734 0001:00013703   735 0001:00013707   736 0001:0001371D   735 0001:00013741
   740 0001:00013746   741 0001:00013750   742 0001:0001375D   744 0001:00013763
   745 0001:00013773   746 0001:0001378F   751 0001:000137AC   752 0001:000137B1
   755 0001:000137E8   756 0001:00013800   757 0001:00013802   759 0001:0001380B
   761 0001:0001381A   762 0001:00013836   764 0001:00013863   768 0001:00013886
   775 0001:000138C0   776 0001:000138DC   777 0001:000138E7   778 0001:000138EF
   779 0001:000138F3   780 0001:000138F7   781 0001:000138FB   782 0001:00013902
   783 0001:00013915   785 0001:0001391F   786 0001:0001392F   788 0001:0001395C
   789 0001:00013962   790 0001:0001396C   792 0001:00013972   793 0001:00013982
   797 0001:000139B8   798 0001:000139CE   803 0001:00013A64   804 0001:00013A7E
   806 0001:00013A9D   807 0001:00013AA9   808 0001:00013AC8   809 0001:00013AD6
   810 0001:00013AE4   812 0001:00013AFB   814 0001:00013B0E   804 0001:00013B11
   815 0001:00013B16   818 0001:00013B38   819 0001:00013B4D   821 0001:00013B65
   822 0001:00013B81   824 0001:00013B8A   827 0001:00013BA6   830 0001:00013BD0
   831 0001:00013BD6   832 0001:00013BE1   833 0001:00013BEF   835 0001:00013C04
   836 0001:00013C12   838 0001:00013C2E   841 0001:00013C40   843 0001:00013C53
   852 0001:00013C58   853 0001:00013C94   854 0001:00013CA4   855 0001:00013CB6
   856 0001:00013CC6   857 0001:00013CEB   859 0001:00013CF4   860 0001:00013D01
   863 0001:00013D06   864 0001:00013D10   865 0001:00013D1E   867 0001:00013D30
   868 0001:00013D3B   869 0001:00013D4A   870 0001:00013D51   871 0001:00013D57
   874 0001:00013D9D   878 0001:00013DEE   880 0001:00013E00   882 0001:00013E16
   883 0001:00013E24   884 0001:00013E32   885 0001:00013E41   886 0001:00013E4F
   887 0001:00013E5A   889 0001:00013E9A   890 0001:00013ECD   891 0001:00013EDA
   892 0001:00013EE5   893 0001:00013EEC   896 0001:00013F2D   899 0001:00013F58
   900 0001:00013F5A   903 0001:00013F79   907 0001:00014148   908 0001:00014166
   909 0001:00014173   925 0001:00014198   926 0001:000141B9   928 0001:000141D8
   929 0001:000141E8   930 0001:000141F9   931 0001:00014209   933 0001:00014212
   934 0001:0001421A   935 0001:00014228   934 0001:00014257   936 0001:0001425A
   939 0001:0001426D   940 0001:0001426F   941 0001:0001428F   943 0001:00014299
   944 0001:000142A7   946 0001:000142B4   947 0001:000142C1   948 0001:000142CD
   949 0001:000142DC   950 0001:000142EA   951 0001:000142F2   952 0001:000142FC
   953 0001:00014310   954 0001:0001431B   955 0001:0001432D   954 0001:00014348
   957 0001:00014358   961 0001:00014375   964 0001:00014385   965 0001:00014399
   966 0001:000143AA   967 0001:000143BE   926 0001:000143C1   968 0001:000143CA
   970 0001:000143E9   971 0001:000143F9   972 0001:00014409   974 0001:00014415
   975 0001:00014426   976 0001:00014437   977 0001:00014447   978 0001:00014455
   979 0001:0001445D   981 0001:0001446E   982 0001:00014476   983 0001:0001447A
   984 0001:00014485   985 0001:00014489   988 0001:0001449B   990 0001:000144C8
   992 0001:000144FA   996 0001:0001450C   997 0001:00014517   998 0001:0001451D
  1000 0001:0001452E   968 0001:00014531  1001 0001:0001453A  1006 0001:00014694
  1007 0001:000146B0  1009 0001:000146D2  1011 0001:000146FC  1012 0001:00014732
  1014 0001:0001473F  1015 0001:0001474D  1016 0001:00014769  1018 0001:00014772
  1019 0001:00014780  1020 0001:0001478E  1022 0001:000147AA  1024 0001:000147BC
  1028 0001:000147DC  1032 0001:000147EF  1007 0001:000147F2  1033 0001:000147FB
  1040 0001:00014838  1041 0001:0001485F  1042 0001:0001486D  1043 0001:00014895
  1044 0001:0001489A  1045 0001:000148AF  1046 0001:000148C3  1047 0001:000148D8
  1048 0001:00014917  1049 0001:00014929  1050 0001:0001493B  1052 0001:0001494A
  1053 0001:00014957  1054 0001:00014969  1055 0001:0001497F  1058 0001:0001498F
  1059 0001:0001499B  1061 0001:000149A6  1062 0001:000149C6  1063 0001:000149E6
  1065 0001:000149EE  1066 0001:000149F9  1067 0001:00014A04  1069 0001:00014A09
  1070 0001:00014A29  1071 0001:00014A4C  1072 0001:00014A59  1073 0001:00014A66
  1074 0001:00014A73  1059 0001:00014A80  1076 0001:00014A89  1079 0001:00014A96
  1080 0001:00014A9D  1088 0001:00014B1C  1089 0001:00014B39  1091 0001:00014B46
  1092 0001:00014B66  1093 0001:00014B76  1094 0001:00014B84  1095 0001:00014B96
  1096 0001:00014B98  1097 0001:00014B9A  1098 0001:00014BAC  1100 0001:00014BB9
  1101 0001:00014BC9  1102 0001:00014BE9  1103 0001:00014BEA  1104 0001:00014BEB
  1105 0001:00014BFB  1106 0001:00014C1B  1107 0001:00014C1C  1108 0001:00014C1D
  1109 0001:00014C38  1110 0001:00014C39  1111 0001:00014C54  1098 0001:00014C55
  1113 0001:00014C5E  1115 0001:00014C6F  1116 0001:00014C7A  1117 0001:00014C85
  1123 0001:00014CC4  1124 0001:00014CEA  1125 0001:00014CF1  1126 0001:00014CF9
  1127 0001:00014D01  1128 0001:00014D22  1130 0001:00014D57  1131 0001:00014D62
  1132 0001:00014D6D  1133 0001:00014D78  1135 0001:00014D7D  1136 0001:00014DAB
  1138 0001:00014DD8  1139 0001:00014DEA  1140 0001:00014DFC  1141 0001:00014E0E
  1143 0001:00014E22  1144 0001:00014E36  1145 0001:00014E4A  1146 0001:00014E60
  1148 0001:00014E6A  1149 0001:00014E70  1133 0001:00014E71  1150 0001:00014E7A
  1155 0001:00014EC4  1156 0001:00014ECB  1158 0001:00014EDD  1159 0001:00014EEB
  1160 0001:00014F1A  1161 0001:00014F26  1162 0001:00014F32  1163 0001:00014F3F
  1165 0001:00014F4C  1166 0001:00014F57  1167 0001:00014F62  1168 0001:00014F6D
  1170 0001:00014F7A  1173 0001:00014F8E  1174 0001:00014F93  1156 0001:00014F96
  1175 0001:00014FA0  1180 0001:00014FA8  1181 0001:00014FB4  1182 0001:00014FC5
  1181 0001:00014FD4  1183 0001:00014FD7  1184 0001:00014FDE  1185 0001:00014FE9
  1186 0001:00014FF0  1187 0001:00014FF6  1189 0001:00014FFC  1190 0001:00015033
  1191 0001:00015041  1194 0001:0001504A  1195 0001:00015051  1196 0001:00015058
  1197 0001:00015064  1192 0001:0001506B  1199 0001:00015077  1200 0001:00015083
  1203 0001:00015097  1205 0001:000150A6  1209 0001:000150F4  1211 0001:00015112

Line numbers for VA508AccessibilityCompiler(VA508AccessibilityCompiler.pas) segment .itext

  1206 0002:000002E0  1208 0002:000002F8

Line numbers for VA508ImageListLabelerPE(VA508ImageListLabelerPE.pas) segment .text

    86 0001:000158A4    87 0001:000158BF    88 0001:000158DA    89 0001:000158F5
    90 0001:00015910    91 0001:00015920   103 0001:00015974   104 0001:0001598A
   106 0001:00015993   107 0001:000159A9   108 0001:000159B9   115 0001:000159D8
   116 0001:000159DC   117 0001:000159E5   118 0001:000159EF   120 0001:000159F8
   121 0001:00015A08   125 0001:00015A18   126 0001:00015A1D   129 0001:00015A20
   130 0001:00015A2B   132 0001:00015A34   133 0001:00015A4C   135 0001:00015A53
   136 0001:00015A5F   140 0001:00015A70   141 0001:00015A77   147 0001:00015A78
   148 0001:00015A7E   149 0001:00015A85   150 0001:00015AA7   151 0001:00015ABD
   160 0001:00015AC4   161 0001:00015ACF   163 0001:00015ADA   164 0001:00015AEE
   165 0001:00015AFC   167 0001:00015B1B   168 0001:00015B33   169 0001:00015B43
   170 0001:00015B47   171 0001:00015B51   165 0001:00015B52   173 0001:00015B64
   176 0001:00015B80   180 0001:00015B88   181 0001:00015B9F   182 0001:00015BA6
   183 0001:00015BAD   184 0001:00015BB4   186 0001:00015BB6   192 0001:00015BB8
   193 0001:00015BB9   194 0001:00015BC2   196 0001:00015BC6   197 0001:00015BC9
   198 0001:00015BD0   201 0001:00015BD4   202 0001:00015BD6   203 0001:00015BDE
   204 0001:00015BE4   211 0001:00015BE8   212 0001:00015BF1   214 0001:00015C01
   215 0001:00015C0B   216 0001:00015C1F   217 0001:00015C2D   219 0001:00015C39
   220 0001:00015C57   221 0001:00015C6D   224 0001:00015C77   225 0001:00015C80
   227 0001:00015C8D   228 0001:00015C95   229 0001:00015CA3   230 0001:00015CB2
   231 0001:00015CB7   233 0001:00015CC6   235 0001:00015CD3   236 0001:00015CDE
   238 0001:00015D05   239 0001:00015D0F   240 0001:00015D1E   239 0001:00015D28
   241 0001:00015D2C   242 0001:00015D3C   244 0001:00015D4C   245 0001:00015D61
   246 0001:00015D76   247 0001:00015D84   248 0001:00015D95   249 0001:00015DA6
   250 0001:00015DB1   251 0001:00015DBC   252 0001:00015DD3   254 0001:00015DEA
   256 0001:00015E08   257 0001:00015E15   260 0001:00015E37   263 0001:00015E53
   272 0001:00015E58   273 0001:00015E68   274 0001:00015E71   276 0001:00015E87
   277 0001:00015E90   279 0001:00015EA6   281 0001:00015EAA   282 0001:00015EBE
   285 0001:00015EDC   287 0001:00015EF0   288 0001:00015EFF   289 0001:00015F13
   290 0001:00015F29   291 0001:00015F2D   294 0001:00015F45   295 0001:00015F51
   300 0001:00015F58   301 0001:00015F6F   303 0001:00015F9D   307 0001:00015FD4
   308 0001:00015FDE   309 0001:00015FE3   312 0001:00015FE4   313 0001:00015FED
   314 0001:00015FF1   316 0001:00015FFF   317 0001:0001600A   321 0001:00016034
   322 0001:00016039   332 0001:0001603C   333 0001:00016064   334 0001:00016075
   336 0001:0001607B   338 0001:00016086   339 0001:00016094   340 0001:000160DB
   336 0001:000160DE   342 0001:000160E1   348 0001:00016124   349 0001:00016146
   350 0001:0001614F   351 0001:0001615B   352 0001:0001615F   353 0001:00016195
   356 0001:000161D0   357 0001:000161D6   358 0001:000161E2   359 0001:000161FE
   365 0001:00016204   366 0001:0001621D   367 0001:00016227   368 0001:00016234
   369 0001:00016238   370 0001:00016246   371 0001:00016250   379 0001:00016280
   380 0001:00016284   381 0001:0001628D   382 0001:00016297   384 0001:000162A2
   385 0001:000162A9   391 0001:000162B4   392 0001:000162BA   393 0001:000162CA
   394 0001:000162D2   397 0001:000162E4   398 0001:000162EA   399 0001:000162F6
   400 0001:00016312

Line numbers for VA508ImageListLabelerPE(VA508ImageListLabelerPE.pas) segment .itext

   402 0002:00000310

Line numbers for .VA508Access2006(D:\perforce\cprs\OR_3_243V27\VA\VA508Accessibility\VA508Access2006.dpk) segment .itext

    58 0002:00000318

Bound resource files

VA508AccessibilityCompileInfo.dfm
VA508ImageListLabelerPE.dfm
VA508Access2006.res
VA508AccessibilityManager.dcr
VA508ImageListLabeler.dcr
VA508Access2006.drf


Program entry point at 0002:00000318
